<?xml version="1.0"?>
<link_info>
   <banner>TI ARM Linker PC v5.2.2</banner>
   <copyright>Copyright (c) 1996-2015 Texas Instruments Incorporated</copyright>
   <link_time>0x5ff09770</link_time>
   <link_errors>0x0</link_errors>
   <output_file>sensorTest.out</output_file>
   <entry_point>
      <name>_c_int00</name>
      <address>0x4e25</address>
   </entry_point>
   <input_file_list>
      <input_file id="fl-2">
         <path>.\</path>
         <kind>object</kind>
         <file>DS3231.obj</file>
         <name>DS3231.obj</name>
      </input_file>
      <input_file id="fl-3">
         <path>.\</path>
         <kind>object</kind>
         <file>bme280.obj</file>
         <name>bme280.obj</name>
      </input_file>
      <input_file id="fl-4">
         <path>.\</path>
         <kind>object</kind>
         <file>fpu.obj</file>
         <name>fpu.obj</name>
      </input_file>
      <input_file id="fl-5">
         <path>.\</path>
         <kind>object</kind>
         <file>ili9341_240x320x262K.obj</file>
         <name>ili9341_240x320x262K.obj</name>
      </input_file>
      <input_file id="fl-6">
         <path>.\</path>
         <kind>object</kind>
         <file>lm3s9b95_startup_ccs.obj</file>
         <name>lm3s9b95_startup_ccs.obj</name>
      </input_file>
      <input_file id="fl-7">
         <path>.\</path>
         <kind>object</kind>
         <file>main.obj</file>
         <name>main.obj</name>
      </input_file>
      <input_file id="fl-8">
         <path>.\</path>
         <kind>object</kind>
         <file>touch.obj</file>
         <name>touch.obj</name>
      </input_file>
      <input_file id="fl-f">
         <path>D:\CCS_libraries\Stellaris Peripheral\driverlib\rvmdk-cm3\</path>
         <kind>archive</kind>
         <file>driverlib-cm3.lib</file>
         <name>gpio.o</name>
      </input_file>
      <input_file id="fl-10">
         <path>D:\CCS_libraries\Stellaris Peripheral\driverlib\rvmdk-cm3\</path>
         <kind>archive</kind>
         <file>driverlib-cm3.lib</file>
         <name>i2c.o</name>
      </input_file>
      <input_file id="fl-11">
         <path>D:\CCS_libraries\Stellaris Peripheral\driverlib\rvmdk-cm3\</path>
         <kind>archive</kind>
         <file>driverlib-cm3.lib</file>
         <name>interrupt.o</name>
      </input_file>
      <input_file id="fl-12">
         <path>D:\CCS_libraries\Stellaris Peripheral\driverlib\rvmdk-cm3\</path>
         <kind>archive</kind>
         <file>driverlib-cm3.lib</file>
         <name>sysctl.o</name>
      </input_file>
      <input_file id="fl-13">
         <path>D:\CCS_libraries\Stellaris Peripheral\driverlib\rvmdk-cm3\</path>
         <kind>archive</kind>
         <file>driverlib-cm3.lib</file>
         <name>cpu.o</name>
      </input_file>
      <input_file id="fl-14">
         <path>D:\CCS_libraries\Stellaris Peripheral\grlib\ccs-cm3\Debug\</path>
         <kind>archive</kind>
         <file>grlib-cm3.lib</file>
         <name>fontcm14b.obj</name>
      </input_file>
      <input_file id="fl-15">
         <path>D:\CCS_libraries\Stellaris Peripheral\grlib\ccs-cm3\Debug\</path>
         <kind>archive</kind>
         <file>grlib-cm3.lib</file>
         <name>fontcm12.obj</name>
      </input_file>
      <input_file id="fl-16">
         <path>D:\CCS_libraries\Stellaris Peripheral\grlib\ccs-cm3\Debug\</path>
         <kind>archive</kind>
         <file>grlib-cm3.lib</file>
         <name>string.obj</name>
      </input_file>
      <input_file id="fl-17">
         <path>D:\CCS_libraries\Stellaris Peripheral\grlib\ccs-cm3\Debug\</path>
         <kind>archive</kind>
         <file>grlib-cm3.lib</file>
         <name>rectangle.obj</name>
      </input_file>
      <input_file id="fl-18">
         <path>D:\CCS_libraries\Stellaris Peripheral\grlib\ccs-cm3\Debug\</path>
         <kind>archive</kind>
         <file>grlib-cm3.lib</file>
         <name>line.obj</name>
      </input_file>
      <input_file id="fl-19">
         <path>D:\CCS_libraries\Stellaris Peripheral\grlib\ccs-cm3\Debug\</path>
         <kind>archive</kind>
         <file>grlib-cm3.lib</file>
         <name>context.obj</name>
      </input_file>
      <input_file id="fl-1a">
         <path>D:\CCS_libraries\Stellaris Peripheral\grlib\ccs-cm3\Debug\</path>
         <kind>archive</kind>
         <file>grlib-cm3.lib</file>
         <name>charmap.obj</name>
      </input_file>
      <input_file id="fl-13c">
         <path>D:\Code Composer Studio 6\CSS\ccsv6\tools\compiler\ti-cgt-arm_5.2.2\lib\</path>
         <kind>archive</kind>
         <file>rtsv7M3_T_le_eabi.lib</file>
         <name>boot.obj</name>
      </input_file>
      <input_file id="fl-13d">
         <path>D:\Code Composer Studio 6\CSS\ccsv6\tools\compiler\ti-cgt-arm_5.2.2\lib\</path>
         <kind>archive</kind>
         <file>rtsv7M3_T_le_eabi.lib</file>
         <name>copy_decompress_none.obj</name>
      </input_file>
      <input_file id="fl-13e">
         <path>D:\Code Composer Studio 6\CSS\ccsv6\tools\compiler\ti-cgt-arm_5.2.2\lib\</path>
         <kind>archive</kind>
         <file>rtsv7M3_T_le_eabi.lib</file>
         <name>copy_decompress_rle.obj</name>
      </input_file>
      <input_file id="fl-13f">
         <path>D:\Code Composer Studio 6\CSS\ccsv6\tools\compiler\ti-cgt-arm_5.2.2\lib\</path>
         <kind>archive</kind>
         <file>rtsv7M3_T_le_eabi.lib</file>
         <name>copy_zero_init.obj</name>
      </input_file>
      <input_file id="fl-140">
         <path>D:\Code Composer Studio 6\CSS\ccsv6\tools\compiler\ti-cgt-arm_5.2.2\lib\</path>
         <kind>archive</kind>
         <file>rtsv7M3_T_le_eabi.lib</file>
         <name>exit.obj</name>
      </input_file>
      <input_file id="fl-141">
         <path>D:\Code Composer Studio 6\CSS\ccsv6\tools\compiler\ti-cgt-arm_5.2.2\lib\</path>
         <kind>archive</kind>
         <file>rtsv7M3_T_le_eabi.lib</file>
         <name>fs_add_t2.obj</name>
      </input_file>
      <input_file id="fl-142">
         <path>D:\Code Composer Studio 6\CSS\ccsv6\tools\compiler\ti-cgt-arm_5.2.2\lib\</path>
         <kind>archive</kind>
         <file>rtsv7M3_T_le_eabi.lib</file>
         <name>fs_div_t2.obj</name>
      </input_file>
      <input_file id="fl-143">
         <path>D:\Code Composer Studio 6\CSS\ccsv6\tools\compiler\ti-cgt-arm_5.2.2\lib\</path>
         <kind>archive</kind>
         <file>rtsv7M3_T_le_eabi.lib</file>
         <name>fs_mul_t2.obj</name>
      </input_file>
      <input_file id="fl-144">
         <path>D:\Code Composer Studio 6\CSS\ccsv6\tools\compiler\ti-cgt-arm_5.2.2\lib\</path>
         <kind>archive</kind>
         <file>rtsv7M3_T_le_eabi.lib</file>
         <name>fs_tod_t2.obj</name>
      </input_file>
      <input_file id="fl-145">
         <path>D:\Code Composer Studio 6\CSS\ccsv6\tools\compiler\ti-cgt-arm_5.2.2\lib\</path>
         <kind>archive</kind>
         <file>rtsv7M3_T_le_eabi.lib</file>
         <name>fs_toi_t2.obj</name>
      </input_file>
      <input_file id="fl-146">
         <path>D:\Code Composer Studio 6\CSS\ccsv6\tools\compiler\ti-cgt-arm_5.2.2\lib\</path>
         <kind>archive</kind>
         <file>rtsv7M3_T_le_eabi.lib</file>
         <name>fs_tou_t2.obj</name>
      </input_file>
      <input_file id="fl-147">
         <path>D:\Code Composer Studio 6\CSS\ccsv6\tools\compiler\ti-cgt-arm_5.2.2\lib\</path>
         <kind>archive</kind>
         <file>rtsv7M3_T_le_eabi.lib</file>
         <name>i_tofs_t2.obj</name>
      </input_file>
      <input_file id="fl-148">
         <path>D:\Code Composer Studio 6\CSS\ccsv6\tools\compiler\ti-cgt-arm_5.2.2\lib\</path>
         <kind>archive</kind>
         <file>rtsv7M3_T_le_eabi.lib</file>
         <name>ll_div_t2.obj</name>
      </input_file>
      <input_file id="fl-149">
         <path>D:\Code Composer Studio 6\CSS\ccsv6\tools\compiler\ti-cgt-arm_5.2.2\lib\</path>
         <kind>archive</kind>
         <file>rtsv7M3_T_le_eabi.lib</file>
         <name>ll_mul_t2.obj</name>
      </input_file>
      <input_file id="fl-14a">
         <path>D:\Code Composer Studio 6\CSS\ccsv6\tools\compiler\ti-cgt-arm_5.2.2\lib\</path>
         <kind>archive</kind>
         <file>rtsv7M3_T_le_eabi.lib</file>
         <name>memcpy_t2.obj</name>
      </input_file>
      <input_file id="fl-14b">
         <path>D:\Code Composer Studio 6\CSS\ccsv6\tools\compiler\ti-cgt-arm_5.2.2\lib\</path>
         <kind>archive</kind>
         <file>rtsv7M3_T_le_eabi.lib</file>
         <name>memset_t2.obj</name>
      </input_file>
      <input_file id="fl-14c">
         <path>D:\Code Composer Studio 6\CSS\ccsv6\tools\compiler\ti-cgt-arm_5.2.2\lib\</path>
         <kind>archive</kind>
         <file>rtsv7M3_T_le_eabi.lib</file>
         <name>pre_init.obj</name>
      </input_file>
      <input_file id="fl-14d">
         <path>D:\Code Composer Studio 6\CSS\ccsv6\tools\compiler\ti-cgt-arm_5.2.2\lib\</path>
         <kind>archive</kind>
         <file>rtsv7M3_T_le_eabi.lib</file>
         <name>sprintf.obj</name>
      </input_file>
      <input_file id="fl-14e">
         <path>D:\Code Composer Studio 6\CSS\ccsv6\tools\compiler\ti-cgt-arm_5.2.2\lib\</path>
         <kind>archive</kind>
         <file>rtsv7M3_T_le_eabi.lib</file>
         <name>stkdepth_vars.obj</name>
      </input_file>
      <input_file id="fl-14f">
         <path>D:\Code Composer Studio 6\CSS\ccsv6\tools\compiler\ti-cgt-arm_5.2.2\lib\</path>
         <kind>archive</kind>
         <file>rtsv7M3_T_le_eabi.lib</file>
         <name>_lock.obj</name>
      </input_file>
      <input_file id="fl-150">
         <path>D:\Code Composer Studio 6\CSS\ccsv6\tools\compiler\ti-cgt-arm_5.2.2\lib\</path>
         <kind>archive</kind>
         <file>rtsv7M3_T_le_eabi.lib</file>
         <name>_printfi.obj</name>
      </input_file>
      <input_file id="fl-151">
         <path>D:\Code Composer Studio 6\CSS\ccsv6\tools\compiler\ti-cgt-arm_5.2.2\lib\</path>
         <kind>archive</kind>
         <file>rtsv7M3_T_le_eabi.lib</file>
         <name>args_main.obj</name>
      </input_file>
      <input_file id="fl-152">
         <path>D:\Code Composer Studio 6\CSS\ccsv6\tools\compiler\ti-cgt-arm_5.2.2\lib\</path>
         <kind>archive</kind>
         <file>rtsv7M3_T_le_eabi.lib</file>
         <name>atoi.obj</name>
      </input_file>
      <input_file id="fl-153">
         <path>D:\Code Composer Studio 6\CSS\ccsv6\tools\compiler\ti-cgt-arm_5.2.2\lib\</path>
         <kind>archive</kind>
         <file>rtsv7M3_T_le_eabi.lib</file>
         <name>autoinit.obj</name>
      </input_file>
      <input_file id="fl-154">
         <path>D:\Code Composer Studio 6\CSS\ccsv6\tools\compiler\ti-cgt-arm_5.2.2\lib\</path>
         <kind>archive</kind>
         <file>rtsv7M3_T_le_eabi.lib</file>
         <name>cpy_tbl.obj</name>
      </input_file>
      <input_file id="fl-155">
         <path>D:\Code Composer Studio 6\CSS\ccsv6\tools\compiler\ti-cgt-arm_5.2.2\lib\</path>
         <kind>archive</kind>
         <file>rtsv7M3_T_le_eabi.lib</file>
         <name>ctype.obj</name>
      </input_file>
      <input_file id="fl-156">
         <path>D:\Code Composer Studio 6\CSS\ccsv6\tools\compiler\ti-cgt-arm_5.2.2\lib\</path>
         <kind>archive</kind>
         <file>rtsv7M3_T_le_eabi.lib</file>
         <name>fd_add_t2.obj</name>
      </input_file>
      <input_file id="fl-157">
         <path>D:\Code Composer Studio 6\CSS\ccsv6\tools\compiler\ti-cgt-arm_5.2.2\lib\</path>
         <kind>archive</kind>
         <file>rtsv7M3_T_le_eabi.lib</file>
         <name>fd_cmp_t2.obj</name>
      </input_file>
      <input_file id="fl-158">
         <path>D:\Code Composer Studio 6\CSS\ccsv6\tools\compiler\ti-cgt-arm_5.2.2\lib\</path>
         <kind>archive</kind>
         <file>rtsv7M3_T_le_eabi.lib</file>
         <name>fd_div_t2.obj</name>
      </input_file>
      <input_file id="fl-159">
         <path>D:\Code Composer Studio 6\CSS\ccsv6\tools\compiler\ti-cgt-arm_5.2.2\lib\</path>
         <kind>archive</kind>
         <file>rtsv7M3_T_le_eabi.lib</file>
         <name>fd_mul_t2.obj</name>
      </input_file>
      <input_file id="fl-15a">
         <path>D:\Code Composer Studio 6\CSS\ccsv6\tools\compiler\ti-cgt-arm_5.2.2\lib\</path>
         <kind>archive</kind>
         <file>rtsv7M3_T_le_eabi.lib</file>
         <name>fd_toi_t2.obj</name>
      </input_file>
      <input_file id="fl-15b">
         <path>D:\Code Composer Studio 6\CSS\ccsv6\tools\compiler\ti-cgt-arm_5.2.2\lib\</path>
         <kind>archive</kind>
         <file>rtsv7M3_T_le_eabi.lib</file>
         <name>frexp.obj</name>
      </input_file>
      <input_file id="fl-15c">
         <path>D:\Code Composer Studio 6\CSS\ccsv6\tools\compiler\ti-cgt-arm_5.2.2\lib\</path>
         <kind>archive</kind>
         <file>rtsv7M3_T_le_eabi.lib</file>
         <name>i_tofd_t2.obj</name>
      </input_file>
      <input_file id="fl-15d">
         <path>D:\Code Composer Studio 6\CSS\ccsv6\tools\compiler\ti-cgt-arm_5.2.2\lib\</path>
         <kind>archive</kind>
         <file>rtsv7M3_T_le_eabi.lib</file>
         <name>ldexp.obj</name>
      </input_file>
      <input_file id="fl-15e">
         <path>D:\Code Composer Studio 6\CSS\ccsv6\tools\compiler\ti-cgt-arm_5.2.2\lib\</path>
         <kind>archive</kind>
         <file>rtsv7M3_T_le_eabi.lib</file>
         <name>ltoa.obj</name>
      </input_file>
      <input_file id="fl-15f">
         <path>D:\Code Composer Studio 6\CSS\ccsv6\tools\compiler\ti-cgt-arm_5.2.2\lib\</path>
         <kind>archive</kind>
         <file>rtsv7M3_T_le_eabi.lib</file>
         <name>memccpy.obj</name>
      </input_file>
      <input_file id="fl-160">
         <path>D:\Code Composer Studio 6\CSS\ccsv6\tools\compiler\ti-cgt-arm_5.2.2\lib\</path>
         <kind>archive</kind>
         <file>rtsv7M3_T_le_eabi.lib</file>
         <name>strchr.obj</name>
      </input_file>
      <input_file id="fl-161">
         <path>D:\Code Composer Studio 6\CSS\ccsv6\tools\compiler\ti-cgt-arm_5.2.2\lib\</path>
         <kind>archive</kind>
         <file>rtsv7M3_T_le_eabi.lib</file>
         <name>strlen.obj</name>
      </input_file>
      <input_file id="fl-162">
         <path>D:\Code Composer Studio 6\CSS\ccsv6\tools\compiler\ti-cgt-arm_5.2.2\lib\</path>
         <kind>archive</kind>
         <file>rtsv7M3_T_le_eabi.lib</file>
         <name>ull_div_t2.obj</name>
      </input_file>
      <input_file id="fl-163">
         <path>D:\Code Composer Studio 6\CSS\ccsv6\tools\compiler\ti-cgt-arm_5.2.2\lib\</path>
         <kind>archive</kind>
         <file>rtsv7M3_T_le_eabi.lib</file>
         <name>xdclass.obj</name>
      </input_file>
      <input_file id="fl-164">
         <path>D:\Code Composer Studio 6\CSS\ccsv6\tools\compiler\ti-cgt-arm_5.2.2\lib\</path>
         <kind>archive</kind>
         <file>rtsv7M3_T_le_eabi.lib</file>
         <name>xdscale.obj</name>
      </input_file>
      <input_file id="fl-165">
         <path>D:\Code Composer Studio 6\CSS\ccsv6\tools\compiler\ti-cgt-arm_5.2.2\lib\</path>
         <kind>archive</kind>
         <file>rtsv7M3_T_le_eabi.lib</file>
         <name>xdunscal.obj</name>
      </input_file>
      <input_file id="fl-166">
         <path>D:\Code Composer Studio 6\CSS\ccsv6\tools\compiler\ti-cgt-arm_5.2.2\lib\</path>
         <kind>archive</kind>
         <file>rtsv7M3_T_le_eabi.lib</file>
         <name>xferaise.obj</name>
      </input_file>
      <input_file id="fl-167">
         <path>D:\Code Composer Studio 6\CSS\ccsv6\tools\compiler\ti-cgt-arm_5.2.2\lib\</path>
         <kind>archive</kind>
         <file>rtsv7M3_T_le_eabi.lib</file>
         <name>xvalues.obj</name>
      </input_file>
      <input_file id="fl-168">
         <path>D:\Code Composer Studio 6\CSS\ccsv6\tools\compiler\ti-cgt-arm_5.2.2\lib\</path>
         <kind>archive</kind>
         <file>rtsv7M3_T_le_eabi.lib</file>
         <name>errno.obj</name>
      </input_file>
      <input_file id="fl-169">
         <path>D:\Code Composer Studio 6\CSS\ccsv6\tools\compiler\ti-cgt-arm_5.2.2\lib\</path>
         <kind>archive</kind>
         <file>rtsv7M3_T_le_eabi.lib</file>
         <name>feraiseexcept.obj</name>
      </input_file>
      <input_file id="fl-16a">
         <path>D:\Code Composer Studio 6\CSS\ccsv6\tools\compiler\ti-cgt-arm_5.2.2\lib\</path>
         <kind>archive</kind>
         <file>rtsv7M3_T_le_eabi.lib</file>
         <name>raise.obj</name>
      </input_file>
      <input_file id="fl-16b">
         <path>D:\Code Composer Studio 6\CSS\ccsv6\tools\compiler\ti-cgt-arm_5.2.2\lib\</path>
         <kind>archive</kind>
         <file>rtsv7M3_T_le_eabi.lib</file>
         <name>signal.obj</name>
      </input_file>
      <input_file id="fl-16c">
         <path>D:\Code Composer Studio 6\CSS\ccsv6\tools\compiler\ti-cgt-arm_5.2.2\lib\</path>
         <kind>archive</kind>
         <file>rtsv7M3_T_le_eabi.lib</file>
         <name>xdnorm.obj</name>
      </input_file>
   </input_file_list>
   <object_component_list>
      <object_component id="oc-f">
         <name>.intvecs</name>
         <load_address>0x0</load_address>
         <run_address>0x0</run_address>
         <size>0x11c</size>
         <input_file_ref idref="fl-6"/>
      </object_component>
      <object_component id="oc-17a">
         <name>.text</name>
         <load_address>0x11c</load_address>
         <run_address>0x11c</run_address>
         <size>0x109a</size>
         <input_file_ref idref="fl-150"/>
      </object_component>
      <object_component id="oc-e3">
         <name>.text</name>
         <load_address>0x11b8</load_address>
         <run_address>0x11b8</run_address>
         <size>0x1064</size>
         <input_file_ref idref="fl-3"/>
      </object_component>
      <object_component id="oc-134">
         <name>.text</name>
         <load_address>0x221c</load_address>
         <run_address>0x221c</run_address>
         <size>0x9b4</size>
         <input_file_ref idref="fl-5"/>
      </object_component>
      <object_component id="oc-9d">
         <name>.text</name>
         <load_address>0x2bd0</load_address>
         <run_address>0x2bd0</run_address>
         <size>0x6e0</size>
         <input_file_ref idref="fl-7"/>
      </object_component>
      <object_component id="oc-13e">
         <name>.text</name>
         <load_address>0x32b0</load_address>
         <run_address>0x32b0</run_address>
         <size>0x58c</size>
         <input_file_ref idref="fl-2"/>
      </object_component>
      <object_component id="oc-2a7">
         <name>.text:GrFontGlyphRender</name>
         <load_address>0x383c</load_address>
         <run_address>0x383c</run_address>
         <size>0x266</size>
         <input_file_ref idref="fl-16"/>
      </object_component>
      <object_component id="oc-1a9">
         <name>.text</name>
         <load_address>0x3aa2</load_address>
         <run_address>0x3aa2</run_address>
         <size>0x220</size>
         <input_file_ref idref="fl-148"/>
      </object_component>
      <object_component id="oc-213">
         <name>.text</name>
         <load_address>0x3cc2</load_address>
         <run_address>0x3cc2</run_address>
         <size>0x1f4</size>
         <input_file_ref idref="fl-162"/>
      </object_component>
      <object_component id="oc-242">
         <name>.text</name>
         <load_address>0x3eb6</load_address>
         <run_address>0x3eb6</run_address>
         <size>0x1b6</size>
         <input_file_ref idref="fl-156"/>
      </object_component>
      <object_component id="oc-228">
         <name>.text</name>
         <load_address>0x406c</load_address>
         <run_address>0x406c</run_address>
         <size>0x136</size>
         <input_file_ref idref="fl-158"/>
      </object_component>
      <object_component id="oc-2ce">
         <name>.text</name>
         <load_address>0x41a4</load_address>
         <run_address>0x41a4</run_address>
         <size>0x110</size>
         <input_file_ref idref="fl-164"/>
      </object_component>
      <object_component id="oc-223">
         <name>.text</name>
         <load_address>0x42b4</load_address>
         <run_address>0x42b4</run_address>
         <size>0xfc</size>
         <input_file_ref idref="fl-159"/>
      </object_component>
      <object_component id="oc-1fc">
         <name>.text:GrDefaultStringRenderer</name>
         <load_address>0x43b0</load_address>
         <run_address>0x43b0</run_address>
         <size>0xc4</size>
         <input_file_ref idref="fl-16"/>
      </object_component>
      <object_component id="oc-2f8">
         <name>.text</name>
         <load_address>0x4474</load_address>
         <run_address>0x4474</run_address>
         <size>0xbe</size>
         <input_file_ref idref="fl-16c"/>
      </object_component>
      <object_component id="oc-33">
         <name>.text</name>
         <load_address>0x4532</load_address>
         <run_address>0x4532</run_address>
         <size>0x9c</size>
         <input_file_ref idref="fl-14a"/>
      </object_component>
      <object_component id="oc-be">
         <name>.text:GrRectFill</name>
         <load_address>0x45ce</load_address>
         <run_address>0x45ce</run_address>
         <size>0x9a</size>
         <input_file_ref idref="fl-17"/>
      </object_component>
      <object_component id="oc-d9">
         <name>.text</name>
         <load_address>0x4668</load_address>
         <run_address>0x4668</run_address>
         <size>0x92</size>
         <input_file_ref idref="fl-142"/>
      </object_component>
      <object_component id="oc-1e7">
         <name>.text:TFT_HW_SetRect</name>
         <load_address>0x46fc</load_address>
         <run_address>0x46fc</run_address>
         <size>0x90</size>
         <input_file_ref idref="fl-5"/>
      </object_component>
      <object_component id="oc-21e">
         <name>.text:__aeabi_cdcmple</name>
         <load_address>0x478c</load_address>
         <run_address>0x478c</run_address>
         <size>0x86</size>
         <input_file_ref idref="fl-157"/>
      </object_component>
      <object_component id="oc-22d">
         <name>.text:__aeabi_cdrcmple</name>
         <load_address>0x4812</load_address>
         <run_address>0x4812</run_address>
         <size>0x86</size>
         <input_file_ref idref="fl-157"/>
      </object_component>
      <object_component id="oc-4c">
         <name>.text</name>
         <load_address>0x4898</load_address>
         <run_address>0x4898</run_address>
         <size>0x7a</size>
         <input_file_ref idref="fl-14b"/>
      </object_component>
      <object_component id="oc-5e">
         <name>.text</name>
         <load_address>0x4914</load_address>
         <run_address>0x4914</run_address>
         <size>0x6c</size>
         <input_file_ref idref="fl-153"/>
      </object_component>
      <object_component id="oc-3f">
         <name>.text</name>
         <load_address>0x4980</load_address>
         <run_address>0x4980</run_address>
         <size>0x6a</size>
         <input_file_ref idref="fl-13e"/>
      </object_component>
      <object_component id="oc-c8">
         <name>.text:GrStringWidthGet</name>
         <load_address>0x49ea</load_address>
         <run_address>0x49ea</run_address>
         <size>0x68</size>
         <input_file_ref idref="fl-16"/>
      </object_component>
      <object_component id="oc-2c6">
         <name>.text</name>
         <load_address>0x4a52</load_address>
         <run_address>0x4a52</run_address>
         <size>0x66</size>
         <input_file_ref idref="fl-165"/>
      </object_component>
      <object_component id="oc-13a">
         <name>.text:GrContextInit</name>
         <load_address>0x4ab8</load_address>
         <run_address>0x4ab8</run_address>
         <size>0x64</size>
         <input_file_ref idref="fl-19"/>
      </object_component>
      <object_component id="oc-c2">
         <name>.text</name>
         <load_address>0x4b1c</load_address>
         <run_address>0x4b1c</run_address>
         <size>0x60</size>
         <input_file_ref idref="fl-14d"/>
      </object_component>
      <object_component id="oc-27f">
         <name>.text:FontWideGlyphDataGet</name>
         <load_address>0x4b7c</load_address>
         <run_address>0x4b7c</run_address>
         <size>0x5c</size>
         <input_file_ref idref="fl-16"/>
      </object_component>
      <object_component id="oc-237">
         <name>.text</name>
         <load_address>0x4bd8</load_address>
         <run_address>0x4bd8</run_address>
         <size>0x56</size>
         <input_file_ref idref="fl-15e"/>
      </object_component>
      <object_component id="oc-265">
         <name>.text</name>
         <load_address>0x4c30</load_address>
         <run_address>0x4c30</run_address>
         <size>0x4c</size>
         <input_file_ref idref="fl-152"/>
      </object_component>
      <object_component id="oc-95">
         <name>.text</name>
         <load_address>0x4c7c</load_address>
         <run_address>0x4c7c</run_address>
         <size>0x4c</size>
         <input_file_ref idref="fl-154"/>
      </object_component>
      <object_component id="oc-1b0">
         <name>.text:UpdateContextCharMapping</name>
         <load_address>0x4cc8</load_address>
         <run_address>0x4cc8</run_address>
         <size>0x4a</size>
         <input_file_ref idref="fl-16"/>
      </object_component>
      <object_component id="oc-232">
         <name>.text</name>
         <load_address>0x4d12</load_address>
         <run_address>0x4d12</run_address>
         <size>0x48</size>
         <input_file_ref idref="fl-15a"/>
      </object_component>
      <object_component id="oc-24d">
         <name>.text</name>
         <load_address>0x4d5a</load_address>
         <run_address>0x4d5a</run_address>
         <size>0x46</size>
         <input_file_ref idref="fl-15d"/>
      </object_component>
      <object_component id="oc-6a">
         <name>.text</name>
         <load_address>0x4da0</load_address>
         <run_address>0x4da0</run_address>
         <size>0x44</size>
         <input_file_ref idref="fl-140"/>
      </object_component>
      <object_component id="oc-341">
         <name>.text</name>
         <load_address>0x4de4</load_address>
         <run_address>0x4de4</run_address>
         <size>0x40</size>
         <input_file_ref idref="fl-16b"/>
      </object_component>
      <object_component id="oc-24">
         <name>.text</name>
         <load_address>0x4e24</load_address>
         <run_address>0x4e24</run_address>
         <size>0x3c</size>
         <input_file_ref idref="fl-13c"/>
      </object_component>
      <object_component id="oc-283">
         <name>.text:FontGlyphDataGet</name>
         <load_address>0x4e60</load_address>
         <run_address>0x4e60</run_address>
         <size>0x3a</size>
         <input_file_ref idref="fl-16"/>
      </object_component>
      <object_component id="oc-de">
         <name>.text</name>
         <load_address>0x4e9a</load_address>
         <run_address>0x4e9a</run_address>
         <size>0x38</size>
         <input_file_ref idref="fl-144"/>
      </object_component>
      <object_component id="oc-d4">
         <name>.text</name>
         <load_address>0x4ed2</load_address>
         <run_address>0x4ed2</run_address>
         <size>0x38</size>
         <input_file_ref idref="fl-147"/>
      </object_component>
      <object_component id="oc-307">
         <name>.text</name>
         <load_address>0x4f0c</load_address>
         <run_address>0x4f0c</run_address>
         <size>0x34</size>
         <input_file_ref idref="fl-169"/>
      </object_component>
      <object_component id="oc-2d4">
         <name>.text</name>
         <load_address>0x4f40</load_address>
         <run_address>0x4f40</run_address>
         <size>0x30</size>
         <input_file_ref idref="fl-166"/>
      </object_component>
      <object_component id="oc-23d">
         <name>.text</name>
         <load_address>0x4f70</load_address>
         <run_address>0x4f70</run_address>
         <size>0x2e</size>
         <input_file_ref idref="fl-15c"/>
      </object_component>
      <object_component id="oc-331">
         <name>.text</name>
         <load_address>0x4f9e</load_address>
         <run_address>0x4f9e</run_address>
         <size>0x2e</size>
         <input_file_ref idref="fl-16a"/>
      </object_component>
      <object_component id="oc-cc">
         <name>.text:GrFontBaselineGet</name>
         <load_address>0x4fcc</load_address>
         <run_address>0x4fcc</run_address>
         <size>0x2a</size>
         <input_file_ref idref="fl-16"/>
      </object_component>
      <object_component id="oc-259">
         <name>.text</name>
         <load_address>0x4ff6</load_address>
         <run_address>0x4ff6</run_address>
         <size>0x2a</size>
         <input_file_ref idref="fl-163"/>
      </object_component>
      <object_component id="oc-187">
         <name>.text:GrStringNextCharGet</name>
         <load_address>0x5020</load_address>
         <run_address>0x5020</run_address>
         <size>0x28</size>
         <input_file_ref idref="fl-16"/>
      </object_component>
      <object_component id="oc-1ee">
         <name>.text:TFT_HW_Write</name>
         <load_address>0x5048</load_address>
         <run_address>0x5048</run_address>
         <size>0x28</size>
         <input_file_ref idref="fl-5"/>
      </object_component>
      <object_component id="oc-18f">
         <name>.text:GrFontInfoGet</name>
         <load_address>0x5070</load_address>
         <run_address>0x5070</run_address>
         <size>0x26</size>
         <input_file_ref idref="fl-16"/>
      </object_component>
      <object_component id="oc-18b">
         <name>.text:GrFontGlyphDataGet</name>
         <load_address>0x5096</load_address>
         <run_address>0x5096</run_address>
         <size>0x22</size>
         <input_file_ref idref="fl-16"/>
      </object_component>
      <object_component id="oc-247">
         <name>.text</name>
         <load_address>0x50b8</load_address>
         <run_address>0x50b8</run_address>
         <size>0x22</size>
         <input_file_ref idref="fl-15b"/>
      </object_component>
      <object_component id="oc-293">
         <name>.text:GrFontCodepageGet</name>
         <load_address>0x50da</load_address>
         <run_address>0x50da</run_address>
         <size>0x1e</size>
         <input_file_ref idref="fl-16"/>
      </object_component>
      <object_component id="oc-25f">
         <name>.text</name>
         <load_address>0x50f8</load_address>
         <run_address>0x50f8</run_address>
         <size>0x1a</size>
         <input_file_ref idref="fl-15f"/>
      </object_component>
      <object_component id="oc-64">
         <name>.text</name>
         <load_address>0x5114</load_address>
         <run_address>0x5114</run_address>
         <size>0x18</size>
         <input_file_ref idref="fl-151"/>
      </object_component>
      <object_component id="oc-1a4">
         <name>.text</name>
         <load_address>0x512c</load_address>
         <run_address>0x512c</run_address>
         <size>0x18</size>
         <input_file_ref idref="fl-149"/>
      </object_component>
      <object_component id="oc-253">
         <name>.text</name>
         <load_address>0x5144</load_address>
         <run_address>0x5144</run_address>
         <size>0x16</size>
         <input_file_ref idref="fl-160"/>
      </object_component>
      <object_component id="oc-15f">
         <name>.text</name>
         <load_address>0x515c</load_address>
         <run_address>0x515c</run_address>
         <size>0x14</size>
         <input_file_ref idref="fl-14f"/>
      </object_component>
      <object_component id="oc-218">
         <name>.text</name>
         <load_address>0x5170</load_address>
         <run_address>0x5170</run_address>
         <size>0x14</size>
         <input_file_ref idref="fl-161"/>
      </object_component>
      <object_component id="oc-d0">
         <name>.text:GrStringDraw</name>
         <load_address>0x5184</load_address>
         <run_address>0x5184</run_address>
         <size>0x10</size>
         <input_file_ref idref="fl-16"/>
      </object_component>
      <object_component id="oc-12">
         <name>.text:decompress:none</name>
         <load_address>0x5194</load_address>
         <run_address>0x5194</run_address>
         <size>0xe</size>
         <input_file_ref idref="fl-13d"/>
      </object_component>
      <object_component id="oc-1e">
         <name>.text:decompress:ZI</name>
         <load_address>0x51a2</load_address>
         <run_address>0x51a2</run_address>
         <size>0xc</size>
         <input_file_ref idref="fl-13f"/>
      </object_component>
      <object_component id="oc-2a">
         <name>.text</name>
         <load_address>0x51ae</load_address>
         <run_address>0x51ae</run_address>
         <size>0xc</size>
         <input_file_ref idref="fl-6"/>
      </object_component>
      <object_component id="oc-2ac">
         <name>.text:GrMapISO8859_1_Unicode</name>
         <load_address>0x51ba</load_address>
         <run_address>0x51ba</run_address>
         <size>0x8</size>
         <input_file_ref idref="fl-1a"/>
      </object_component>
      <object_component id="oc-e9">
         <name>.text:GrContextFontSet</name>
         <load_address>0x51c2</load_address>
         <run_address>0x51c2</run_address>
         <size>0x6</size>
         <input_file_ref idref="fl-16"/>
      </object_component>
      <object_component id="oc-18">
         <name>.text:decompress:rle24</name>
         <load_address>0x51c8</load_address>
         <run_address>0x51c8</run_address>
         <size>0x6</size>
         <input_file_ref idref="fl-13e"/>
      </object_component>
      <object_component id="oc-58">
         <name>.text</name>
         <load_address>0x51ce</load_address>
         <run_address>0x51ce</run_address>
         <size>0x4</size>
         <input_file_ref idref="fl-14c"/>
      </object_component>
      <object_component id="oc-3bd">
         <name>.tramp.I2CMasterEnable.1</name>
         <load_address>0x51d4</load_address>
         <run_address>0x51d4</run_address>
         <size>0x8</size>
         <input_file_ref idref="fl-10"/>
      </object_component>
      <object_component id="oc-3bc">
         <name>.tramp.I2CMasterInitExpClk.1</name>
         <load_address>0x51dc</load_address>
         <run_address>0x51dc</run_address>
         <size>0x8</size>
         <input_file_ref idref="fl-10"/>
      </object_component>
      <object_component id="oc-3bb">
         <name>.tramp.SysCtlClockGet.1</name>
         <load_address>0x51e4</load_address>
         <run_address>0x51e4</run_address>
         <size>0x8</size>
         <input_file_ref idref="fl-12"/>
      </object_component>
      <object_component id="oc-3ba">
         <name>.tramp.GPIOPinConfigure.1</name>
         <load_address>0x51ec</load_address>
         <run_address>0x51ec</run_address>
         <size>0x8</size>
         <input_file_ref idref="fl-f"/>
      </object_component>
      <object_component id="oc-3b9">
         <name>.tramp.GPIOPinTypeI2C.1</name>
         <load_address>0x51f4</load_address>
         <run_address>0x51f4</run_address>
         <size>0x8</size>
         <input_file_ref idref="fl-f"/>
      </object_component>
      <object_component id="oc-3b8">
         <name>.tramp.SysCtlPeripheralEnable.1</name>
         <load_address>0x51fc</load_address>
         <run_address>0x51fc</run_address>
         <size>0x8</size>
         <input_file_ref idref="fl-12"/>
      </object_component>
      <object_component id="oc-3b7">
         <name>.tramp.I2CMasterDataGet.1</name>
         <load_address>0x5204</load_address>
         <run_address>0x5204</run_address>
         <size>0x8</size>
         <input_file_ref idref="fl-10"/>
      </object_component>
      <object_component id="oc-3b6">
         <name>.tramp.I2CMasterErr.1</name>
         <load_address>0x520c</load_address>
         <run_address>0x520c</run_address>
         <size>0x8</size>
         <input_file_ref idref="fl-10"/>
      </object_component>
      <object_component id="oc-3b5">
         <name>.tramp.I2CMasterControl.1</name>
         <load_address>0x5214</load_address>
         <run_address>0x5214</run_address>
         <size>0x8</size>
         <input_file_ref idref="fl-10"/>
      </object_component>
      <object_component id="oc-3b4">
         <name>.tramp.I2CMasterDataPut.1</name>
         <load_address>0x521c</load_address>
         <run_address>0x521c</run_address>
         <size>0x8</size>
         <input_file_ref idref="fl-10"/>
      </object_component>
      <object_component id="oc-3b3">
         <name>.tramp.I2CMasterSlaveAddrSet.1</name>
         <load_address>0x5224</load_address>
         <run_address>0x5224</run_address>
         <size>0x8</size>
         <input_file_ref idref="fl-10"/>
      </object_component>
      <object_component id="oc-3b2">
         <name>.tramp.I2CMasterBusy.1</name>
         <load_address>0x522c</load_address>
         <run_address>0x522c</run_address>
         <size>0x8</size>
         <input_file_ref idref="fl-10"/>
      </object_component>
      <object_component id="oc-3b1">
         <name>.tramp.SysCtlDelay.1</name>
         <load_address>0x5234</load_address>
         <run_address>0x5234</run_address>
         <size>0x8</size>
         <input_file_ref idref="fl-12"/>
      </object_component>
      <object_component id="oc-3b0">
         <name>.tramp.SysCtlGPIOAHBEnable.1</name>
         <load_address>0x523c</load_address>
         <run_address>0x523c</run_address>
         <size>0x8</size>
         <input_file_ref idref="fl-12"/>
      </object_component>
      <object_component id="oc-1c8">
         <name>.const:g_pucCm12Data</name>
         <load_address>0x5244</load_address>
         <run_address>0x5244</run_address>
         <size>0x55f</size>
         <input_file_ref idref="fl-15"/>
      </object_component>
      <object_component id="oc-2e2">
         <name>.const:.string:_ctypes_</name>
         <load_address>0x57a3</load_address>
         <run_address>0x57a3</run_address>
         <size>0x101</size>
         <input_file_ref idref="fl-155"/>
      </object_component>
      <object_component id="oc-110">
         <name>.const:g_sFontCm12</name>
         <load_address>0x58a4</load_address>
         <run_address>0x58a4</run_address>
         <size>0xc8</size>
         <input_file_ref idref="fl-15"/>
      </object_component>
      <object_component id="oc-144">
         <name>.const:g_sILI9341_240x320x262K</name>
         <load_address>0x596c</load_address>
         <run_address>0x596c</run_address>
         <size>0x28</size>
         <input_file_ref idref="fl-5"/>
      </object_component>
      <object_component id="oc-200">
         <name>.const</name>
         <load_address>0x5994</load_address>
         <run_address>0x5994</run_address>
         <size>0x10</size>
         <input_file_ref idref="fl-19"/>
      </object_component>
      <object_component id="oc-19e">
         <name>.const</name>
         <load_address>0x59a4</load_address>
         <run_address>0x59a4</run_address>
         <size>0xc</size>
         <input_file_ref idref="fl-3"/>
      </object_component>
      <object_component id="oc-1a1">
         <name>.const:.string</name>
         <load_address>0x59b0</load_address>
         <run_address>0x59b0</run_address>
         <size>0x6</size>
         <input_file_ref idref="fl-3"/>
      </object_component>
      <object_component id="oc-3ad">
         <name>.cinit..data.load</name>
         <load_address>0x6020</load_address>
         <run_address>0x6020</run_address>
         <size>0x42</size>
      </object_component>
      <object_component id="oc-3ab">
         <name>__TI_handler_table</name>
         <load_address>0x6064</load_address>
         <run_address>0x6064</run_address>
         <size>0xc</size>
      </object_component>
      <object_component id="oc-3ae">
         <name>.cinit..bss.load</name>
         <load_address>0x6070</load_address>
         <run_address>0x6070</run_address>
         <size>0x8</size>
      </object_component>
      <object_component id="oc-3ac">
         <name>__TI_cinit_table</name>
         <load_address>0x6078</load_address>
         <run_address>0x6078</run_address>
         <size>0x10</size>
      </object_component>
      <object_component id="oc-29">
         <name>.stack</name>
         <uninitialized>true</uninitialized>
         <run_address>0x20000000</run_address>
         <size>0x0</size>
         <input_file_ref idref="fl-13c"/>
      </object_component>
      <object_component id="oc-3af">
         <name>.stack</name>
         <uninitialized>true</uninitialized>
         <run_address>0x20000000</run_address>
         <size>0x0</size>
      </object_component>
      <object_component id="oc-ed">
         <name>.bss:sContext</name>
         <uninitialized>true</uninitialized>
         <run_address>0x20000954</run_address>
         <size>0x2c</size>
         <input_file_ref idref="fl-7"/>
      </object_component>
      <object_component id="oc-202">
         <name>.bss</name>
         <uninitialized>true</uninitialized>
         <run_address>0x20000980</run_address>
         <size>0x4</size>
         <input_file_ref idref="fl-19"/>
      </object_component>
      <object_component id="oc-10d">
         <name>.data</name>
         <load_address>0x20000950</load_address>
         <run_address>0x20000950</run_address>
         <size>0x1</size>
         <input_file_ref idref="fl-7"/>
      </object_component>
      <object_component id="oc-a8">
         <name>.data</name>
         <load_address>0x20000938</load_address>
         <run_address>0x20000938</run_address>
         <size>0x8</size>
         <input_file_ref idref="fl-140"/>
      </object_component>
      <object_component id="oc-70">
         <name>.data</name>
         <load_address>0x2000094c</load_address>
         <run_address>0x2000094c</run_address>
         <size>0x4</size>
         <input_file_ref idref="fl-14e"/>
      </object_component>
      <object_component id="oc-a5">
         <name>.data</name>
         <load_address>0x20000930</load_address>
         <run_address>0x20000930</run_address>
         <size>0x8</size>
         <input_file_ref idref="fl-14f"/>
      </object_component>
      <object_component id="oc-302">
         <name>.data</name>
         <load_address>0x200008b0</load_address>
         <run_address>0x200008b0</run_address>
         <size>0x80</size>
         <input_file_ref idref="fl-167"/>
      </object_component>
      <object_component id="oc-30d">
         <name>.data</name>
         <load_address>0x20000948</load_address>
         <run_address>0x20000948</run_address>
         <size>0x4</size>
         <input_file_ref idref="fl-168"/>
      </object_component>
      <object_component id="oc-337">
         <name>.data</name>
         <load_address>0x20000940</load_address>
         <run_address>0x20000940</run_address>
         <size>0x8</size>
         <input_file_ref idref="fl-169"/>
      </object_component>
      <object_component id="oc-352">
         <name>.data:sigtable</name>
         <load_address>0x20000800</load_address>
         <run_address>0x20000800</run_address>
         <size>0xb0</size>
         <input_file_ref idref="fl-16b"/>
      </object_component>
      <object_component id="oc-207">
         <name>.debug_info</name>
         <load_address>0x0</load_address>
         <run_address>0x0</run_address>
         <size>0x26c</size>
         <input_file_ref idref="fl-2"/>
      </object_component>
      <object_component id="oc-13f">
         <name>.debug_info</name>
         <load_address>0x26c</load_address>
         <run_address>0x26c</run_address>
         <size>0x11b0</size>
         <input_file_ref idref="fl-2"/>
      </object_component>
      <object_component id="oc-153">
         <name>.debug_info</name>
         <load_address>0x141c</load_address>
         <run_address>0x141c</run_address>
         <size>0x27d</size>
         <input_file_ref idref="fl-2"/>
      </object_component>
      <object_component id="oc-77">
         <name>.debug_info</name>
         <load_address>0x1699</load_address>
         <run_address>0x1699</run_address>
         <size>0x84</size>
         <input_file_ref idref="fl-2"/>
      </object_component>
      <object_component id="oc-7c">
         <name>.debug_info</name>
         <load_address>0x171d</load_address>
         <run_address>0x171d</run_address>
         <size>0x18b</size>
         <input_file_ref idref="fl-2"/>
      </object_component>
      <object_component id="oc-1c3">
         <name>.debug_info</name>
         <load_address>0x18a8</load_address>
         <run_address>0x18a8</run_address>
         <size>0x2c</size>
         <input_file_ref idref="fl-2"/>
      </object_component>
      <object_component id="oc-182">
         <name>.debug_info</name>
         <load_address>0x18d4</load_address>
         <run_address>0x18d4</run_address>
         <size>0x4e</size>
         <input_file_ref idref="fl-2"/>
      </object_component>
      <object_component id="oc-1af">
         <name>.debug_info</name>
         <load_address>0x1922</load_address>
         <run_address>0x1922</run_address>
         <size>0x1e4</size>
         <input_file_ref idref="fl-3"/>
      </object_component>
      <object_component id="oc-19f">
         <name>.debug_info</name>
         <load_address>0x1b06</load_address>
         <run_address>0x1b06</run_address>
         <size>0xd2</size>
         <input_file_ref idref="fl-3"/>
      </object_component>
      <object_component id="oc-1a2">
         <name>.debug_info</name>
         <load_address>0x1bd8</load_address>
         <run_address>0x1bd8</run_address>
         <size>0xd2</size>
         <input_file_ref idref="fl-3"/>
      </object_component>
      <object_component id="oc-e4">
         <name>.debug_info</name>
         <load_address>0x1caa</load_address>
         <run_address>0x1caa</run_address>
         <size>0x2a57</size>
         <input_file_ref idref="fl-3"/>
      </object_component>
      <object_component id="oc-14e">
         <name>.debug_info</name>
         <load_address>0x4701</load_address>
         <run_address>0x4701</run_address>
         <size>0x3e7</size>
         <input_file_ref idref="fl-3"/>
      </object_component>
      <object_component id="oc-1fb">
         <name>.debug_info</name>
         <load_address>0x4ae8</load_address>
         <run_address>0x4ae8</run_address>
         <size>0x34c</size>
         <input_file_ref idref="fl-5"/>
      </object_component>
      <object_component id="oc-145">
         <name>.debug_info</name>
         <load_address>0x4e34</load_address>
         <run_address>0x4e34</run_address>
         <size>0x101</size>
         <input_file_ref idref="fl-5"/>
      </object_component>
      <object_component id="oc-1f0">
         <name>.debug_info</name>
         <load_address>0x4f35</load_address>
         <run_address>0x4f35</run_address>
         <size>0x157</size>
         <input_file_ref idref="fl-5"/>
      </object_component>
      <object_component id="oc-1e9">
         <name>.debug_info</name>
         <load_address>0x508c</load_address>
         <run_address>0x508c</run_address>
         <size>0x266</size>
         <input_file_ref idref="fl-5"/>
      </object_component>
      <object_component id="oc-136">
         <name>.debug_info</name>
         <load_address>0x52f2</load_address>
         <run_address>0x52f2</run_address>
         <size>0x16d8</size>
         <input_file_ref idref="fl-5"/>
      </object_component>
      <object_component id="oc-148">
         <name>.debug_info</name>
         <load_address>0x69ca</load_address>
         <run_address>0x69ca</run_address>
         <size>0x6bb</size>
         <input_file_ref idref="fl-5"/>
      </object_component>
      <object_component id="oc-32">
         <name>.debug_info</name>
         <load_address>0x7085</load_address>
         <run_address>0x7085</run_address>
         <size>0x105</size>
         <input_file_ref idref="fl-6"/>
      </object_component>
      <object_component id="oc-10">
         <name>.debug_info</name>
         <load_address>0x718a</load_address>
         <run_address>0x718a</run_address>
         <size>0xea</size>
         <input_file_ref idref="fl-6"/>
      </object_component>
      <object_component id="oc-2b">
         <name>.debug_info</name>
         <load_address>0x7274</load_address>
         <run_address>0x7274</run_address>
         <size>0x23d</size>
         <input_file_ref idref="fl-6"/>
      </object_component>
      <object_component id="oc-14d">
         <name>.debug_info</name>
         <load_address>0x74b1</load_address>
         <run_address>0x74b1</run_address>
         <size>0x9c1</size>
         <input_file_ref idref="fl-7"/>
      </object_component>
      <object_component id="oc-10e">
         <name>.debug_info</name>
         <load_address>0x7e72</load_address>
         <run_address>0x7e72</run_address>
         <size>0xce</size>
         <input_file_ref idref="fl-7"/>
      </object_component>
      <object_component id="oc-ee">
         <name>.debug_info</name>
         <load_address>0x7f40</load_address>
         <run_address>0x7f40</run_address>
         <size>0xd2</size>
         <input_file_ref idref="fl-7"/>
      </object_component>
      <object_component id="oc-9e">
         <name>.debug_info</name>
         <load_address>0x8012</load_address>
         <run_address>0x8012</run_address>
         <size>0x116b</size>
         <input_file_ref idref="fl-7"/>
      </object_component>
      <object_component id="oc-1de">
         <name>.debug_info</name>
         <load_address>0x917d</load_address>
         <run_address>0x917d</run_address>
         <size>0x8c</size>
         <input_file_ref idref="fl-f"/>
      </object_component>
      <object_component id="oc-1d3">
         <name>.debug_info</name>
         <load_address>0x9209</load_address>
         <run_address>0x9209</run_address>
         <size>0xec</size>
         <input_file_ref idref="fl-f"/>
      </object_component>
      <object_component id="oc-1d8">
         <name>.debug_info</name>
         <load_address>0x92f5</load_address>
         <run_address>0x92f5</run_address>
         <size>0x100</size>
         <input_file_ref idref="fl-f"/>
      </object_component>
      <object_component id="oc-11e">
         <name>.debug_info</name>
         <load_address>0x93f5</load_address>
         <run_address>0x93f5</run_address>
         <size>0xdc</size>
         <input_file_ref idref="fl-f"/>
      </object_component>
      <object_component id="oc-124">
         <name>.debug_info</name>
         <load_address>0x94d1</load_address>
         <run_address>0x94d1</run_address>
         <size>0xe0</size>
         <input_file_ref idref="fl-f"/>
      </object_component>
      <object_component id="oc-1b9">
         <name>.debug_info</name>
         <load_address>0x95b1</load_address>
         <run_address>0x95b1</run_address>
         <size>0xa0</size>
         <input_file_ref idref="fl-f"/>
      </object_component>
      <object_component id="oc-2a1">
         <name>.debug_info</name>
         <load_address>0x9651</load_address>
         <run_address>0x9651</run_address>
         <size>0xec</size>
         <input_file_ref idref="fl-f"/>
      </object_component>
      <object_component id="oc-132">
         <name>.debug_info</name>
         <load_address>0x973d</load_address>
         <run_address>0x973d</run_address>
         <size>0x94</size>
         <input_file_ref idref="fl-10"/>
      </object_component>
      <object_component id="oc-12d">
         <name>.debug_info</name>
         <load_address>0x97d1</load_address>
         <run_address>0x97d1</run_address>
         <size>0x114</size>
         <input_file_ref idref="fl-10"/>
      </object_component>
      <object_component id="oc-fb">
         <name>.debug_info</name>
         <load_address>0x98e5</load_address>
         <run_address>0x98e5</run_address>
         <size>0xfc</size>
         <input_file_ref idref="fl-10"/>
      </object_component>
      <object_component id="oc-f6">
         <name>.debug_info</name>
         <load_address>0x99e1</load_address>
         <run_address>0x99e1</run_address>
         <size>0xd4</size>
         <input_file_ref idref="fl-10"/>
      </object_component>
      <object_component id="oc-105">
         <name>.debug_info</name>
         <load_address>0x9ab5</load_address>
         <run_address>0x9ab5</run_address>
         <size>0xcc</size>
         <input_file_ref idref="fl-10"/>
      </object_component>
      <object_component id="oc-10a">
         <name>.debug_info</name>
         <load_address>0x9b81</load_address>
         <run_address>0x9b81</run_address>
         <size>0xd8</size>
         <input_file_ref idref="fl-10"/>
      </object_component>
      <object_component id="oc-100">
         <name>.debug_info</name>
         <load_address>0x9c59</load_address>
         <run_address>0x9c59</run_address>
         <size>0xdc</size>
         <input_file_ref idref="fl-10"/>
      </object_component>
      <object_component id="oc-114">
         <name>.debug_info</name>
         <load_address>0x9d35</load_address>
         <run_address>0x9d35</run_address>
         <size>0xd0</size>
         <input_file_ref idref="fl-10"/>
      </object_component>
      <object_component id="oc-1e2">
         <name>.debug_info</name>
         <load_address>0x9e05</load_address>
         <run_address>0x9e05</run_address>
         <size>0x138</size>
         <input_file_ref idref="fl-10"/>
      </object_component>
      <object_component id="oc-f2">
         <name>.debug_info</name>
         <load_address>0x9f3d</load_address>
         <run_address>0x9f3d</run_address>
         <size>0x88</size>
         <input_file_ref idref="fl-12"/>
      </object_component>
      <object_component id="oc-1cf">
         <name>.debug_info</name>
         <load_address>0x9fc5</load_address>
         <run_address>0x9fc5</run_address>
         <size>0x184</size>
         <input_file_ref idref="fl-12"/>
      </object_component>
      <object_component id="oc-119">
         <name>.debug_info</name>
         <load_address>0xa149</load_address>
         <run_address>0xa149</run_address>
         <size>0xcc</size>
         <input_file_ref idref="fl-12"/>
      </object_component>
      <object_component id="oc-128">
         <name>.debug_info</name>
         <load_address>0xa215</load_address>
         <run_address>0xa215</run_address>
         <size>0xf8</size>
         <input_file_ref idref="fl-12"/>
      </object_component>
      <object_component id="oc-1f7">
         <name>.debug_info</name>
         <load_address>0xa30d</load_address>
         <run_address>0xa30d</run_address>
         <size>0xcc</size>
         <input_file_ref idref="fl-12"/>
      </object_component>
      <object_component id="oc-29c">
         <name>.debug_info</name>
         <load_address>0xa3d9</load_address>
         <run_address>0xa3d9</run_address>
         <size>0x124</size>
         <input_file_ref idref="fl-12"/>
      </object_component>
      <object_component id="oc-212">
         <name>.debug_info</name>
         <load_address>0xa4fd</load_address>
         <run_address>0xa4fd</run_address>
         <size>0x5a1</size>
         <input_file_ref idref="fl-14"/>
      </object_component>
      <object_component id="oc-176">
         <name>.debug_info</name>
         <load_address>0xaa9e</load_address>
         <run_address>0xaa9e</run_address>
         <size>0x68b</size>
         <input_file_ref idref="fl-14"/>
      </object_component>
      <object_component id="oc-194">
         <name>.debug_info</name>
         <load_address>0xb129</load_address>
         <run_address>0xb129</run_address>
         <size>0x8b</size>
         <input_file_ref idref="fl-14"/>
      </object_component>
      <object_component id="oc-1cc">
         <name>.debug_info</name>
         <load_address>0xb1b4</load_address>
         <run_address>0xb1b4</run_address>
         <size>0x5a0</size>
         <input_file_ref idref="fl-15"/>
      </object_component>
      <object_component id="oc-1c9">
         <name>.debug_info</name>
         <load_address>0xb754</load_address>
         <run_address>0xb754</run_address>
         <size>0x114</size>
         <input_file_ref idref="fl-15"/>
      </object_component>
      <object_component id="oc-111">
         <name>.debug_info</name>
         <load_address>0xb868</load_address>
         <run_address>0xb868</run_address>
         <size>0x111</size>
         <input_file_ref idref="fl-15"/>
      </object_component>
      <object_component id="oc-198">
         <name>.debug_info</name>
         <load_address>0xb979</load_address>
         <run_address>0xb979</run_address>
         <size>0x625</size>
         <input_file_ref idref="fl-16"/>
      </object_component>
      <object_component id="oc-188">
         <name>.debug_info</name>
         <load_address>0xbf9e</load_address>
         <run_address>0xbf9e</run_address>
         <size>0x25d</size>
         <input_file_ref idref="fl-16"/>
      </object_component>
      <object_component id="oc-280">
         <name>.debug_info</name>
         <load_address>0xc1fb</load_address>
         <run_address>0xc1fb</run_address>
         <size>0x305</size>
         <input_file_ref idref="fl-16"/>
      </object_component>
      <object_component id="oc-284">
         <name>.debug_info</name>
         <load_address>0xc500</load_address>
         <run_address>0xc500</run_address>
         <size>0x29e</size>
         <input_file_ref idref="fl-16"/>
      </object_component>
      <object_component id="oc-18c">
         <name>.debug_info</name>
         <load_address>0xc79e</load_address>
         <run_address>0xc79e</run_address>
         <size>0x22b</size>
         <input_file_ref idref="fl-16"/>
      </object_component>
      <object_component id="oc-190">
         <name>.debug_info</name>
         <load_address>0xc9c9</load_address>
         <run_address>0xc9c9</run_address>
         <size>0x29c</size>
         <input_file_ref idref="fl-16"/>
      </object_component>
      <object_component id="oc-ca">
         <name>.debug_info</name>
         <load_address>0xcc65</load_address>
         <run_address>0xcc65</run_address>
         <size>0x451</size>
         <input_file_ref idref="fl-16"/>
      </object_component>
      <object_component id="oc-d1">
         <name>.debug_info</name>
         <load_address>0xd0b6</load_address>
         <run_address>0xd0b6</run_address>
         <size>0x220</size>
         <input_file_ref idref="fl-16"/>
      </object_component>
      <object_component id="oc-294">
         <name>.debug_info</name>
         <load_address>0xd2d6</load_address>
         <run_address>0xd2d6</run_address>
         <size>0x1bf</size>
         <input_file_ref idref="fl-16"/>
      </object_component>
      <object_component id="oc-1b1">
         <name>.debug_info</name>
         <load_address>0xd495</load_address>
         <run_address>0xd495</run_address>
         <size>0x2bb</size>
         <input_file_ref idref="fl-16"/>
      </object_component>
      <object_component id="oc-2a8">
         <name>.debug_info</name>
         <load_address>0xd750</load_address>
         <run_address>0xd750</run_address>
         <size>0x87e</size>
         <input_file_ref idref="fl-16"/>
      </object_component>
      <object_component id="oc-cd">
         <name>.debug_info</name>
         <load_address>0xdfce</load_address>
         <run_address>0xdfce</run_address>
         <size>0x229</size>
         <input_file_ref idref="fl-16"/>
      </object_component>
      <object_component id="oc-1fd">
         <name>.debug_info</name>
         <load_address>0xe1f7</load_address>
         <run_address>0xe1f7</run_address>
         <size>0x4c8</size>
         <input_file_ref idref="fl-16"/>
      </object_component>
      <object_component id="oc-eb">
         <name>.debug_info</name>
         <load_address>0xe6bf</load_address>
         <run_address>0xe6bf</run_address>
         <size>0x1fe</size>
         <input_file_ref idref="fl-16"/>
      </object_component>
      <object_component id="oc-320">
         <name>.debug_info</name>
         <load_address>0xe8bd</load_address>
         <run_address>0xe8bd</run_address>
         <size>0x2c</size>
         <input_file_ref idref="fl-16"/>
      </object_component>
      <object_component id="oc-175">
         <name>.debug_info</name>
         <load_address>0xe8e9</load_address>
         <run_address>0xe8e9</run_address>
         <size>0x617</size>
         <input_file_ref idref="fl-17"/>
      </object_component>
      <object_component id="oc-bf">
         <name>.debug_info</name>
         <load_address>0xef00</load_address>
         <run_address>0xef00</run_address>
         <size>0x1f9</size>
         <input_file_ref idref="fl-17"/>
      </object_component>
      <object_component id="oc-205">
         <name>.debug_info</name>
         <load_address>0xf0f9</load_address>
         <run_address>0xf0f9</run_address>
         <size>0x66c</size>
         <input_file_ref idref="fl-19"/>
      </object_component>
      <object_component id="oc-203">
         <name>.debug_info</name>
         <load_address>0xf765</load_address>
         <run_address>0xf765</run_address>
         <size>0x115</size>
         <input_file_ref idref="fl-19"/>
      </object_component>
      <object_component id="oc-201">
         <name>.debug_info</name>
         <load_address>0xf87a</load_address>
         <run_address>0xf87a</run_address>
         <size>0x12c</size>
         <input_file_ref idref="fl-19"/>
      </object_component>
      <object_component id="oc-13b">
         <name>.debug_info</name>
         <load_address>0xf9a6</load_address>
         <run_address>0xf9a6</run_address>
         <size>0x1ea</size>
         <input_file_ref idref="fl-19"/>
      </object_component>
      <object_component id="oc-2f3">
         <name>.debug_info</name>
         <load_address>0xfb90</load_address>
         <run_address>0xfb90</run_address>
         <size>0x5f7</size>
         <input_file_ref idref="fl-1a"/>
      </object_component>
      <object_component id="oc-2ad">
         <name>.debug_info</name>
         <load_address>0x10187</load_address>
         <run_address>0x10187</run_address>
         <size>0x21a</size>
         <input_file_ref idref="fl-1a"/>
      </object_component>
      <object_component id="oc-25">
         <name>.debug_info</name>
         <load_address>0x103a1</load_address>
         <run_address>0x103a1</run_address>
         <size>0x138</size>
         <input_file_ref idref="fl-13c"/>
      </object_component>
      <object_component id="oc-3e">
         <name>.debug_info</name>
         <load_address>0x104d9</load_address>
         <run_address>0x104d9</run_address>
         <size>0x123</size>
         <input_file_ref idref="fl-13d"/>
      </object_component>
      <object_component id="oc-14">
         <name>.debug_info</name>
         <load_address>0x105fc</load_address>
         <run_address>0x105fc</run_address>
         <size>0x1c2</size>
         <input_file_ref idref="fl-13d"/>
      </object_component>
      <object_component id="oc-39">
         <name>.debug_info</name>
         <load_address>0x107be</load_address>
         <run_address>0x107be</run_address>
         <size>0x46</size>
         <input_file_ref idref="fl-13d"/>
      </object_component>
      <object_component id="oc-82">
         <name>.debug_info</name>
         <load_address>0x10804</load_address>
         <run_address>0x10804</run_address>
         <size>0x2c</size>
         <input_file_ref idref="fl-13d"/>
      </object_component>
      <object_component id="oc-46">
         <name>.debug_info</name>
         <load_address>0x10830</load_address>
         <run_address>0x10830</run_address>
         <size>0x117</size>
         <input_file_ref idref="fl-13e"/>
      </object_component>
      <object_component id="oc-41">
         <name>.debug_info</name>
         <load_address>0x10947</load_address>
         <run_address>0x10947</run_address>
         <size>0x22a</size>
         <input_file_ref idref="fl-13e"/>
      </object_component>
      <object_component id="oc-1b">
         <name>.debug_info</name>
         <load_address>0x10b71</load_address>
         <run_address>0x10b71</run_address>
         <size>0x1bc</size>
         <input_file_ref idref="fl-13e"/>
      </object_component>
      <object_component id="oc-47">
         <name>.debug_info</name>
         <load_address>0x10d2d</load_address>
         <run_address>0x10d2d</run_address>
         <size>0x39</size>
         <input_file_ref idref="fl-13e"/>
      </object_component>
      <object_component id="oc-8c">
         <name>.debug_info</name>
         <load_address>0x10d66</load_address>
         <run_address>0x10d66</run_address>
         <size>0x2c</size>
         <input_file_ref idref="fl-13e"/>
      </object_component>
      <object_component id="oc-57">
         <name>.debug_info</name>
         <load_address>0x10d92</load_address>
         <run_address>0x10d92</run_address>
         <size>0x112</size>
         <input_file_ref idref="fl-13f"/>
      </object_component>
      <object_component id="oc-1f">
         <name>.debug_info</name>
         <load_address>0x10ea4</load_address>
         <run_address>0x10ea4</run_address>
         <size>0x18d</size>
         <input_file_ref idref="fl-13f"/>
      </object_component>
      <object_component id="oc-52">
         <name>.debug_info</name>
         <load_address>0x11031</load_address>
         <run_address>0x11031</run_address>
         <size>0x46</size>
         <input_file_ref idref="fl-13f"/>
      </object_component>
      <object_component id="oc-ac">
         <name>.debug_info</name>
         <load_address>0x11077</load_address>
         <run_address>0x11077</run_address>
         <size>0x174</size>
         <input_file_ref idref="fl-140"/>
      </object_component>
      <object_component id="oc-a9">
         <name>.debug_info</name>
         <load_address>0x111eb</load_address>
         <run_address>0x111eb</run_address>
         <size>0x119</size>
         <input_file_ref idref="fl-140"/>
      </object_component>
      <object_component id="oc-6b">
         <name>.debug_info</name>
         <load_address>0x11304</load_address>
         <run_address>0x11304</run_address>
         <size>0x1f0</size>
         <input_file_ref idref="fl-140"/>
      </object_component>
      <object_component id="oc-db">
         <name>.debug_info</name>
         <load_address>0x114f4</load_address>
         <run_address>0x114f4</run_address>
         <size>0x11b</size>
         <input_file_ref idref="fl-142"/>
      </object_component>
      <object_component id="oc-df">
         <name>.debug_info</name>
         <load_address>0x1160f</load_address>
         <run_address>0x1160f</run_address>
         <size>0x10d</size>
         <input_file_ref idref="fl-144"/>
      </object_component>
      <object_component id="oc-d6">
         <name>.debug_info</name>
         <load_address>0x1171c</load_address>
         <run_address>0x1171c</run_address>
         <size>0x10a</size>
         <input_file_ref idref="fl-147"/>
      </object_component>
      <object_component id="oc-1ab">
         <name>.debug_info</name>
         <load_address>0x11826</load_address>
         <run_address>0x11826</run_address>
         <size>0x165</size>
         <input_file_ref idref="fl-148"/>
      </object_component>
      <object_component id="oc-1a6">
         <name>.debug_info</name>
         <load_address>0x1198b</load_address>
         <run_address>0x1198b</run_address>
         <size>0x103</size>
         <input_file_ref idref="fl-149"/>
      </object_component>
      <object_component id="oc-36">
         <name>.debug_info</name>
         <load_address>0x11a8e</load_address>
         <run_address>0x11a8e</run_address>
         <size>0xfa</size>
         <input_file_ref idref="fl-14a"/>
      </object_component>
      <object_component id="oc-4e">
         <name>.debug_info</name>
         <load_address>0x11b88</load_address>
         <run_address>0x11b88</run_address>
         <size>0x12a</size>
         <input_file_ref idref="fl-14b"/>
      </object_component>
      <object_component id="oc-59">
         <name>.debug_info</name>
         <load_address>0x11cb2</load_address>
         <run_address>0x11cb2</run_address>
         <size>0x12b</size>
         <input_file_ref idref="fl-14c"/>
      </object_component>
      <object_component id="oc-181">
         <name>.debug_info</name>
         <load_address>0x11ddd</load_address>
         <run_address>0x11ddd</run_address>
         <size>0x19e</size>
         <input_file_ref idref="fl-14d"/>
      </object_component>
      <object_component id="oc-c5">
         <name>.debug_info</name>
         <load_address>0x11f7b</load_address>
         <run_address>0x11f7b</run_address>
         <size>0x2e3</size>
         <input_file_ref idref="fl-14d"/>
      </object_component>
      <object_component id="oc-272">
         <name>.debug_info</name>
         <load_address>0x1225e</load_address>
         <run_address>0x1225e</run_address>
         <size>0x2c</size>
         <input_file_ref idref="fl-14d"/>
      </object_component>
      <object_component id="oc-71">
         <name>.debug_info</name>
         <load_address>0x1228a</load_address>
         <run_address>0x1228a</run_address>
         <size>0xec</size>
         <input_file_ref idref="fl-14e"/>
      </object_component>
      <object_component id="oc-167">
         <name>.debug_info</name>
         <load_address>0x12376</load_address>
         <run_address>0x12376</run_address>
         <size>0x107</size>
         <input_file_ref idref="fl-14f"/>
      </object_component>
      <object_component id="oc-a6">
         <name>.debug_info</name>
         <load_address>0x1247d</load_address>
         <run_address>0x1247d</run_address>
         <size>0xf6</size>
         <input_file_ref idref="fl-14f"/>
      </object_component>
      <object_component id="oc-161">
         <name>.debug_info</name>
         <load_address>0x12573</load_address>
         <run_address>0x12573</run_address>
         <size>0x202</size>
         <input_file_ref idref="fl-14f"/>
      </object_component>
      <object_component id="oc-26c">
         <name>.debug_info</name>
         <load_address>0x12775</load_address>
         <run_address>0x12775</run_address>
         <size>0x3ae</size>
         <input_file_ref idref="fl-150"/>
      </object_component>
      <object_component id="oc-17b">
         <name>.debug_info</name>
         <load_address>0x12b23</load_address>
         <run_address>0x12b23</run_address>
         <size>0x1811</size>
         <input_file_ref idref="fl-150"/>
      </object_component>
      <object_component id="oc-26d">
         <name>.debug_info</name>
         <load_address>0x14334</load_address>
         <run_address>0x14334</run_address>
         <size>0x86</size>
         <input_file_ref idref="fl-150"/>
      </object_component>
      <object_component id="oc-2e9">
         <name>.debug_info</name>
         <load_address>0x143ba</load_address>
         <run_address>0x143ba</run_address>
         <size>0x46</size>
         <input_file_ref idref="fl-150"/>
      </object_component>
      <object_component id="oc-277">
         <name>.debug_info</name>
         <load_address>0x14400</load_address>
         <run_address>0x14400</run_address>
         <size>0x39</size>
         <input_file_ref idref="fl-150"/>
      </object_component>
      <object_component id="oc-a4">
         <name>.debug_info</name>
         <load_address>0x14439</load_address>
         <run_address>0x14439</run_address>
         <size>0x149</size>
         <input_file_ref idref="fl-151"/>
      </object_component>
      <object_component id="oc-65">
         <name>.debug_info</name>
         <load_address>0x14582</load_address>
         <run_address>0x14582</run_address>
         <size>0x14a</size>
         <input_file_ref idref="fl-151"/>
      </object_component>
      <object_component id="oc-15a">
         <name>.debug_info</name>
         <load_address>0x146cc</load_address>
         <run_address>0x146cc</run_address>
         <size>0x5e</size>
         <input_file_ref idref="fl-151"/>
      </object_component>
      <object_component id="oc-2e6">
         <name>.debug_info</name>
         <load_address>0x1472a</load_address>
         <run_address>0x1472a</run_address>
         <size>0xf7</size>
         <input_file_ref idref="fl-152"/>
      </object_component>
      <object_component id="oc-266">
         <name>.debug_info</name>
         <load_address>0x14821</load_address>
         <run_address>0x14821</run_address>
         <size>0x154</size>
         <input_file_ref idref="fl-152"/>
      </object_component>
      <object_component id="oc-9c">
         <name>.debug_info</name>
         <load_address>0x14975</load_address>
         <run_address>0x14975</run_address>
         <size>0x2a0</size>
         <input_file_ref idref="fl-153"/>
      </object_component>
      <object_component id="oc-5f">
         <name>.debug_info</name>
         <load_address>0x14c15</load_address>
         <run_address>0x14c15</run_address>
         <size>0x194</size>
         <input_file_ref idref="fl-153"/>
      </object_component>
      <object_component id="oc-b4">
         <name>.debug_info</name>
         <load_address>0x14da9</load_address>
         <run_address>0x14da9</run_address>
         <size>0x39</size>
         <input_file_ref idref="fl-153"/>
      </object_component>
      <object_component id="oc-b9">
         <name>.debug_info</name>
         <load_address>0x14de2</load_address>
         <run_address>0x14de2</run_address>
         <size>0xcd</size>
         <input_file_ref idref="fl-153"/>
      </object_component>
      <object_component id="oc-b1">
         <name>.debug_info</name>
         <load_address>0x14eaf</load_address>
         <run_address>0x14eaf</run_address>
         <size>0x1c3</size>
         <input_file_ref idref="fl-154"/>
      </object_component>
      <object_component id="oc-98">
         <name>.debug_info</name>
         <load_address>0x15072</load_address>
         <run_address>0x15072</run_address>
         <size>0x17f</size>
         <input_file_ref idref="fl-154"/>
      </object_component>
      <object_component id="oc-16f">
         <name>.debug_info</name>
         <load_address>0x151f1</load_address>
         <run_address>0x151f1</run_address>
         <size>0x2c</size>
         <input_file_ref idref="fl-154"/>
      </object_component>
      <object_component id="oc-31b">
         <name>.debug_info</name>
         <load_address>0x1521d</load_address>
         <run_address>0x1521d</run_address>
         <size>0xd1</size>
         <input_file_ref idref="fl-155"/>
      </object_component>
      <object_component id="oc-2e3">
         <name>.debug_info</name>
         <load_address>0x152ee</load_address>
         <run_address>0x152ee</run_address>
         <size>0xdd</size>
         <input_file_ref idref="fl-155"/>
      </object_component>
      <object_component id="oc-243">
         <name>.debug_info</name>
         <load_address>0x153cb</load_address>
         <run_address>0x153cb</run_address>
         <size>0x12d</size>
         <input_file_ref idref="fl-156"/>
      </object_component>
      <object_component id="oc-221">
         <name>.debug_info</name>
         <load_address>0x154f8</load_address>
         <run_address>0x154f8</run_address>
         <size>0x109</size>
         <input_file_ref idref="fl-157"/>
      </object_component>
      <object_component id="oc-22f">
         <name>.debug_info</name>
         <load_address>0x15601</load_address>
         <run_address>0x15601</run_address>
         <size>0x10b</size>
         <input_file_ref idref="fl-157"/>
      </object_component>
      <object_component id="oc-22b">
         <name>.debug_info</name>
         <load_address>0x1570c</load_address>
         <run_address>0x1570c</run_address>
         <size>0x11b</size>
         <input_file_ref idref="fl-158"/>
      </object_component>
      <object_component id="oc-224">
         <name>.debug_info</name>
         <load_address>0x15827</load_address>
         <run_address>0x15827</run_address>
         <size>0x11b</size>
         <input_file_ref idref="fl-159"/>
      </object_component>
      <object_component id="oc-233">
         <name>.debug_info</name>
         <load_address>0x15942</load_address>
         <run_address>0x15942</run_address>
         <size>0x10f</size>
         <input_file_ref idref="fl-15a"/>
      </object_component>
      <object_component id="oc-2cd">
         <name>.debug_info</name>
         <load_address>0x15a51</load_address>
         <run_address>0x15a51</run_address>
         <size>0x16f</size>
         <input_file_ref idref="fl-15b"/>
      </object_component>
      <object_component id="oc-248">
         <name>.debug_info</name>
         <load_address>0x15bc0</load_address>
         <run_address>0x15bc0</run_address>
         <size>0x16f</size>
         <input_file_ref idref="fl-15b"/>
      </object_component>
      <object_component id="oc-23f">
         <name>.debug_info</name>
         <load_address>0x15d2f</load_address>
         <run_address>0x15d2f</run_address>
         <size>0x10d</size>
         <input_file_ref idref="fl-15c"/>
      </object_component>
      <object_component id="oc-2db">
         <name>.debug_info</name>
         <load_address>0x15e3c</load_address>
         <run_address>0x15e3c</run_address>
         <size>0x171</size>
         <input_file_ref idref="fl-15d"/>
      </object_component>
      <object_component id="oc-24e">
         <name>.debug_info</name>
         <load_address>0x15fad</load_address>
         <run_address>0x15fad</run_address>
         <size>0x166</size>
         <input_file_ref idref="fl-15d"/>
      </object_component>
      <object_component id="oc-2c3">
         <name>.debug_info</name>
         <load_address>0x16113</load_address>
         <run_address>0x16113</run_address>
         <size>0x12f</size>
         <input_file_ref idref="fl-15e"/>
      </object_component>
      <object_component id="oc-23a">
         <name>.debug_info</name>
         <load_address>0x16242</load_address>
         <run_address>0x16242</run_address>
         <size>0x1a5</size>
         <input_file_ref idref="fl-15e"/>
      </object_component>
      <object_component id="oc-2e1">
         <name>.debug_info</name>
         <load_address>0x163e7</load_address>
         <run_address>0x163e7</run_address>
         <size>0xd4</size>
         <input_file_ref idref="fl-15f"/>
      </object_component>
      <object_component id="oc-261">
         <name>.debug_info</name>
         <load_address>0x164bb</load_address>
         <run_address>0x164bb</run_address>
         <size>0x18e</size>
         <input_file_ref idref="fl-15f"/>
      </object_component>
      <object_component id="oc-2dd">
         <name>.debug_info</name>
         <load_address>0x16649</load_address>
         <run_address>0x16649</run_address>
         <size>0xd8</size>
         <input_file_ref idref="fl-160"/>
      </object_component>
      <object_component id="oc-254">
         <name>.debug_info</name>
         <load_address>0x16721</load_address>
         <run_address>0x16721</run_address>
         <size>0x1f7</size>
         <input_file_ref idref="fl-160"/>
      </object_component>
      <object_component id="oc-2bc">
         <name>.debug_info</name>
         <load_address>0x16918</load_address>
         <run_address>0x16918</run_address>
         <size>0xcd</size>
         <input_file_ref idref="fl-161"/>
      </object_component>
[...]
         <object_component_ref idref="oc-134"/>
      </symbol>
      <symbol id="sm-1ca">
         <name>TFT_HW_Write</name>
         <value>0x5049</value>
         <object_component_ref idref="oc-1ee"/>
      </symbol>
      <symbol id="sm-1cb">
         <name>TFT_HW_Read</name>
         <value>0x224f</value>
         <object_component_ref idref="oc-134"/>
      </symbol>
      <symbol id="sm-1cc">
         <name>g_sILI9341_240x320x262K</name>
         <value>0x596c</value>
         <object_component_ref idref="oc-144"/>
      </symbol>
      <symbol id="sm-1e8">
         <name>ResetISR</name>
         <value>0x51af</value>
         <object_component_ref idref="oc-2a"/>
      </symbol>
      <symbol id="sm-1e9">
         <name>g_pfnVectors</name>
         <value>0x0</value>
         <object_component_ref idref="oc-f"/>
      </symbol>
      <symbol id="sm-247">
         <name>erase_old_time</name>
         <value>0x2c2b</value>
         <object_component_ref idref="oc-9d"/>
      </symbol>
      <symbol id="sm-248">
         <name>user_i2c_write</name>
         <value>0x2f8d</value>
         <object_component_ref idref="oc-9d"/>
      </symbol>
      <symbol id="sm-249">
         <name>print_time</name>
         <value>0x2c85</value>
         <object_component_ref idref="oc-9d"/>
      </symbol>
      <symbol id="sm-24a">
         <name>config</name>
         <value>0x20000950</value>
         <object_component_ref idref="oc-10d"/>
      </symbol>
      <symbol id="sm-24b">
         <name>sContext</name>
         <value>0x20000954</value>
         <object_component_ref idref="oc-ed"/>
      </symbol>
      <symbol id="sm-24c">
         <name>main</name>
         <value>0x31c3</value>
         <object_component_ref idref="oc-9d"/>
      </symbol>
      <symbol id="sm-24d">
         <name>user_delay_ms</name>
         <value>0x2f39</value>
         <object_component_ref idref="oc-9d"/>
      </symbol>
      <symbol id="sm-24e">
         <name>stream_sensor_data_forced_mode</name>
         <value>0x2d73</value>
         <object_component_ref idref="oc-9d"/>
      </symbol>
      <symbol id="sm-24f">
         <name>user_i2c_read</name>
         <value>0x308d</value>
         <object_component_ref idref="oc-9d"/>
      </symbol>
      <symbol id="sm-250">
         <name>stream_sensor_data_normal_mode</name>
         <value>0x2e45</value>
         <object_component_ref idref="oc-9d"/>
      </symbol>
      <symbol id="sm-251">
         <name>print_sensor_data</name>
         <value>0x2ceb</value>
         <object_component_ref idref="oc-9d"/>
      </symbol>
      <symbol id="sm-252">
         <name>erase_old_data</name>
         <value>0x2bd1</value>
         <object_component_ref idref="oc-9d"/>
      </symbol>
      <symbol id="sm-276">
         <name>GPIODirModeSet</name>
         <value>0x5f81</value>
         <object_component_ref idref="oc-1d2"/>
      </symbol>
      <symbol id="sm-277">
         <name>GPIOPadConfigSet</name>
         <value>0x5de5</value>
         <object_component_ref idref="oc-1d7"/>
      </symbol>
      <symbol id="sm-278">
         <name>GPIOPinConfigure</name>
         <value>0x5f39</value>
         <object_component_ref idref="oc-121"/>
      </symbol>
      <symbol id="sm-279">
         <name>GPIOPinTypeI2C</name>
         <value>0x5fa9</value>
         <object_component_ref idref="oc-11c"/>
      </symbol>
      <symbol id="sm-2b8">
         <name>I2CMasterBusy</name>
         <value>0x5fed</value>
         <object_component_ref idref="oc-f4"/>
      </symbol>
      <symbol id="sm-2b9">
         <name>I2CMasterControl</name>
         <value>0x6013</value>
         <object_component_ref idref="oc-103"/>
      </symbol>
      <symbol id="sm-2ba">
         <name>I2CMasterDataGet</name>
         <value>0x6017</value>
         <object_component_ref idref="oc-112"/>
      </symbol>
      <symbol id="sm-2bb">
         <name>I2CMasterDataPut</name>
         <value>0x601b</value>
         <object_component_ref idref="oc-fe"/>
      </symbol>
      <symbol id="sm-2bc">
         <name>I2CMasterEnable</name>
         <value>0x5ff9</value>
         <object_component_ref idref="oc-130"/>
      </symbol>
      <symbol id="sm-2bd">
         <name>I2CMasterErr</name>
         <value>0x5fc5</value>
         <object_component_ref idref="oc-108"/>
      </symbol>
      <symbol id="sm-2be">
         <name>I2CMasterInitExpClk</name>
         <value>0x5e95</value>
         <object_component_ref idref="oc-12b"/>
      </symbol>
      <symbol id="sm-2bf">
         <name>I2CMasterSlaveAddrSet</name>
         <value>0x6003</value>
         <object_component_ref idref="oc-f9"/>
      </symbol>
      <symbol id="sm-302">
         <name>SysCtlDelay</name>
         <value>0x600d</value>
         <object_component_ref idref="oc-f0"/>
      </symbol>
      <symbol id="sm-303">
         <name>SysCtlClockGet</name>
         <value>0x5bfd</value>
         <object_component_ref idref="oc-126"/>
      </symbol>
      <symbol id="sm-304">
         <name>SysCtlGPIOAHBEnable</name>
         <value>0x5fdd</value>
         <object_component_ref idref="oc-1f5"/>
      </symbol>
      <symbol id="sm-305">
         <name>SysCtlPeripheralEnable</name>
         <value>0x5ee9</value>
         <object_component_ref idref="oc-117"/>
      </symbol>
      <symbol id="sm-32b">
         <name>g_sFontCm12</name>
         <value>0x58a4</value>
         <object_component_ref idref="oc-110"/>
      </symbol>
      <symbol id="sm-471">
         <name>GrFontInfoGet</name>
         <value>0x5071</value>
         <object_component_ref idref="oc-18f"/>
      </symbol>
      <symbol id="sm-472">
         <name>GrDefaultStringRenderer</name>
         <value>0x43b1</value>
         <object_component_ref idref="oc-1fc"/>
      </symbol>
      <symbol id="sm-473">
         <name>GrFontGlyphRender</name>
         <value>0x383d</value>
         <object_component_ref idref="oc-2a7"/>
      </symbol>
      <symbol id="sm-474">
         <name>GrContextFontSet</name>
         <value>0x51c3</value>
         <object_component_ref idref="oc-e9"/>
      </symbol>
      <symbol id="sm-475">
         <name>GrFontGlyphDataGet</name>
         <value>0x5097</value>
         <object_component_ref idref="oc-18b"/>
      </symbol>
      <symbol id="sm-476">
         <name>GrStringDraw</name>
         <value>0x5185</value>
         <object_component_ref idref="oc-d0"/>
      </symbol>
      <symbol id="sm-477">
         <name>GrFontCodepageGet</name>
         <value>0x50db</value>
         <object_component_ref idref="oc-293"/>
      </symbol>
      <symbol id="sm-478">
         <name>GrStringNextCharGet</name>
         <value>0x5021</value>
         <object_component_ref idref="oc-187"/>
      </symbol>
      <symbol id="sm-479">
         <name>GrStringWidthGet</name>
         <value>0x49eb</value>
         <object_component_ref idref="oc-c8"/>
      </symbol>
      <symbol id="sm-47a">
         <name>GrFontBaselineGet</name>
         <value>0x4fcd</value>
         <object_component_ref idref="oc-cc"/>
      </symbol>
      <symbol id="sm-48e">
         <name>GrRectFill</name>
         <value>0x45cf</value>
         <object_component_ref idref="oc-be"/>
      </symbol>
      <symbol id="sm-4aa">
         <name>GrContextInit</name>
         <value>0x4ab9</value>
         <object_component_ref idref="oc-13a"/>
      </symbol>
      <symbol id="sm-4ab">
         <name>g_psDefaultCodePointMapTable</name>
         <value>0x5994</value>
         <object_component_ref idref="oc-200"/>
      </symbol>
      <symbol id="sm-4b6">
         <name>GrMapISO8859_1_Unicode</name>
         <value>0x51bb</value>
         <object_component_ref idref="oc-2ac"/>
      </symbol>
      <symbol id="sm-4c6">
         <name>_c_int00</name>
         <value>0x4e25</value>
         <object_component_ref idref="oc-24"/>
      </symbol>
      <symbol id="sm-4c7">
         <name>__stack</name>
         <value>0x20000000</value>
         <object_component_ref idref="oc-29"/>
      </symbol>
      <symbol id="sm-4de">
         <name>__TI_decompress_none</name>
         <value>0x5195</value>
         <object_component_ref idref="oc-12"/>
      </symbol>
      <symbol id="sm-506">
         <name>__TI_decompress_rle24</name>
         <value>0x51c9</value>
         <object_component_ref idref="oc-18"/>
      </symbol>
      <symbol id="sm-518">
         <name>__TI_zero_init</name>
         <value>0x51a3</value>
         <object_component_ref idref="oc-1e"/>
      </symbol>
      <symbol id="sm-537">
         <name>C$$EXIT</name>
         <value>0x4da1</value>
         <object_component_ref idref="oc-6a"/>
      </symbol>
      <symbol id="sm-538">
         <name>abort</name>
         <value>0x4da5</value>
         <object_component_ref idref="oc-6a"/>
      </symbol>
      <symbol id="sm-539">
         <name>exit</name>
         <value>0x4dad</value>
         <object_component_ref idref="oc-6a"/>
      </symbol>
      <symbol id="sm-53a">
         <name>__TI_dtors_ptr</name>
         <value>0x2000093c</value>
         <object_component_ref idref="oc-a8"/>
      </symbol>
      <symbol id="sm-53b">
         <name>__TI_cleanup_ptr</name>
         <value>0x20000938</value>
         <object_component_ref idref="oc-a8"/>
      </symbol>
      <symbol id="sm-558">
         <name>__aeabi_fdiv</name>
         <value>0x4669</value>
         <object_component_ref idref="oc-d9"/>
      </symbol>
      <symbol id="sm-56f">
         <name>__aeabi_f2d</name>
         <value>0x4e9b</value>
         <object_component_ref idref="oc-de"/>
      </symbol>
      <symbol id="sm-581">
         <name>__aeabi_i2f</name>
         <value>0x4ed3</value>
         <object_component_ref idref="oc-d4"/>
      </symbol>
      <symbol id="sm-5b0">
         <name>__aeabi_ldivmod</name>
         <value>0x3aa3</value>
         <object_component_ref idref="oc-1a9"/>
      </symbol>
      <symbol id="sm-5bd">
         <name>__aeabi_lmul</name>
         <value>0x512d</value>
         <object_component_ref idref="oc-1a4"/>
      </symbol>
      <symbol id="sm-5d8">
         <name>memcpy</name>
         <value>0x4533</value>
         <object_component_ref idref="oc-33"/>
      </symbol>
      <symbol id="sm-5d9">
         <name>__aeabi_memcpy</name>
         <value>0x4533</value>
         <object_component_ref idref="oc-33"/>
      </symbol>
      <symbol id="sm-5da">
         <name>__aeabi_memcpy8</name>
         <value>0x4533</value>
         <object_component_ref idref="oc-33"/>
      </symbol>
      <symbol id="sm-5db">
         <name>__aeabi_memcpy4</name>
         <value>0x4533</value>
         <object_component_ref idref="oc-33"/>
      </symbol>
      <symbol id="sm-5ea">
         <name>__aeabi_memset</name>
         <value>0x489b</value>
         <object_component_ref idref="oc-4c"/>
      </symbol>
      <symbol id="sm-5eb">
         <name>memset</name>
         <value>0x48a1</value>
         <object_component_ref idref="oc-4c"/>
      </symbol>
      <symbol id="sm-5ec">
         <name>__aeabi_memset8</name>
         <value>0x489b</value>
         <object_component_ref idref="oc-4c"/>
      </symbol>
      <symbol id="sm-5ed">
         <name>__aeabi_memset4</name>
         <value>0x489b</value>
         <object_component_ref idref="oc-4c"/>
      </symbol>
      <symbol id="sm-5ee">
         <name>__aeabi_memclr8</name>
         <value>0x4899</value>
         <object_component_ref idref="oc-4c"/>
      </symbol>
      <symbol id="sm-5ef">
         <name>__aeabi_memclr4</name>
         <value>0x4899</value>
         <object_component_ref idref="oc-4c"/>
      </symbol>
      <symbol id="sm-5f0">
         <name>__aeabi_memclr</name>
         <value>0x4899</value>
         <object_component_ref idref="oc-4c"/>
      </symbol>
      <symbol id="sm-5fa">
         <name>_system_pre_init</name>
         <value>0x51cf</value>
         <object_component_ref idref="oc-58"/>
      </symbol>
      <symbol id="sm-613">
         <name>sprintf</name>
         <value>0x4b1d</value>
         <object_component_ref idref="oc-c2"/>
      </symbol>
      <symbol id="sm-61b">
         <name>main_func_sp</name>
         <value>0x2000094c</value>
         <object_component_ref idref="oc-70"/>
      </symbol>
      <symbol id="sm-634">
         <name>_nop</name>
         <value>0x516b</value>
         <object_component_ref idref="oc-15f"/>
      </symbol>
      <symbol id="sm-635">
         <name>_lock</name>
         <value>0x20000930</value>
         <object_component_ref idref="oc-a5"/>
      </symbol>
      <symbol id="sm-636">
         <name>_unlock</name>
         <value>0x20000934</value>
         <object_component_ref idref="oc-a5"/>
      </symbol>
      <symbol id="sm-637">
         <name>_register_lock</name>
         <value>0x5163</value>
         <object_component_ref idref="oc-15f"/>
      </symbol>
      <symbol id="sm-638">
         <name>_register_unlock</name>
         <value>0x515d</value>
         <object_component_ref idref="oc-15f"/>
      </symbol>
      <symbol id="sm-73d">
         <name>__TI_printfi</name>
         <value>0xeb1</value>
         <object_component_ref idref="oc-17a"/>
      </symbol>
      <symbol id="sm-752">
         <name>_args_main</name>
         <value>0x5115</value>
         <object_component_ref idref="oc-64"/>
      </symbol>
      <symbol id="sm-768">
         <name>atoi</name>
         <value>0x4c31</value>
         <object_component_ref idref="oc-265"/>
      </symbol>
      <symbol id="sm-78e">
         <name>__TI_auto_init</name>
         <value>0x4915</value>
         <object_component_ref idref="oc-5e"/>
      </symbol>
      <symbol id="sm-7a8">
         <name>copy_in</name>
         <value>0x4c7d</value>
         <object_component_ref idref="oc-95"/>
      </symbol>
      <symbol id="sm-7b3">
         <name>_ctypes_</name>
         <value>0x57a3</value>
         <object_component_ref idref="oc-2e2"/>
      </symbol>
      <symbol id="sm-7d7">
         <name>__aeabi_dsub</name>
         <value>0x3eb7</value>
         <object_component_ref idref="oc-242"/>
      </symbol>
      <symbol id="sm-7d8">
         <name>__aeabi_dadd</name>
         <value>0x3ec1</value>
         <object_component_ref idref="oc-242"/>
      </symbol>
      <symbol id="sm-7ff">
         <name>__aeabi_cdcmpeq</name>
         <value>0x478d</value>
         <object_component_ref idref="oc-21e"/>
      </symbol>
      <symbol id="sm-800">
         <name>__aeabi_cdcmple</name>
         <value>0x478d</value>
         <object_component_ref idref="oc-21e"/>
      </symbol>
      <symbol id="sm-801">
         <name>__aeabi_cdrcmple</name>
         <value>0x4813</value>
         <object_component_ref idref="oc-22d"/>
      </symbol>
      <symbol id="sm-821">
         <name>__aeabi_ddiv</name>
         <value>0x406d</value>
         <object_component_ref idref="oc-228"/>
      </symbol>
      <symbol id="sm-838">
         <name>__aeabi_dmul</name>
         <value>0x42b5</value>
         <object_component_ref idref="oc-223"/>
      </symbol>
      <symbol id="sm-846">
         <name>__aeabi_d2iz</name>
         <value>0x4d13</value>
         <object_component_ref idref="oc-232"/>
      </symbol>
      <symbol id="sm-853">
         <name>frexp</name>
         <value>0x50b9</value>
         <object_component_ref idref="oc-247"/>
      </symbol>
      <symbol id="sm-85f">
         <name>__aeabi_i2d</name>
         <value>0x4f71</value>
         <object_component_ref idref="oc-23d"/>
      </symbol>
      <symbol id="sm-870">
         <name>ldexp</name>
         <value>0x4d5b</value>
         <object_component_ref idref="oc-24d"/>
      </symbol>
      <symbol id="sm-87f">
         <name>ltoa</name>
         <value>0x4bd9</value>
         <object_component_ref idref="oc-237"/>
      </symbol>
      <symbol id="sm-88f">
         <name>memccpy</name>
         <value>0x50f9</value>
         <object_component_ref idref="oc-25f"/>
      </symbol>
      <symbol id="sm-89f">
         <name>strchr</name>
         <value>0x5145</value>
         <object_component_ref idref="oc-253"/>
      </symbol>
      <symbol id="sm-8ad">
         <name>strlen</name>
         <value>0x5171</value>
         <object_component_ref idref="oc-218"/>
      </symbol>
      <symbol id="sm-8d7">
         <name>__aeabi_uldivmod</name>
         <value>0x3cc3</value>
         <object_component_ref idref="oc-213"/>
      </symbol>
      <symbol id="sm-8e5">
         <name>_Dclass</name>
         <value>0x4ff7</value>
         <object_component_ref idref="oc-259"/>
      </symbol>
      <symbol id="sm-906">
         <name>_Dscale</name>
         <value>0x41a5</value>
         <object_component_ref idref="oc-2ce"/>
      </symbol>
      <symbol id="sm-91a">
         <name>_Dunscale</name>
         <value>0x4a53</value>
         <object_component_ref idref="oc-2c6"/>
      </symbol>
      <symbol id="sm-929">
         <name>_Feraise</name>
         <value>0x4f41</value>
         <object_component_ref idref="oc-2d4"/>
      </symbol>
      <symbol id="sm-939">
         <name>_Rteps</name>
         <value>0x20000910</value>
         <object_component_ref idref="oc-302"/>
      </symbol>
      <symbol id="sm-93a">
         <name>_Zero</name>
         <value>0x20000928</value>
         <object_component_ref idref="oc-302"/>
      </symbol>
      <symbol id="sm-93b">
         <name>_Hugeval</name>
         <value>0x200008d0</value>
         <object_component_ref idref="oc-302"/>
      </symbol>
      <symbol id="sm-93c">
         <name>_Snan</name>
         <value>0x20000900</value>
         <object_component_ref idref="oc-302"/>
      </symbol>
      <symbol id="sm-93d">
         <name>_Nan</name>
         <value>0x200008f0</value>
         <object_component_ref idref="oc-302"/>
      </symbol>
      <symbol id="sm-93e">
         <name>_Inf</name>
         <value>0x200008e0</value>
         <object_component_ref idref="oc-302"/>
      </symbol>
      <symbol id="sm-93f">
         <name>_Xbig</name>
         <value>0x20000920</value>
         <object_component_ref idref="oc-302"/>
      </symbol>
      <symbol id="sm-940">
         <name>_Eps</name>
         <value>0x200008c0</value>
         <object_component_ref idref="oc-302"/>
      </symbol>
      <symbol id="sm-941">
         <name>_Denorm</name>
         <value>0x200008b0</value>
         <object_component_ref idref="oc-302"/>
      </symbol>
      <symbol id="sm-949">
         <name>_Errno</name>
         <value>0x20000948</value>
         <object_component_ref idref="oc-30d"/>
      </symbol>
      <symbol id="sm-967">
         <name>feraiseexcept</name>
         <value>0x4f0d</value>
         <object_component_ref idref="oc-307"/>
      </symbol>
      <symbol id="sm-968">
         <name>_Tls_setup__Fenv</name>
         <value>0x20000944</value>
         <object_component_ref idref="oc-337"/>
      </symbol>
      <symbol id="sm-969">
         <name>_Fenv</name>
         <value>0x20000940</value>
         <object_component_ref idref="oc-337"/>
      </symbol>
      <symbol id="sm-97d">
         <name>raise</name>
         <value>0x4f9f</value>
         <object_component_ref idref="oc-331"/>
      </symbol>
      <symbol id="sm-997">
         <name>signal</name>
         <value>0x4de5</value>
         <object_component_ref idref="oc-341"/>
      </symbol>
      <symbol id="sm-9ac">
         <name>_Dnorm</name>
         <value>0x4475</value>
         <object_component_ref idref="oc-2f8"/>
      </symbol>
      <symbol id="sm-9ad">
         <name>__TI_static_base__</name>
         <value>0x0</value>
      </symbol>
      <symbol id="sm-9b2">
         <name>SHT$$INIT_ARRAY$$Limit</name>
         <value>0x0</value>
      </symbol>
      <symbol id="sm-9b3">
         <name>SHT$$INIT_ARRAY$$Base</name>
         <value>0x0</value>
      </symbol>
   </symbol_table>
   <title>Link successful</title>
</link_info>
