******************************************************************************
                  TI ARM Linker PC v5.2.2                      
******************************************************************************
>> Linked Sat Jan 02 16:55:28 2021

OUTPUT FILE NAME:   <sensorTest.out>
ENTRY POINT SYMBOL: "_c_int00"  address: 00004e25


MEMORY CONFIGURATION

         name            origin    length      used     unused   attr    fill
----------------------  --------  ---------  --------  --------  ----  --------
  FLASH                 00000000   00040000  00006082  00039f7e  R  X
  SRAM                  20000000   00018000  00000981  0001767f  RW X


SEGMENT ALLOCATION MAP

run origin  load origin   length   init length attrs members
----------  ----------- ---------- ----------- ----- -------
00000000    00000000    00006088   00006088    r-x
  00000000    00000000    0000011c   0000011c    r-- .intvecs
  0000011c    0000011c    00005128   00005128    r-x .text
  00005244    00005244    00000772   00000772    r-- .const
  000059b8    000059b8    00000244   00000244    r-- .constdata
  00005bfc    00005bfc    000001e8   000001e8    r-x i.SysCtlClockGet
  00005de4    00005de4    000000b0   000000b0    r-x i.GPIOPadConfigSet
  00005e94    00005e94    00000054   00000054    r-x i.I2CMasterInitExpClk
  00005ee8    00005ee8    00000050   00000050    r-x i.SysCtlPeripheralEnable
  00005f38    00005f38    00000048   00000048    r-x i.GPIOPinConfigure
  00005f80    00005f80    00000028   00000028    r-x i.GPIODirModeSet
  00005fa8    00005fa8    0000001c   0000001c    r-x i.GPIOPinTypeI2C
  00005fc4    00005fc4    00000018   00000018    r-x i.I2CMasterErr
  00005fdc    00005fdc    00000010   00000010    r-x i.SysCtlGPIOAHBEnable
  00005fec    00005fec    0000000c   0000000c    r-x i.I2CMasterBusy
  00005ff8    00005ff8    0000000a   0000000a    r-x i.I2CMasterEnable
  00006002    00006002    00000008   00000008    r-x i.I2CMasterSlaveAddrSet
  0000600c    0000600c    00000006   00000006    r-x .emb_text
  00006012    00006012    00000004   00000004    r-x i.I2CMasterControl
  00006016    00006016    00000004   00000004    r-x i.I2CMasterDataGet
  0000601a    0000601a    00000004   00000004    r-x i.I2CMasterDataPut
  00006020    00006020    00000068   00000068    r-- .cinit
20000000    20000000    00000984   00000000    rw-
  20000000    20000000    00000800   00000000    rw- .stack
  20000800    20000800    00000151   00000000    rw- .data
  20000954    20000954    00000030   00000000    rw- .bss


SECTION ALLOCATION MAP

 output                                  attributes/
section   page    origin      length       input sections
--------  ----  ----------  ----------   ----------------
.intvecs   0    00000000    0000011c     
                  00000000    0000011c     lm3s9b95_startup_ccs.obj (.intvecs)

.text      0    0000011c    00005128     
                  0000011c    0000109a     rtsv7M3_T_le_eabi.lib : _printfi.obj (.text)
                  000011b6    00000002     --HOLE-- [fill = 0]
                  000011b8    00001064     bme280.obj (.text)
                  0000221c    000009b4     ili9341_240x320x262K.obj (.text)
                  00002bd0    000006e0     main.obj (.text)
                  000032b0    0000058c     DS3231.obj (.text)
                  0000383c    00000266     grlib-cm3.lib : string.obj (.text:GrFontGlyphRender)
                  00003aa2    00000220     rtsv7M3_T_le_eabi.lib : ll_div_t2.obj (.text)
                  00003cc2    000001f4                           : ull_div_t2.obj (.text)
                  00003eb6    000001b6                           : fd_add_t2.obj (.text)
                  0000406c    00000136                           : fd_div_t2.obj (.text)
                  000041a2    00000002     --HOLE-- [fill = 0]
                  000041a4    00000110                           : xdscale.obj (.text)
                  000042b4    000000fc                           : fd_mul_t2.obj (.text)
                  000043b0    000000c4     grlib-cm3.lib : string.obj (.text:GrDefaultStringRenderer)
                  00004474    000000be     rtsv7M3_T_le_eabi.lib : xdnorm.obj (.text)
                  00004532    0000009c                           : memcpy_t2.obj (.text)
                  000045ce    0000009a     grlib-cm3.lib : rectangle.obj (.text:GrRectFill)
                  00004668    00000092     rtsv7M3_T_le_eabi.lib : fs_div_t2.obj (.text)
                  000046fa    00000002     --HOLE-- [fill = 0]
                  000046fc    00000090     ili9341_240x320x262K.obj (.text:TFT_HW_SetRect)
                  0000478c    00000086     rtsv7M3_T_le_eabi.lib : fd_cmp_t2.obj (.text:__aeabi_cdcmple)
                  00004812    00000086                           : fd_cmp_t2.obj (.text:__aeabi_cdrcmple)
                  00004898    0000007a                           : memset_t2.obj (.text)
                  00004912    00000002     --HOLE-- [fill = 0]
                  00004914    0000006c                           : autoinit.obj (.text)
                  00004980    0000006a                           : copy_decompress_rle.obj (.text)
                  000049ea    00000068     grlib-cm3.lib : string.obj (.text:GrStringWidthGet)
                  00004a52    00000066     rtsv7M3_T_le_eabi.lib : xdunscal.obj (.text)
                  00004ab8    00000064     grlib-cm3.lib : context.obj (.text:GrContextInit)
                  00004b1c    00000060     rtsv7M3_T_le_eabi.lib : sprintf.obj (.text)
                  00004b7c    0000005c     grlib-cm3.lib : string.obj (.text:FontWideGlyphDataGet)
                  00004bd8    00000056     rtsv7M3_T_le_eabi.lib : ltoa.obj (.text)
                  00004c2e    00000002     --HOLE-- [fill = 0]
                  00004c30    0000004c                           : atoi.obj (.text)
                  00004c7c    0000004c                           : cpy_tbl.obj (.text)
                  00004cc8    0000004a     grlib-cm3.lib : string.obj (.text:UpdateContextCharMapping)
                  00004d12    00000048     rtsv7M3_T_le_eabi.lib : fd_toi_t2.obj (.text)
                  00004d5a    00000046                           : ldexp.obj (.text)
                  00004da0    00000044                           : exit.obj (.text)
                  00004de4    00000040                           : signal.obj (.text)
                  00004e24    0000003c                           : boot.obj (.text)
                  00004e60    0000003a     grlib-cm3.lib : string.obj (.text:FontGlyphDataGet)
                  00004e9a    00000038     rtsv7M3_T_le_eabi.lib : fs_tod_t2.obj (.text)
                  00004ed2    00000038                           : i_tofs_t2.obj (.text)
                  00004f0a    00000002     --HOLE-- [fill = 0]
                  00004f0c    00000034                           : feraiseexcept.obj (.text)
                  00004f40    00000030                           : xferaise.obj (.text)
                  00004f70    0000002e                           : i_tofd_t2.obj (.text)
                  00004f9e    0000002e                           : raise.obj (.text)
                  00004fcc    0000002a     grlib-cm3.lib : string.obj (.text:GrFontBaselineGet)
                  00004ff6    0000002a     rtsv7M3_T_le_eabi.lib : xdclass.obj (.text)
                  00005020    00000028     grlib-cm3.lib : string.obj (.text:GrStringNextCharGet)
                  00005048    00000028     ili9341_240x320x262K.obj (.text:TFT_HW_Write)
                  00005070    00000026     grlib-cm3.lib : string.obj (.text:GrFontInfoGet)
                  00005096    00000022                   : string.obj (.text:GrFontGlyphDataGet)
                  000050b8    00000022     rtsv7M3_T_le_eabi.lib : frexp.obj (.text)
                  000050da    0000001e     grlib-cm3.lib : string.obj (.text:GrFontCodepageGet)
                  000050f8    0000001a     rtsv7M3_T_le_eabi.lib : memccpy.obj (.text)
                  00005112    00000002     --HOLE-- [fill = 0]
                  00005114    00000018                           : args_main.obj (.text)
                  0000512c    00000018                           : ll_mul_t2.obj (.text)
                  00005144    00000016                           : strchr.obj (.text)
                  0000515a    00000002     --HOLE-- [fill = 0]
                  0000515c    00000014                           : _lock.obj (.text)
                  00005170    00000014                           : strlen.obj (.text)
                  00005184    00000010     grlib-cm3.lib : string.obj (.text:GrStringDraw)
                  00005194    0000000e     rtsv7M3_T_le_eabi.lib : copy_decompress_none.obj (.text:decompress:none)
                  000051a2    0000000c                           : copy_zero_init.obj (.text:decompress:ZI)
                  000051ae    0000000c     lm3s9b95_startup_ccs.obj (.text)
                  000051ba    00000008     grlib-cm3.lib : charmap.obj (.text:GrMapISO8859_1_Unicode)
                  000051c2    00000006                   : string.obj (.text:GrContextFontSet)
                  000051c8    00000006     rtsv7M3_T_le_eabi.lib : copy_decompress_rle.obj (.text:decompress:rle24)
                  000051ce    00000004                           : pre_init.obj (.text)
                  000051d2    00000002     --HOLE-- [fill = 0]
                  000051d4    00000008     driverlib-cm3.lib : i2c.o (.tramp.I2CMasterEnable.1)
                  000051dc    00000008                       : i2c.o (.tramp.I2CMasterInitExpClk.1)
                  000051e4    00000008                       : sysctl.o (.tramp.SysCtlClockGet.1)
                  000051ec    00000008                       : gpio.o (.tramp.GPIOPinConfigure.1)
                  000051f4    00000008                       : gpio.o (.tramp.GPIOPinTypeI2C.1)
                  000051fc    00000008                       : sysctl.o (.tramp.SysCtlPeripheralEnable.1)
                  00005204    00000008                       : i2c.o (.tramp.I2CMasterDataGet.1)
                  0000520c    00000008                       : i2c.o (.tramp.I2CMasterErr.1)
                  00005214    00000008                       : i2c.o (.tramp.I2CMasterControl.1)
                  0000521c    00000008                       : i2c.o (.tramp.I2CMasterDataPut.1)
                  00005224    00000008                       : i2c.o (.tramp.I2CMasterSlaveAddrSet.1)
                  0000522c    00000008                       : i2c.o (.tramp.I2CMasterBusy.1)
                  00005234    00000008                       : sysctl.o (.tramp.SysCtlDelay.1)
                  0000523c    00000008                       : sysctl.o (.tramp.SysCtlGPIOAHBEnable.1)

.const     0    00005244    00000772     
                  00005244    0000055f     grlib-cm3.lib : fontcm12.obj (.const:g_pucCm12Data)
                  000057a3    00000101     rtsv7M3_T_le_eabi.lib : ctype.obj (.const:.string:_ctypes_)
                  000058a4    000000c8     grlib-cm3.lib : fontcm12.obj (.const:g_sFontCm12)
                  0000596c    00000028     ili9341_240x320x262K.obj (.const:g_sILI9341_240x320x262K)
                  00005994    00000010     grlib-cm3.lib : context.obj (.const)
                  000059a4    0000000c     bme280.obj (.const)
                  000059b0    00000006     bme280.obj (.const:.string)

.constdata 
*          0    000059b8    00000244     
                  000059b8    000001cc     driverlib-cm3.lib : sysctl.o (.constdata)
                  00005b84    00000078                       : gpio.o (.constdata)

i.SysCtlClockGet 
*          0    00005bfc    000001e8     
                  00005bfc    000001e8     driverlib-cm3.lib : sysctl.o (i.SysCtlClockGet)

i.GPIOPadConfigSet 
*          0    00005de4    000000b0     
                  00005de4    000000b0     driverlib-cm3.lib : gpio.o (i.GPIOPadConfigSet)

i.I2CMasterInitExpClk 
*          0    00005e94    00000054     
                  00005e94    00000054     driverlib-cm3.lib : i2c.o (i.I2CMasterInitExpClk)

i.SysCtlPeripheralEnable 
*          0    00005ee8    00000050     
                  00005ee8    00000050     driverlib-cm3.lib : sysctl.o (i.SysCtlPeripheralEnable)

i.GPIOPinConfigure 
*          0    00005f38    00000048     
                  00005f38    00000048     driverlib-cm3.lib : gpio.o (i.GPIOPinConfigure)

i.GPIODirModeSet 
*          0    00005f80    00000028     
                  00005f80    00000028     driverlib-cm3.lib : gpio.o (i.GPIODirModeSet)

i.GPIOPinTypeI2C 
*          0    00005fa8    0000001c     
                  00005fa8    0000001c     driverlib-cm3.lib : gpio.o (i.GPIOPinTypeI2C)

i.I2CMasterErr 
*          0    00005fc4    00000018     
                  00005fc4    00000018     driverlib-cm3.lib : i2c.o (i.I2CMasterErr)

i.SysCtlGPIOAHBEnable 
*          0    00005fdc    00000010     
                  00005fdc    00000010     driverlib-cm3.lib : sysctl.o (i.SysCtlGPIOAHBEnable)

i.I2CMasterBusy 
*          0    00005fec    0000000c     
                  00005fec    0000000c     driverlib-cm3.lib : i2c.o (i.I2CMasterBusy)

i.I2CMasterEnable 
*          0    00005ff8    0000000a     
                  00005ff8    0000000a     driverlib-cm3.lib : i2c.o (i.I2CMasterEnable)

i.I2CMasterSlaveAddrSet 
*          0    00006002    00000008     
                  00006002    00000008     driverlib-cm3.lib : i2c.o (i.I2CMasterSlaveAddrSet)

.emb_text 
*          0    0000600c    00000006     
                  0000600c    00000006     driverlib-cm3.lib : sysctl.o (.emb_text)

i.I2CMasterControl 
*          0    00006012    00000004     
                  00006012    00000004     driverlib-cm3.lib : i2c.o (i.I2CMasterControl)

i.I2CMasterDataGet 
*          0    00006016    00000004     
                  00006016    00000004     driverlib-cm3.lib : i2c.o (i.I2CMasterDataGet)

i.I2CMasterDataPut 
*          0    0000601a    00000004     
                  0000601a    00000004     driverlib-cm3.lib : i2c.o (i.I2CMasterDataPut)

.cinit     0    00006020    00000068     
                  00006020    00000042     (.cinit..data.load) [load image, compression = rle]
                  00006062    00000002     --HOLE-- [fill = 0]
                  00006064    0000000c     (__TI_handler_table)
                  00006070    00000008     (.cinit..bss.load) [load image, compression = zero_init]
                  00006078    00000010     (__TI_cinit_table)

.init_array 
*          0    00000000    00000000     UNINITIALIZED

.stack     0    20000000    00000800     UNINITIALIZED
                  20000000    00000800     --HOLE--

.data      0    20000800    00000151     UNINITIALIZED
                  20000800    000000b0     rtsv7M3_T_le_eabi.lib : signal.obj (.data:sigtable)
                  200008b0    00000080                           : xvalues.obj (.data)
                  20000930    00000008                           : _lock.obj (.data)
                  20000938    00000008                           : exit.obj (.data)
                  20000940    00000008                           : feraiseexcept.obj (.data)
                  20000948    00000004                           : errno.obj (.data)
                  2000094c    00000004                           : stkdepth_vars.obj (.data)
                  20000950    00000001     main.obj (.data)

.bss       0    20000954    00000030     UNINITIALIZED
                  20000954    0000002c     main.obj (.bss:sContext)
                  20000980    00000004     grlib-cm3.lib : context.obj (.bss)

.TI.persistent 
*          0    20000800    00000000     UNINITIALIZED

.TI.noinit 
*          0    20000954    00000000     UNINITIALIZED


LINKER GENERATED COPY TABLES

__TI_cinit_table @ 00006078 records: 2, size/record: 8, table size: 16
	.data: load addr=00006020, load size=00000042 bytes, run addr=20000800, run size=00000151 bytes, compression=rle
	.bss: load addr=00006070, load size=00000008 bytes, run addr=20000954, run size=00000030 bytes, compression=zero_init


LINKER GENERATED HANDLER TABLE

__TI_handler_table @ 00006064 records: 3, size/record: 4, table size: 12
	index: 0, handler: __TI_decompress_rle24
	index: 1, handler: __TI_decompress_none
	index: 2, handler: __TI_zero_init


FAR CALL TRAMPOLINES

callee name               trampoline name
   callee addr  tramp addr   call addr  call info
--------------  -----------  ---------  ----------------
I2CMasterEnable           $Tramp$TT$S$$I2CMasterEnable
   00005ff9     000051d4     0000320e   main.obj (.text)
I2CMasterInitExpClk       $Tramp$TT$S$$I2CMasterInitExpClk
   00005e95     000051dc     00003200   main.obj (.text)
SysCtlClockGet            $Tramp$TT$S$$SysCtlClockGet
   00005bfd     000051e4     000031f6   main.obj (.text)
GPIOPinConfigure          $Tramp$TT$S$$GPIOPinConfigure
   00005f39     000051ec     000031ec   main.obj (.text)
                             000031f2   main.obj (.text)
GPIOPinTypeI2C            $Tramp$TT$S$$GPIOPinTypeI2C
   00005fa9     000051f4     000031e6   main.obj (.text)
SysCtlPeripheralEnable    $Tramp$TT$S$$SysCtlPeripheralEnable
   00005ee9     000051fc     000031d8   main.obj (.text)
                             000031de   main.obj (.text)
I2CMasterDataGet          $Tramp$TT$S$$I2CMasterDataGet
   00006017     00005204     00003110   main.obj (.text)
                             00003140   main.obj (.text)
                             00003176   main.obj (.text)
                             000031a2   main.obj (.text)
                             000033b2   DS3231.obj (.text)
                             000033da   DS3231.obj (.text)
                             00003402   DS3231.obj (.text)
                             0000342a   DS3231.obj (.text)
                             00003452   DS3231.obj (.text)
                             0000347a   DS3231.obj (.text)
                             000034a2   DS3231.obj (.text)
                             00003764   DS3231.obj (.text)
I2CMasterErr              $Tramp$TT$S$$I2CMasterErr
   00005fc5     0000520c     00002fd4   main.obj (.text)
                             00003014   main.obj (.text)
                             0000303e   main.obj (.text)
                             000030ca   main.obj (.text)
                             00003104   main.obj (.text)
                             00003134   main.obj (.text)
                             0000316a   main.obj (.text)
                             00003196   main.obj (.text)
                             0000337e   DS3231.obj (.text)
                             000033a6   DS3231.obj (.text)
                             000033ce   DS3231.obj (.text)
                             000033f6   DS3231.obj (.text)
                             0000341e   DS3231.obj (.text)
                             00003446   DS3231.obj (.text)
                             0000346e   DS3231.obj (.text)
                             00003496   DS3231.obj (.text)
                             00003530   DS3231.obj (.text)
                             00003568   DS3231.obj (.text)
                             00003590   DS3231.obj (.text)
                             000035b8   DS3231.obj (.text)
                             000035e0   DS3231.obj (.text)
                             00003608   DS3231.obj (.text)
                             00003630   DS3231.obj (.text)
                             0000365e   DS3231.obj (.text)
                             000036ca   DS3231.obj (.text)
                             000036f2   DS3231.obj (.text)
                             00003730   DS3231.obj (.text)
                             00003758   DS3231.obj (.text)
I2CMasterControl          $Tramp$TT$S$$I2CMasterControl
   00006013     00005214     00002fc4   main.obj (.text)
                             00003004   main.obj (.text)
                             0000302e   main.obj (.text)
                             000030ba   main.obj (.text)
                             000030f4   main.obj (.text)
                             00003124   main.obj (.text)
                             0000315a   main.obj (.text)
                             00003186   main.obj (.text)
                             0000336e   DS3231.obj (.text)
                             00003396   DS3231.obj (.text)
                             000033be   DS3231.obj (.text)
                             000033e6   DS3231.obj (.text)
                             0000340e   DS3231.obj (.text)
                             00003436   DS3231.obj (.text)
                             0000345e   DS3231.obj (.text)
                             00003486   DS3231.obj (.text)
                             00003520   DS3231.obj (.text)
                             00003558   DS3231.obj (.text)
                             00003580   DS3231.obj (.text)
                             000035a8   DS3231.obj (.text)
                             000035d0   DS3231.obj (.text)
                             000035f8   DS3231.obj (.text)
                             00003620   DS3231.obj (.text)
                             0000364e   DS3231.obj (.text)
                             000036ba   DS3231.obj (.text)
                             000036e2   DS3231.obj (.text)
                             00003720   DS3231.obj (.text)
                             00003748   DS3231.obj (.text)
I2CMasterDataPut          $Tramp$TT$S$$I2CMasterDataPut
   0000601b     0000521c     00002fbc   main.obj (.text)
                             00002ffc   main.obj (.text)
                             00003026   main.obj (.text)
                             000030b2   main.obj (.text)
                             00003366   DS3231.obj (.text)
                             00003518   DS3231.obj (.text)
                             00003550   DS3231.obj (.text)
                             00003578   DS3231.obj (.text)
                             000035a0   DS3231.obj (.text)
                             000035c8   DS3231.obj (.text)
                             000035f0   DS3231.obj (.text)
                             00003618   DS3231.obj (.text)
                             00003646   DS3231.obj (.text)
                             000036b2   DS3231.obj (.text)
                             000036da   DS3231.obj (.text)
                             00003718   DS3231.obj (.text)
I2CMasterSlaveAddrSet     $Tramp$TT$S$$I2CMasterSlaveAddrSet
   00006003     00005224     00002fb2   main.obj (.text)
                             000030a8   main.obj (.text)
                             000030da   main.obj (.text)
                             0000335e   DS3231.obj (.text)
                             0000338e   DS3231.obj (.text)
                             00003510   DS3231.obj (.text)
                             000036a8   DS3231.obj (.text)
                             0000370e   DS3231.obj (.text)
                             00003740   DS3231.obj (.text)
I2CMasterBusy             $Tramp$TT$S$$I2CMasterBusy
   00005fed     0000522c     00002fa4   main.obj (.text)
                             00002fca   main.obj (.text)
                             0000300a   main.obj (.text)
                             00003034   main.obj (.text)
                             000030c0   main.obj (.text)
                             000030fa   main.obj (.text)
                             0000312a   main.obj (.text)
                             00003160   main.obj (.text)
                             0000318c   main.obj (.text)
                             00003374   DS3231.obj (.text)
                             0000339c   DS3231.obj (.text)
                             000033c4   DS3231.obj (.text)
                             000033ec   DS3231.obj (.text)
                             00003414   DS3231.obj (.text)
                             0000343c   DS3231.obj (.text)
                             00003464   DS3231.obj (.text)
                             0000348c   DS3231.obj (.text)
                             00003502   DS3231.obj (.text)
                             00003526   DS3231.obj (.text)
                             0000355e   DS3231.obj (.text)
                             00003586   DS3231.obj (.text)
                             000035ae   DS3231.obj (.text)
                             000035d6   DS3231.obj (.text)
                             000035fe   DS3231.obj (.text)
                             00003626   DS3231.obj (.text)
                             00003654   DS3231.obj (.text)
                             0000369a   DS3231.obj (.text)
                             000036c0   DS3231.obj (.text)
                             000036e8   DS3231.obj (.text)
                             00003726   DS3231.obj (.text)
                             0000374e   DS3231.obj (.text)
SysCtlDelay               $Tramp$TT$S$$SysCtlDelay
   0000600d     00005234     0000278e   ili9341_240x320x262K.obj (.text)
                             000027ac   ili9341_240x320x262K.obj (.text)
                             000027d0   ili9341_240x320x262K.obj (.text)
                             00002b6a   ili9341_240x320x262K.obj (.text)
                             00002b90   ili9341_240x320x262K.obj (.text)
                             00002f5a   main.obj (.text)
                             00002f64   main.obj (.text)
                             00003208   main.obj (.text)
                             00003272   main.obj (.text)
SysCtlGPIOAHBEnable       $Tramp$TT$S$$SysCtlGPIOAHBEnable
   00005fdd     0000523c     000026d6   ili9341_240x320x262K.obj (.text)
                             000026dc   ili9341_240x320x262K.obj (.text)
                             000026e2   ili9341_240x320x262K.obj (.text)
                             000026e8   ili9341_240x320x262K.obj (.text)

[14 trampolines]
[145 trampoline calls]


GLOBAL SYMBOLS: SORTED ALPHABETICALLY BY Name 

address   name                          
-------   ----                          
00004da1  C$$EXIT                       
000037cd  Disable_32kHZ                 
000037a9  Enable_32kHZ                  
00005f81  GPIODirModeSet                
00005de5  GPIOPadConfigSet              
00005f39  GPIOPinConfigure              
00005fa9  GPIOPinTypeI2C                
000051c3  GrContextFontSet              
00004ab9  GrContextInit                 
000043b1  GrDefaultStringRenderer       
00004fcd  GrFontBaselineGet             
000050db  GrFontCodepageGet             
00005097  GrFontGlyphDataGet            
0000383d  GrFontGlyphRender             
00005071  GrFontInfoGet                 
000051bb  GrMapISO8859_1_Unicode        
000045cf  GrRectFill                    
00005185  GrStringDraw                  
00005021  GrStringNextCharGet           
000049eb  GrStringWidthGet              
00005fed  I2CMasterBusy                 
00006013  I2CMasterControl              
00006017  I2CMasterDataGet              
0000601b  I2CMasterDataPut              
00005ff9  I2CMasterEnable               
00005fc5  I2CMasterErr                  
00005e95  I2CMasterInitExpClk           
00006003  I2CMasterSlaveAddrSet         
000026d3  ILI9341_240x320x262K_Init     
00003773  IntSqw_Set                    
000037f1  OSC_Start                     
00003815  OSC_Stop                      
0000334f  RTC_Get                       
00003703  RTC_Read_Reg                  
000032fb  RTC_Set                       
00003541  RTC_Set_Date_Registers        
0000366f  RTC_Write_Date                
000034f9  RTC_Write_Date_Start          
00003689  RTC_Write_Reg                 
000051af  ResetISR                      
UNDEFED   SHT$$INIT_ARRAY$$Base         
UNDEFED   SHT$$INIT_ARRAY$$Limit        
00005bfd  SysCtlClockGet                
0000600d  SysCtlDelay                   
00005fdd  SysCtlGPIOAHBEnable           
00005ee9  SysCtlPeripheralEnable        
0000221d  TFT_HW_Command                
0000224f  TFT_HW_Read                   
000046fd  TFT_HW_SetRect                
00005049  TFT_HW_Write                  
00004ff7  _Dclass                       
200008b0  _Denorm                       
00004475  _Dnorm                        
000041a5  _Dscale                       
00004a53  _Dunscale                     
200008c0  _Eps                          
20000948  _Errno                        
20000940  _Fenv                         
00004f41  _Feraise                      
200008d0  _Hugeval                      
200008e0  _Inf                          
200008f0  _Nan                          
20000910  _Rteps                        
20000900  _Snan                         
20000944  _Tls_setup__Fenv              
20000920  _Xbig                         
20000928  _Zero                         
20000800  __STACK_END                   
00000800  __STACK_SIZE                  
20000200  __STACK_TOP                   
00006078  __TI_CINIT_Base               
00006088  __TI_CINIT_Limit              
00006064  __TI_Handler_Table_Base       
00006070  __TI_Handler_Table_Limit      
00004915  __TI_auto_init                
20000938  __TI_cleanup_ptr              
00005195  __TI_decompress_none          
000051c9  __TI_decompress_rle24         
2000093c  __TI_dtors_ptr                
00000eb1  __TI_printfi                  
00000000  __TI_static_base__            
000051a3  __TI_zero_init                
0000478d  __aeabi_cdcmpeq               
0000478d  __aeabi_cdcmple               
00004813  __aeabi_cdrcmple              
00004d13  __aeabi_d2iz                  
00003ec1  __aeabi_dadd                  
0000406d  __aeabi_ddiv                  
000042b5  __aeabi_dmul                  
00003eb7  __aeabi_dsub                  
00004e9b  __aeabi_f2d                   
00004669  __aeabi_fdiv                  
00004f71  __aeabi_i2d                   
00004ed3  __aeabi_i2f                   
00003aa3  __aeabi_ldivmod               
0000512d  __aeabi_lmul                  
00004899  __aeabi_memclr                
00004899  __aeabi_memclr4               
00004899  __aeabi_memclr8               
00004533  __aeabi_memcpy                
00004533  __aeabi_memcpy4               
00004533  __aeabi_memcpy8               
0000489b  __aeabi_memset                
0000489b  __aeabi_memset4               
0000489b  __aeabi_memset8               
00003cc3  __aeabi_uldivmod              
ffffffff  __binit__                     
ffffffff  __c_args__                    
20000000  __stack                       
00005115  _args_main                    
00004e25  _c_int00                      
000057a3  _ctypes_                      
20000930  _lock                         
0000516b  _nop                          
00005163  _register_lock                
0000515d  _register_unlock              
000051cf  _system_pre_init              
20000934  _unlock                       
00004da5  abort                         
00004c31  atoi                          
000032b1  bcd_to_decimal                
ffffffff  binit                         
00001749  bme280_cal_meas_delay         
000016c1  bme280_compensate_data        
0000125d  bme280_get_regs               
000015d1  bme280_get_sensor_data        
000014f3  bme280_get_sensor_mode        
0000145f  bme280_get_sensor_settings    
000011b9  bme280_init                   
00001651  bme280_parse_sensor_data      
000012d5  bme280_set_regs               
0000149d  bme280_set_sensor_mode        
000013d3  bme280_set_sensor_settings    
00001539  bme280_soft_reset             
20000950  config                        
00004c7d  copy_in                       
000032d5  decimal_to_bcd                
00002bd1  erase_old_data                
00002c2b  erase_old_time                
00004dad  exit                          
00004f0d  feraiseexcept                 
000050b9  frexp                         
00000000  g_pfnVectors                  
00005994  g_psDefaultCodePointMapTable  
000058a4  g_sFontCm12                   
0000596c  g_sILI9341_240x320x262K       
00004d5b  ldexp                         
00004bd9  ltoa                          
000031c3  main                          
2000094c  main_func_sp                  
000050f9  memccpy                       
00004533  memcpy                        
000048a1  memset                        
00002ceb  print_sensor_data             
00002c85  print_time                    
00004f9f  raise                         
20000954  sContext                      
00004de5  signal                        
00004b1d  sprintf                       
00005145  strchr                        
00002d73  stream_sensor_data_forced_mode
00002e45  stream_sensor_data_normal_mode
00005171  strlen                        
00002f39  user_delay_ms                 
0000308d  user_i2c_read                 
00002f8d  user_i2c_write                


GLOBAL SYMBOLS: SORTED BY Symbol Address 

address   name                          
-------   ----                          
00000000  __TI_static_base__            
00000000  g_pfnVectors                  
00000800  __STACK_SIZE                  
00000eb1  __TI_printfi                  
000011b9  bme280_init                   
0000125d  bme280_get_regs               
000012d5  bme280_set_regs               
000013d3  bme280_set_sensor_settings    
0000145f  bme280_get_sensor_settings    
0000149d  bme280_set_sensor_mode        
000014f3  bme280_get_sensor_mode        
00001539  bme280_soft_reset             
000015d1  bme280_get_sensor_data        
00001651  bme280_parse_sensor_data      
000016c1  bme280_compensate_data        
00001749  bme280_cal_meas_delay         
0000221d  TFT_HW_Command                
0000224f  TFT_HW_Read                   
000026d3  ILI9341_240x320x262K_Init     
00002bd1  erase_old_data                
00002c2b  erase_old_time                
00002c85  print_time                    
00002ceb  print_sensor_data             
00002d73  stream_sensor_data_forced_mode
00002e45  stream_sensor_data_normal_mode
00002f39  user_delay_ms                 
00002f8d  user_i2c_write                
0000308d  user_i2c_read                 
000031c3  main                          
000032b1  bcd_to_decimal                
000032d5  decimal_to_bcd                
000032fb  RTC_Set                       
0000334f  RTC_Get                       
000034f9  RTC_Write_Date_Start          
00003541  RTC_Set_Date_Registers        
0000366f  RTC_Write_Date                
00003689  RTC_Write_Reg                 
00003703  RTC_Read_Reg                  
00003773  IntSqw_Set                    
000037a9  Enable_32kHZ                  
000037cd  Disable_32kHZ                 
000037f1  OSC_Start                     
00003815  OSC_Stop                      
0000383d  GrFontGlyphRender             
00003aa3  __aeabi_ldivmod               
00003cc3  __aeabi_uldivmod              
00003eb7  __aeabi_dsub                  
00003ec1  __aeabi_dadd                  
0000406d  __aeabi_ddiv                  
000041a5  _Dscale                       
000042b5  __aeabi_dmul                  
000043b1  GrDefaultStringRenderer       
00004475  _Dnorm                        
00004533  __aeabi_memcpy                
00004533  __aeabi_memcpy4               
00004533  __aeabi_memcpy8               
00004533  memcpy                        
000045cf  GrRectFill                    
00004669  __aeabi_fdiv                  
000046fd  TFT_HW_SetRect                
0000478d  __aeabi_cdcmpeq               
0000478d  __aeabi_cdcmple               
00004813  __aeabi_cdrcmple              
00004899  __aeabi_memclr                
00004899  __aeabi_memclr4               
00004899  __aeabi_memclr8               
0000489b  __aeabi_memset                
0000489b  __aeabi_memset4               
0000489b  __aeabi_memset8               
000048a1  memset                        
00004915  __TI_auto_init                
000049eb  GrStringWidthGet              
00004a53  _Dunscale                     
00004ab9  GrContextInit                 
00004b1d  sprintf                       
00004bd9  ltoa                          
00004c31  atoi                          
00004c7d  copy_in                       
00004d13  __aeabi_d2iz                  
00004d5b  ldexp                         
00004da1  C$$EXIT                       
00004da5  abort                         
00004dad  exit                          
00004de5  signal                        
00004e25  _c_int00                      
00004e9b  __aeabi_f2d                   
00004ed3  __aeabi_i2f                   
00004f0d  feraiseexcept                 
00004f41  _Feraise                      
00004f71  __aeabi_i2d                   
00004f9f  raise                         
00004fcd  GrFontBaselineGet             
00004ff7  _Dclass                       
00005021  GrStringNextCharGet           
00005049  TFT_HW_Write                  
00005071  GrFontInfoGet                 
00005097  GrFontGlyphDataGet            
000050b9  frexp                         
000050db  GrFontCodepageGet             
000050f9  memccpy                       
00005115  _args_main                    
0000512d  __aeabi_lmul                  
00005145  strchr                        
0000515d  _register_unlock              
00005163  _register_lock                
0000516b  _nop                          
00005171  strlen                        
00005185  GrStringDraw                  
00005195  __TI_decompress_none          
000051a3  __TI_zero_init                
000051af  ResetISR                      
000051bb  GrMapISO8859_1_Unicode        
000051c3  GrContextFontSet              
000051c9  __TI_decompress_rle24         
000051cf  _system_pre_init              
000057a3  _ctypes_                      
000058a4  g_sFontCm12                   
0000596c  g_sILI9341_240x320x262K       
00005994  g_psDefaultCodePointMapTable  
00005bfd  SysCtlClockGet                
00005de5  GPIOPadConfigSet              
00005e95  I2CMasterInitExpClk           
00005ee9  SysCtlPeripheralEnable        
00005f39  GPIOPinConfigure              
00005f81  GPIODirModeSet                
00005fa9  GPIOPinTypeI2C                
00005fc5  I2CMasterErr                  
00005fdd  SysCtlGPIOAHBEnable           
00005fed  I2CMasterBusy                 
00005ff9  I2CMasterEnable               
00006003  I2CMasterSlaveAddrSet         
0000600d  SysCtlDelay                   
00006013  I2CMasterControl              
00006017  I2CMasterDataGet              
0000601b  I2CMasterDataPut              
00006064  __TI_Handler_Table_Base       
00006070  __TI_Handler_Table_Limit      
00006078  __TI_CINIT_Base               
00006088  __TI_CINIT_Limit              
20000000  __stack                       
20000200  __STACK_TOP                   
20000800  __STACK_END                   
200008b0  _Denorm                       
200008c0  _Eps                          
200008d0  _Hugeval                      
200008e0  _Inf                          
200008f0  _Nan                          
20000900  _Snan                         
20000910  _Rteps                        
20000920  _Xbig                         
20000928  _Zero                         
20000930  _lock                         
20000934  _unlock                       
20000938  __TI_cleanup_ptr              
2000093c  __TI_dtors_ptr                
20000940  _Fenv                         
20000944  _Tls_setup__Fenv              
20000948  _Errno                        
2000094c  main_func_sp                  
20000950  config                        
20000954  sContext                      
ffffffff  __binit__                     
ffffffff  __c_args__                    
ffffffff  binit                         
UNDEFED   SHT$$INIT_ARRAY$$Base         
UNDEFED   SHT$$INIT_ARRAY$$Limit        

[166 symbols]
