<?xml version="1.0"?>
<link_info>
   <banner>TI ARM Linker PC v5.2.2</banner>
   <copyright>Copyright (c) 1996-2015 Texas Instruments Incorporated</copyright>
   <link_time>0x600dcfae</link_time>
   <link_errors>0x0</link_errors>
   <output_file>WeatherStation.out</output_file>
   <entry_point>
      <name>_c_int00</name>
      <address>0x18165</address>
   </entry_point>
   <input_file_list>
      <input_file id="fl-2">
         <path>.\</path>
         <kind>object</kind>
         <file>DS3231.obj</file>
         <name>DS3231.obj</name>
      </input_file>
      <input_file id="fl-3">
         <path>.\</path>
         <kind>object</kind>
         <file>background.obj</file>
         <name>background.obj</name>
      </input_file>
      <input_file id="fl-4">
         <path>.\</path>
         <kind>object</kind>
         <file>background3.obj</file>
         <name>background3.obj</name>
      </input_file>
      <input_file id="fl-5">
         <path>.\</path>
         <kind>object</kind>
         <file>bme280.obj</file>
         <name>bme280.obj</name>
      </input_file>
      <input_file id="fl-6">
         <path>.\</path>
         <kind>object</kind>
         <file>fpu.obj</file>
         <name>fpu.obj</name>
      </input_file>
      <input_file id="fl-7">
         <path>.\</path>
         <kind>object</kind>
         <file>ili9341_240x320x262K.obj</file>
         <name>ili9341_240x320x262K.obj</name>
      </input_file>
      <input_file id="fl-8">
         <path>.\</path>
         <kind>object</kind>
         <file>lm3s9b95_startup_ccs.obj</file>
         <name>lm3s9b95_startup_ccs.obj</name>
      </input_file>
      <input_file id="fl-9">
         <path>.\</path>
         <kind>object</kind>
         <file>main.obj</file>
         <name>main.obj</name>
      </input_file>
      <input_file id="fl-a">
         <path>.\</path>
         <kind>object</kind>
         <file>mmc.obj</file>
         <name>mmc.obj</name>
      </input_file>
      <input_file id="fl-b">
         <path>.\</path>
         <kind>object</kind>
         <file>touch.obj</file>
         <name>touch.obj</name>
      </input_file>
      <input_file id="fl-12">
         <path>D:\CCS_libraries\Stellaris Peripheral\driverlib\rvmdk-cm3\</path>
         <kind>archive</kind>
         <file>driverlib-cm3.lib</file>
         <name>gpio.o</name>
      </input_file>
      <input_file id="fl-13">
         <path>D:\CCS_libraries\Stellaris Peripheral\driverlib\rvmdk-cm3\</path>
         <kind>archive</kind>
         <file>driverlib-cm3.lib</file>
         <name>i2c.o</name>
      </input_file>
      <input_file id="fl-14">
         <path>D:\CCS_libraries\Stellaris Peripheral\driverlib\rvmdk-cm3\</path>
         <kind>archive</kind>
         <file>driverlib-cm3.lib</file>
         <name>interrupt.o</name>
      </input_file>
      <input_file id="fl-15">
         <path>D:\CCS_libraries\Stellaris Peripheral\driverlib\rvmdk-cm3\</path>
         <kind>archive</kind>
         <file>driverlib-cm3.lib</file>
         <name>ssi.o</name>
      </input_file>
      <input_file id="fl-16">
         <path>D:\CCS_libraries\Stellaris Peripheral\driverlib\rvmdk-cm3\</path>
         <kind>archive</kind>
         <file>driverlib-cm3.lib</file>
         <name>sysctl.o</name>
      </input_file>
      <input_file id="fl-17">
         <path>D:\CCS_libraries\Stellaris Peripheral\driverlib\rvmdk-cm3\</path>
         <kind>archive</kind>
         <file>driverlib-cm3.lib</file>
         <name>cpu.o</name>
      </input_file>
      <input_file id="fl-18">
         <path>D:\CCS_libraries\Stellaris Peripheral\grlib\ccs-cm3\Debug\</path>
         <kind>archive</kind>
         <file>grlib-cm3.lib</file>
         <name>fontcmss28b.obj</name>
      </input_file>
      <input_file id="fl-19">
         <path>D:\CCS_libraries\Stellaris Peripheral\grlib\ccs-cm3\Debug\</path>
         <kind>archive</kind>
         <file>grlib-cm3.lib</file>
         <name>fontcmss26b.obj</name>
      </input_file>
      <input_file id="fl-1a">
         <path>D:\CCS_libraries\Stellaris Peripheral\grlib\ccs-cm3\Debug\</path>
         <kind>archive</kind>
         <file>grlib-cm3.lib</file>
         <name>fontcmss18b.obj</name>
      </input_file>
      <input_file id="fl-1b">
         <path>D:\CCS_libraries\Stellaris Peripheral\grlib\ccs-cm3\Debug\</path>
         <kind>archive</kind>
         <file>grlib-cm3.lib</file>
         <name>fontcmss16b.obj</name>
      </input_file>
      <input_file id="fl-1c">
         <path>D:\CCS_libraries\Stellaris Peripheral\grlib\ccs-cm3\Debug\</path>
         <kind>archive</kind>
         <file>grlib-cm3.lib</file>
         <name>fontcmss12b.obj</name>
      </input_file>
      <input_file id="fl-1d">
         <path>D:\CCS_libraries\Stellaris Peripheral\grlib\ccs-cm3\Debug\</path>
         <kind>archive</kind>
         <file>grlib-cm3.lib</file>
         <name>fontcmss12.obj</name>
      </input_file>
      <input_file id="fl-1e">
         <path>D:\CCS_libraries\Stellaris Peripheral\grlib\ccs-cm3\Debug\</path>
         <kind>archive</kind>
         <file>grlib-cm3.lib</file>
         <name>fontcm14b.obj</name>
      </input_file>
      <input_file id="fl-1f">
         <path>D:\CCS_libraries\Stellaris Peripheral\grlib\ccs-cm3\Debug\</path>
         <kind>archive</kind>
         <file>grlib-cm3.lib</file>
         <name>string.obj</name>
      </input_file>
      <input_file id="fl-20">
         <path>D:\CCS_libraries\Stellaris Peripheral\grlib\ccs-cm3\Debug\</path>
         <kind>archive</kind>
         <file>grlib-cm3.lib</file>
         <name>rectangle.obj</name>
      </input_file>
      <input_file id="fl-21">
         <path>D:\CCS_libraries\Stellaris Peripheral\grlib\ccs-cm3\Debug\</path>
         <kind>archive</kind>
         <file>grlib-cm3.lib</file>
         <name>line.obj</name>
      </input_file>
      <input_file id="fl-22">
         <path>D:\CCS_libraries\Stellaris Peripheral\grlib\ccs-cm3\Debug\</path>
         <kind>archive</kind>
         <file>grlib-cm3.lib</file>
         <name>image.obj</name>
      </input_file>
      <input_file id="fl-23">
         <path>D:\CCS_libraries\Stellaris Peripheral\grlib\ccs-cm3\Debug\</path>
         <kind>archive</kind>
         <file>grlib-cm3.lib</file>
         <name>context.obj</name>
      </input_file>
      <input_file id="fl-24">
         <path>D:\CCS_libraries\Stellaris Peripheral\grlib\ccs-cm3\Debug\</path>
         <kind>archive</kind>
         <file>grlib-cm3.lib</file>
         <name>charmap.obj</name>
      </input_file>
      <input_file id="fl-146">
         <path>D:\Code Composer Studio 6\CSS\ccsv6\tools\compiler\ti-cgt-arm_5.2.2\lib\</path>
         <kind>archive</kind>
         <file>rtsv7M3_T_le_eabi.lib</file>
         <name>boot.obj</name>
      </input_file>
      <input_file id="fl-147">
         <path>D:\Code Composer Studio 6\CSS\ccsv6\tools\compiler\ti-cgt-arm_5.2.2\lib\</path>
         <kind>archive</kind>
         <file>rtsv7M3_T_le_eabi.lib</file>
         <name>copy_decompress_none.obj</name>
      </input_file>
      <input_file id="fl-148">
         <path>D:\Code Composer Studio 6\CSS\ccsv6\tools\compiler\ti-cgt-arm_5.2.2\lib\</path>
         <kind>archive</kind>
         <file>rtsv7M3_T_le_eabi.lib</file>
         <name>copy_decompress_rle.obj</name>
      </input_file>
      <input_file id="fl-149">
         <path>D:\Code Composer Studio 6\CSS\ccsv6\tools\compiler\ti-cgt-arm_5.2.2\lib\</path>
         <kind>archive</kind>
         <file>rtsv7M3_T_le_eabi.lib</file>
         <name>copy_zero_init.obj</name>
      </input_file>
      <input_file id="fl-14a">
         <path>D:\Code Composer Studio 6\CSS\ccsv6\tools\compiler\ti-cgt-arm_5.2.2\lib\</path>
         <kind>archive</kind>
         <file>rtsv7M3_T_le_eabi.lib</file>
         <name>exit.obj</name>
      </input_file>
      <input_file id="fl-14b">
         <path>D:\Code Composer Studio 6\CSS\ccsv6\tools\compiler\ti-cgt-arm_5.2.2\lib\</path>
         <kind>archive</kind>
         <file>rtsv7M3_T_le_eabi.lib</file>
         <name>fs_add_t2.obj</name>
      </input_file>
      <input_file id="fl-14c">
         <path>D:\Code Composer Studio 6\CSS\ccsv6\tools\compiler\ti-cgt-arm_5.2.2\lib\</path>
         <kind>archive</kind>
         <file>rtsv7M3_T_le_eabi.lib</file>
         <name>fs_cmp_t2.obj</name>
      </input_file>
      <input_file id="fl-14d">
         <path>D:\Code Composer Studio 6\CSS\ccsv6\tools\compiler\ti-cgt-arm_5.2.2\lib\</path>
         <kind>archive</kind>
         <file>rtsv7M3_T_le_eabi.lib</file>
         <name>fs_div_t2.obj</name>
      </input_file>
      <input_file id="fl-14e">
         <path>D:\Code Composer Studio 6\CSS\ccsv6\tools\compiler\ti-cgt-arm_5.2.2\lib\</path>
         <kind>archive</kind>
         <file>rtsv7M3_T_le_eabi.lib</file>
         <name>fs_mul_t2.obj</name>
      </input_file>
      <input_file id="fl-14f">
         <path>D:\Code Composer Studio 6\CSS\ccsv6\tools\compiler\ti-cgt-arm_5.2.2\lib\</path>
         <kind>archive</kind>
         <file>rtsv7M3_T_le_eabi.lib</file>
         <name>fs_tod_t2.obj</name>
      </input_file>
      <input_file id="fl-150">
         <path>D:\Code Composer Studio 6\CSS\ccsv6\tools\compiler\ti-cgt-arm_5.2.2\lib\</path>
         <kind>archive</kind>
         <file>rtsv7M3_T_le_eabi.lib</file>
         <name>fs_toi_t2.obj</name>
      </input_file>
      <input_file id="fl-151">
         <path>D:\Code Composer Studio 6\CSS\ccsv6\tools\compiler\ti-cgt-arm_5.2.2\lib\</path>
         <kind>archive</kind>
         <file>rtsv7M3_T_le_eabi.lib</file>
         <name>fs_tou_t2.obj</name>
      </input_file>
      <input_file id="fl-152">
         <path>D:\Code Composer Studio 6\CSS\ccsv6\tools\compiler\ti-cgt-arm_5.2.2\lib\</path>
         <kind>archive</kind>
         <file>rtsv7M3_T_le_eabi.lib</file>
         <name>i_tofs_t2.obj</name>
      </input_file>
      <input_file id="fl-153">
         <path>D:\Code Composer Studio 6\CSS\ccsv6\tools\compiler\ti-cgt-arm_5.2.2\lib\</path>
         <kind>archive</kind>
         <file>rtsv7M3_T_le_eabi.lib</file>
         <name>ll_div_t2.obj</name>
      </input_file>
      <input_file id="fl-154">
         <path>D:\Code Composer Studio 6\CSS\ccsv6\tools\compiler\ti-cgt-arm_5.2.2\lib\</path>
         <kind>archive</kind>
         <file>rtsv7M3_T_le_eabi.lib</file>
         <name>ll_mul_t2.obj</name>
      </input_file>
      <input_file id="fl-155">
         <path>D:\Code Composer Studio 6\CSS\ccsv6\tools\compiler\ti-cgt-arm_5.2.2\lib\</path>
         <kind>archive</kind>
         <file>rtsv7M3_T_le_eabi.lib</file>
         <name>localtim.obj</name>
      </input_file>
      <input_file id="fl-156">
         <path>D:\Code Composer Studio 6\CSS\ccsv6\tools\compiler\ti-cgt-arm_5.2.2\lib\</path>
         <kind>archive</kind>
         <file>rtsv7M3_T_le_eabi.lib</file>
         <name>memcpy_t2.obj</name>
      </input_file>
      <input_file id="fl-157">
         <path>D:\Code Composer Studio 6\CSS\ccsv6\tools\compiler\ti-cgt-arm_5.2.2\lib\</path>
         <kind>archive</kind>
         <file>rtsv7M3_T_le_eabi.lib</file>
         <name>memset_t2.obj</name>
      </input_file>
      <input_file id="fl-158">
         <path>D:\Code Composer Studio 6\CSS\ccsv6\tools\compiler\ti-cgt-arm_5.2.2\lib\</path>
         <kind>archive</kind>
         <file>rtsv7M3_T_le_eabi.lib</file>
         <name>mktime.obj</name>
      </input_file>
      <input_file id="fl-159">
         <path>D:\Code Composer Studio 6\CSS\ccsv6\tools\compiler\ti-cgt-arm_5.2.2\lib\</path>
         <kind>archive</kind>
         <file>rtsv7M3_T_le_eabi.lib</file>
         <name>pre_init.obj</name>
      </input_file>
      <input_file id="fl-15a">
         <path>D:\Code Composer Studio 6\CSS\ccsv6\tools\compiler\ti-cgt-arm_5.2.2\lib\</path>
         <kind>archive</kind>
         <file>rtsv7M3_T_le_eabi.lib</file>
         <name>sprintf.obj</name>
      </input_file>
      <input_file id="fl-15b">
         <path>D:\Code Composer Studio 6\CSS\ccsv6\tools\compiler\ti-cgt-arm_5.2.2\lib\</path>
         <kind>archive</kind>
         <file>rtsv7M3_T_le_eabi.lib</file>
         <name>stkdepth_vars.obj</name>
      </input_file>
      <input_file id="fl-15c">
         <path>D:\Code Composer Studio 6\CSS\ccsv6\tools\compiler\ti-cgt-arm_5.2.2\lib\</path>
         <kind>archive</kind>
         <file>rtsv7M3_T_le_eabi.lib</file>
         <name>tmzone.obj</name>
      </input_file>
      <input_file id="fl-15d">
         <path>D:\Code Composer Studio 6\CSS\ccsv6\tools\compiler\ti-cgt-arm_5.2.2\lib\</path>
         <kind>archive</kind>
         <file>rtsv7M3_T_le_eabi.lib</file>
         <name>u_divt2.obj</name>
      </input_file>
      <input_file id="fl-15e">
         <path>D:\Code Composer Studio 6\CSS\ccsv6\tools\compiler\ti-cgt-arm_5.2.2\lib\</path>
         <kind>archive</kind>
         <file>rtsv7M3_T_le_eabi.lib</file>
         <name>u_tofs_t2.obj</name>
      </input_file>
      <input_file id="fl-15f">
         <path>D:\Code Composer Studio 6\CSS\ccsv6\tools\compiler\ti-cgt-arm_5.2.2\lib\</path>
         <kind>archive</kind>
         <file>rtsv7M3_T_le_eabi.lib</file>
         <name>_lock.obj</name>
      </input_file>
      <input_file id="fl-160">
         <path>D:\Code Composer Studio 6\CSS\ccsv6\tools\compiler\ti-cgt-arm_5.2.2\lib\</path>
         <kind>archive</kind>
         <file>rtsv7M3_T_le_eabi.lib</file>
         <name>_printfi.obj</name>
      </input_file>
      <input_file id="fl-161">
         <path>D:\Code Composer Studio 6\CSS\ccsv6\tools\compiler\ti-cgt-arm_5.2.2\lib\</path>
         <kind>archive</kind>
         <file>rtsv7M3_T_le_eabi.lib</file>
         <name>args_main.obj</name>
      </input_file>
      <input_file id="fl-162">
         <path>D:\Code Composer Studio 6\CSS\ccsv6\tools\compiler\ti-cgt-arm_5.2.2\lib\</path>
         <kind>archive</kind>
         <file>rtsv7M3_T_le_eabi.lib</file>
         <name>atoi.obj</name>
      </input_file>
      <input_file id="fl-163">
         <path>D:\Code Composer Studio 6\CSS\ccsv6\tools\compiler\ti-cgt-arm_5.2.2\lib\</path>
         <kind>archive</kind>
         <file>rtsv7M3_T_le_eabi.lib</file>
         <name>autoinit.obj</name>
      </input_file>
      <input_file id="fl-164">
         <path>D:\Code Composer Studio 6\CSS\ccsv6\tools\compiler\ti-cgt-arm_5.2.2\lib\</path>
         <kind>archive</kind>
         <file>rtsv7M3_T_le_eabi.lib</file>
         <name>cpy_tbl.obj</name>
      </input_file>
      <input_file id="fl-165">
         <path>D:\Code Composer Studio 6\CSS\ccsv6\tools\compiler\ti-cgt-arm_5.2.2\lib\</path>
         <kind>archive</kind>
         <file>rtsv7M3_T_le_eabi.lib</file>
         <name>ctype.obj</name>
      </input_file>
      <input_file id="fl-166">
         <path>D:\Code Composer Studio 6\CSS\ccsv6\tools\compiler\ti-cgt-arm_5.2.2\lib\</path>
         <kind>archive</kind>
         <file>rtsv7M3_T_le_eabi.lib</file>
         <name>fd_add_t2.obj</name>
      </input_file>
      <input_file id="fl-167">
         <path>D:\Code Composer Studio 6\CSS\ccsv6\tools\compiler\ti-cgt-arm_5.2.2\lib\</path>
         <kind>archive</kind>
         <file>rtsv7M3_T_le_eabi.lib</file>
         <name>fd_cmp_t2.obj</name>
      </input_file>
      <input_file id="fl-168">
         <path>D:\Code Composer Studio 6\CSS\ccsv6\tools\compiler\ti-cgt-arm_5.2.2\lib\</path>
         <kind>archive</kind>
         <file>rtsv7M3_T_le_eabi.lib</file>
         <name>fd_div_t2.obj</name>
      </input_file>
      <input_file id="fl-169">
         <path>D:\Code Composer Studio 6\CSS\ccsv6\tools\compiler\ti-cgt-arm_5.2.2\lib\</path>
         <kind>archive</kind>
         <file>rtsv7M3_T_le_eabi.lib</file>
         <name>fd_mul_t2.obj</name>
      </input_file>
      <input_file id="fl-16a">
         <path>D:\Code Composer Studio 6\CSS\ccsv6\tools\compiler\ti-cgt-arm_5.2.2\lib\</path>
         <kind>archive</kind>
         <file>rtsv7M3_T_le_eabi.lib</file>
         <name>fd_toi_t2.obj</name>
      </input_file>
      <input_file id="fl-16b">
         <path>D:\Code Composer Studio 6\CSS\ccsv6\tools\compiler\ti-cgt-arm_5.2.2\lib\</path>
         <kind>archive</kind>
         <file>rtsv7M3_T_le_eabi.lib</file>
         <name>frexp.obj</name>
      </input_file>
      <input_file id="fl-16c">
         <path>D:\Code Composer Studio 6\CSS\ccsv6\tools\compiler\ti-cgt-arm_5.2.2\lib\</path>
         <kind>archive</kind>
         <file>rtsv7M3_T_le_eabi.lib</file>
         <name>i_tofd_t2.obj</name>
      </input_file>
      <input_file id="fl-16d">
         <path>D:\Code Composer Studio 6\CSS\ccsv6\tools\compiler\ti-cgt-arm_5.2.2\lib\</path>
         <kind>archive</kind>
         <file>rtsv7M3_T_le_eabi.lib</file>
         <name>ldexp.obj</name>
      </input_file>
      <input_file id="fl-16e">
         <path>D:\Code Composer Studio 6\CSS\ccsv6\tools\compiler\ti-cgt-arm_5.2.2\lib\</path>
         <kind>archive</kind>
         <file>rtsv7M3_T_le_eabi.lib</file>
         <name>ltoa.obj</name>
      </input_file>
      <input_file id="fl-16f">
         <path>D:\Code Composer Studio 6\CSS\ccsv6\tools\compiler\ti-cgt-arm_5.2.2\lib\</path>
         <kind>archive</kind>
         <file>rtsv7M3_T_le_eabi.lib</file>
         <name>memccpy.obj</name>
      </input_file>
      <input_file id="fl-170">
         <path>D:\Code Composer Studio 6\CSS\ccsv6\tools\compiler\ti-cgt-arm_5.2.2\lib\</path>
         <kind>archive</kind>
         <file>rtsv7M3_T_le_eabi.lib</file>
         <name>strchr.obj</name>
      </input_file>
      <input_file id="fl-171">
         <path>D:\Code Composer Studio 6\CSS\ccsv6\tools\compiler\ti-cgt-arm_5.2.2\lib\</path>
         <kind>archive</kind>
         <file>rtsv7M3_T_le_eabi.lib</file>
         <name>strlen.obj</name>
      </input_file>
      <input_file id="fl-172">
         <path>D:\Code Composer Studio 6\CSS\ccsv6\tools\compiler\ti-cgt-arm_5.2.2\lib\</path>
         <kind>archive</kind>
         <file>rtsv7M3_T_le_eabi.lib</file>
         <name>ull_div_t2.obj</name>
      </input_file>
      <input_file id="fl-173">
         <path>D:\Code Composer Studio 6\CSS\ccsv6\tools\compiler\ti-cgt-arm_5.2.2\lib\</path>
         <kind>archive</kind>
         <file>rtsv7M3_T_le_eabi.lib</file>
         <name>xdclass.obj</name>
      </input_file>
      <input_file id="fl-174">
         <path>D:\Code Composer Studio 6\CSS\ccsv6\tools\compiler\ti-cgt-arm_5.2.2\lib\</path>
         <kind>archive</kind>
         <file>rtsv7M3_T_le_eabi.lib</file>
         <name>xdscale.obj</name>
      </input_file>
      <input_file id="fl-175">
         <path>D:\Code Composer Studio 6\CSS\ccsv6\tools\compiler\ti-cgt-arm_5.2.2\lib\</path>
         <kind>archive</kind>
         <file>rtsv7M3_T_le_eabi.lib</file>
         <name>xdunscal.obj</name>
      </input_file>
      <input_file id="fl-176">
         <path>D:\Code Composer Studio 6\CSS\ccsv6\tools\compiler\ti-cgt-arm_5.2.2\lib\</path>
         <kind>archive</kind>
         <file>rtsv7M3_T_le_eabi.lib</file>
         <name>xferaise.obj</name>
      </input_file>
      <input_file id="fl-177">
         <path>D:\Code Composer Studio 6\CSS\ccsv6\tools\compiler\ti-cgt-arm_5.2.2\lib\</path>
         <kind>archive</kind>
         <file>rtsv7M3_T_le_eabi.lib</file>
         <name>xvalues.obj</name>
      </input_file>
      <input_file id="fl-178">
         <path>D:\Code Composer Studio 6\CSS\ccsv6\tools\compiler\ti-cgt-arm_5.2.2\lib\</path>
         <kind>archive</kind>
         <file>rtsv7M3_T_le_eabi.lib</file>
         <name>errno.obj</name>
      </input_file>
      <input_file id="fl-179">
         <path>D:\Code Composer Studio 6\CSS\ccsv6\tools\compiler\ti-cgt-arm_5.2.2\lib\</path>
         <kind>archive</kind>
         <file>rtsv7M3_T_le_eabi.lib</file>
         <name>feraiseexcept.obj</name>
      </input_file>
      <input_file id="fl-17a">
         <path>D:\Code Composer Studio 6\CSS\ccsv6\tools\compiler\ti-cgt-arm_5.2.2\lib\</path>
         <kind>archive</kind>
         <file>rtsv7M3_T_le_eabi.lib</file>
         <name>raise.obj</name>
      </input_file>
      <input_file id="fl-17b">
         <path>D:\Code Composer Studio 6\CSS\ccsv6\tools\compiler\ti-cgt-arm_5.2.2\lib\</path>
         <kind>archive</kind>
         <file>rtsv7M3_T_le_eabi.lib</file>
         <name>signal.obj</name>
      </input_file>
      <input_file id="fl-17c">
         <path>D:\Code Composer Studio 6\CSS\ccsv6\tools\compiler\ti-cgt-arm_5.2.2\lib\</path>
         <kind>archive</kind>
         <file>rtsv7M3_T_le_eabi.lib</file>
         <name>xdnorm.obj</name>
      </input_file>
   </input_file_list>
   <object_component_list>
      <object_component id="oc-f">
         <name>.intvecs</name>
         <load_address>0x0</load_address>
         <run_address>0x0</run_address>
         <size>0x11c</size>
         <input_file_ref idref="fl-8"/>
      </object_component>
      <object_component id="oc-f1">
         <name>.text</name>
         <load_address>0xd4a0</load_address>
         <run_address>0xd4a0</run_address>
         <size>0x4de0</size>
         <input_file_ref idref="fl-9"/>
      </object_component>
      <object_component id="oc-2f3">
         <name>.text</name>
         <load_address>0x12280</load_address>
         <run_address>0x12280</run_address>
         <size>0x109a</size>
         <input_file_ref idref="fl-160"/>
      </object_component>
      <object_component id="oc-1ec">
         <name>.text</name>
         <load_address>0x1331c</load_address>
         <run_address>0x1331c</run_address>
         <size>0x1064</size>
         <input_file_ref idref="fl-5"/>
      </object_component>
      <object_component id="oc-23c">
         <name>.text</name>
         <load_address>0x14380</load_address>
         <run_address>0x14380</run_address>
         <size>0x9b4</size>
         <input_file_ref idref="fl-7"/>
      </object_component>
      <object_component id="oc-30">
         <name>.text</name>
         <load_address>0x14d34</load_address>
         <run_address>0x14d34</run_address>
         <size>0x608</size>
         <input_file_ref idref="fl-b"/>
      </object_component>
      <object_component id="oc-246">
         <name>.text</name>
         <load_address>0x1533c</load_address>
         <run_address>0x1533c</run_address>
         <size>0x50c</size>
         <input_file_ref idref="fl-2"/>
      </object_component>
      <object_component id="oc-162">
         <name>.text</name>
         <load_address>0x15848</load_address>
         <run_address>0x15848</run_address>
         <size>0x43a</size>
         <input_file_ref idref="fl-a"/>
      </object_component>
      <object_component id="oc-372">
         <name>.text:InternalImageDraw</name>
         <load_address>0x15c84</load_address>
         <run_address>0x15c84</run_address>
         <size>0x368</size>
         <input_file_ref idref="fl-22"/>
      </object_component>
      <object_component id="oc-464">
         <name>.text:PixelTransparentDraw</name>
         <load_address>0x15fec</load_address>
         <run_address>0x15fec</run_address>
         <size>0x2c4</size>
         <input_file_ref idref="fl-22"/>
      </object_component>
      <object_component id="oc-1cc">
         <name>.text</name>
         <load_address>0x162b0</load_address>
         <run_address>0x162b0</run_address>
         <size>0x2b4</size>
         <input_file_ref idref="fl-158"/>
      </object_component>
      <object_component id="oc-47a">
         <name>.text:GrFontGlyphRender</name>
         <load_address>0x16564</load_address>
         <run_address>0x16564</run_address>
         <size>0x266</size>
         <input_file_ref idref="fl-1f"/>
      </object_component>
      <object_component id="oc-360">
         <name>.text</name>
         <load_address>0x167ca</load_address>
         <run_address>0x167ca</run_address>
         <size>0x220</size>
         <input_file_ref idref="fl-153"/>
      </object_component>
      <object_component id="oc-3c7">
         <name>.text</name>
         <load_address>0x169ea</load_address>
         <run_address>0x169ea</run_address>
         <size>0x1f4</size>
         <input_file_ref idref="fl-172"/>
      </object_component>
      <object_component id="oc-3f6">
         <name>.text</name>
         <load_address>0x16bde</load_address>
         <run_address>0x16bde</run_address>
         <size>0x1b6</size>
         <input_file_ref idref="fl-166"/>
      </object_component>
      <object_component id="oc-3dc">
         <name>.text</name>
         <load_address>0x16d94</load_address>
         <run_address>0x16d94</run_address>
         <size>0x136</size>
         <input_file_ref idref="fl-168"/>
      </object_component>
      <object_component id="oc-141">
         <name>.text:GrLineDraw</name>
         <load_address>0x16eca</load_address>
         <run_address>0x16eca</run_address>
         <size>0x12c</size>
         <input_file_ref idref="fl-21"/>
      </object_component>
      <object_component id="oc-4a0">
         <name>.text</name>
         <load_address>0x16ff8</load_address>
         <run_address>0x16ff8</run_address>
         <size>0x110</size>
         <input_file_ref idref="fl-174"/>
      </object_component>
      <object_component id="oc-3d7">
         <name>.text</name>
         <load_address>0x17108</load_address>
         <run_address>0x17108</run_address>
         <size>0xfc</size>
         <input_file_ref idref="fl-169"/>
      </object_component>
      <object_component id="oc-85">
         <name>.text</name>
         <load_address>0x17204</load_address>
         <run_address>0x17204</run_address>
         <size>0xfa</size>
         <input_file_ref idref="fl-14b"/>
      </object_component>
      <object_component id="oc-292">
         <name>.text:GrLineClip</name>
         <load_address>0x172fe</load_address>
         <run_address>0x172fe</run_address>
         <size>0xd2</size>
         <input_file_ref idref="fl-21"/>
      </object_component>
      <object_component id="oc-39e">
         <name>.text:GrDefaultStringRenderer</name>
         <load_address>0x173d0</load_address>
         <run_address>0x173d0</run_address>
         <size>0xc4</size>
         <input_file_ref idref="fl-1f"/>
      </object_component>
      <object_component id="oc-4cb">
         <name>.text</name>
         <load_address>0x17494</load_address>
         <run_address>0x17494</run_address>
         <size>0xbe</size>
         <input_file_ref idref="fl-17c"/>
      </object_component>
      <object_component id="oc-39">
         <name>.text</name>
         <load_address>0x17552</load_address>
         <run_address>0x17552</run_address>
         <size>0x9c</size>
         <input_file_ref idref="fl-156"/>
      </object_component>
      <object_component id="oc-1a7">
         <name>.text:GrRectFill</name>
         <load_address>0x175ee</load_address>
         <run_address>0x175ee</run_address>
         <size>0x9a</size>
         <input_file_ref idref="fl-20"/>
      </object_component>
      <object_component id="oc-b9">
         <name>.text</name>
         <load_address>0x17688</load_address>
         <run_address>0x17688</run_address>
         <size>0x92</size>
         <input_file_ref idref="fl-14d"/>
      </object_component>
      <object_component id="oc-389">
         <name>.text:TFT_HW_SetRect</name>
         <load_address>0x1771c</load_address>
         <run_address>0x1771c</run_address>
         <size>0x90</size>
         <input_file_ref idref="fl-7"/>
      </object_component>
      <object_component id="oc-3d2">
         <name>.text:__aeabi_cdcmple</name>
         <load_address>0x177ac</load_address>
         <run_address>0x177ac</run_address>
         <size>0x86</size>
         <input_file_ref idref="fl-167"/>
      </object_component>
      <object_component id="oc-3e1">
         <name>.text:__aeabi_cdrcmple</name>
         <load_address>0x17832</load_address>
         <run_address>0x17832</run_address>
         <size>0x86</size>
         <input_file_ref idref="fl-167"/>
      </object_component>
      <object_component id="oc-80">
         <name>.text</name>
         <load_address>0x178b8</load_address>
         <run_address>0x178b8</run_address>
         <size>0x7a</size>
         <input_file_ref idref="fl-14e"/>
      </object_component>
      <object_component id="oc-52">
         <name>.text</name>
         <load_address>0x17932</load_address>
         <run_address>0x17932</run_address>
         <size>0x7a</size>
         <input_file_ref idref="fl-157"/>
      </object_component>
      <object_component id="oc-64">
         <name>.text</name>
         <load_address>0x179ac</load_address>
         <run_address>0x179ac</run_address>
         <size>0x6c</size>
         <input_file_ref idref="fl-163"/>
      </object_component>
      <object_component id="oc-45">
         <name>.text</name>
         <load_address>0x17a18</load_address>
         <run_address>0x17a18</run_address>
         <size>0x6a</size>
         <input_file_ref idref="fl-148"/>
      </object_component>
      <object_component id="oc-a1">
         <name>.text:GrStringWidthGet</name>
         <load_address>0x17a82</load_address>
         <run_address>0x17a82</run_address>
         <size>0x68</size>
         <input_file_ref idref="fl-1f"/>
      </object_component>
      <object_component id="oc-b2">
         <name>.text:DrawCross</name>
         <load_address>0x17aea</load_address>
         <run_address>0x17aea</run_address>
         <size>0x66</size>
         <input_file_ref idref="fl-b"/>
      </object_component>
      <object_component id="oc-214">
         <name>.text:GrRectDraw</name>
         <load_address>0x17b50</load_address>
         <run_address>0x17b50</run_address>
         <size>0x66</size>
         <input_file_ref idref="fl-20"/>
      </object_component>
      <object_component id="oc-498">
         <name>.text</name>
         <load_address>0x17bb6</load_address>
         <run_address>0x17bb6</run_address>
         <size>0x66</size>
         <input_file_ref idref="fl-175"/>
      </object_component>
      <object_component id="oc-242">
         <name>.text:GrContextInit</name>
         <load_address>0x17c1c</load_address>
         <run_address>0x17c1c</run_address>
         <size>0x64</size>
         <input_file_ref idref="fl-23"/>
      </object_component>
      <object_component id="oc-190">
         <name>.text:__aeabi_cfcmple</name>
         <load_address>0x17c80</load_address>
         <run_address>0x17c80</run_address>
         <size>0x60</size>
         <input_file_ref idref="fl-14c"/>
      </object_component>
      <object_component id="oc-195">
         <name>.text:__aeabi_cfrcmple</name>
         <load_address>0x17ce0</load_address>
         <run_address>0x17ce0</run_address>
         <size>0x60</size>
         <input_file_ref idref="fl-14c"/>
      </object_component>
      <object_component id="oc-19f">
         <name>.text</name>
         <load_address>0x17d40</load_address>
         <run_address>0x17d40</run_address>
         <size>0x60</size>
         <input_file_ref idref="fl-15a"/>
      </object_component>
      <object_component id="oc-288">
         <name>.text:FontWideGlyphDataGet</name>
         <load_address>0x17da0</load_address>
         <run_address>0x17da0</run_address>
         <size>0x5c</size>
         <input_file_ref idref="fl-1f"/>
      </object_component>
      <object_component id="oc-3eb">
         <name>.text</name>
         <load_address>0x17dfc</load_address>
         <run_address>0x17dfc</run_address>
         <size>0x56</size>
         <input_file_ref idref="fl-16e"/>
      </object_component>
      <object_component id="oc-419">
         <name>.text</name>
         <load_address>0x17e54</load_address>
         <run_address>0x17e54</run_address>
         <size>0x4c</size>
         <input_file_ref idref="fl-162"/>
      </object_component>
      <object_component id="oc-e9">
         <name>.text</name>
         <load_address>0x17ea0</load_address>
         <run_address>0x17ea0</run_address>
         <size>0x4c</size>
         <input_file_ref idref="fl-164"/>
      </object_component>
      <object_component id="oc-1db">
         <name>.text</name>
         <load_address>0x17eec</load_address>
         <run_address>0x17eec</run_address>
         <size>0x4c</size>
         <input_file_ref idref="fl-155"/>
      </object_component>
      <object_component id="oc-127">
         <name>.text:UpdateContextCharMapping</name>
         <load_address>0x17f38</load_address>
         <run_address>0x17f38</run_address>
         <size>0x4a</size>
         <input_file_ref idref="fl-1f"/>
      </object_component>
      <object_component id="oc-3e6">
         <name>.text</name>
         <load_address>0x17f82</load_address>
         <run_address>0x17f82</run_address>
         <size>0x48</size>
         <input_file_ref idref="fl-16a"/>
      </object_component>
      <object_component id="oc-170">
         <name>.text:GrLineDrawH</name>
         <load_address>0x17fca</load_address>
         <run_address>0x17fca</run_address>
         <size>0x46</size>
         <input_file_ref idref="fl-21"/>
      </object_component>
      <object_component id="oc-296">
         <name>.text:GrLineDrawV</name>
         <load_address>0x18010</load_address>
         <run_address>0x18010</run_address>
         <size>0x46</size>
         <input_file_ref idref="fl-21"/>
      </object_component>
      <object_component id="oc-401">
         <name>.text</name>
         <load_address>0x18056</load_address>
         <run_address>0x18056</run_address>
         <size>0x46</size>
         <input_file_ref idref="fl-16d"/>
      </object_component>
      <object_component id="oc-70">
         <name>.text</name>
         <load_address>0x1809c</load_address>
         <run_address>0x1809c</run_address>
         <size>0x44</size>
         <input_file_ref idref="fl-14a"/>
      </object_component>
      <object_component id="oc-31c">
         <name>.text</name>
         <load_address>0x180e0</load_address>
         <run_address>0x180e0</run_address>
         <size>0x42</size>
         <input_file_ref idref="fl-15d"/>
      </object_component>
      <object_component id="oc-512">
         <name>.text</name>
         <load_address>0x18124</load_address>
         <run_address>0x18124</run_address>
         <size>0x40</size>
         <input_file_ref idref="fl-17b"/>
      </object_component>
      <object_component id="oc-24">
         <name>.text</name>
         <load_address>0x18164</load_address>
         <run_address>0x18164</run_address>
         <size>0x3c</size>
         <input_file_ref idref="fl-146"/>
      </object_component>
      <object_component id="oc-28c">
         <name>.text:FontGlyphDataGet</name>
         <load_address>0x181a0</load_address>
         <run_address>0x181a0</run_address>
         <size>0x3a</size>
         <input_file_ref idref="fl-1f"/>
      </object_component>
      <object_component id="oc-3b5">
         <name>.text:GrClipCodeGet</name>
         <load_address>0x181da</load_address>
         <run_address>0x181da</run_address>
         <size>0x38</size>
         <input_file_ref idref="fl-21"/>
      </object_component>
      <object_component id="oc-19a">
         <name>.text</name>
         <load_address>0x18212</load_address>
         <run_address>0x18212</run_address>
         <size>0x38</size>
         <input_file_ref idref="fl-14f"/>
      </object_component>
      <object_component id="oc-8a">
         <name>.text</name>
         <load_address>0x1824a</load_address>
         <run_address>0x1824a</run_address>
         <size>0x38</size>
         <input_file_ref idref="fl-150"/>
      </object_component>
      <object_component id="oc-7b">
         <name>.text</name>
         <load_address>0x18282</load_address>
         <run_address>0x18282</run_address>
         <size>0x38</size>
         <input_file_ref idref="fl-152"/>
      </object_component>
      <object_component id="oc-4da">
         <name>.text</name>
         <load_address>0x182bc</load_address>
         <run_address>0x182bc</run_address>
         <size>0x34</size>
         <input_file_ref idref="fl-179"/>
      </object_component>
      <object_component id="oc-ad">
         <name>.text</name>
         <load_address>0x182f0</load_address>
         <run_address>0x182f0</run_address>
         <size>0x34</size>
         <input_file_ref idref="fl-151"/>
      </object_component>
      <object_component id="oc-4a6">
         <name>.text</name>
         <load_address>0x18324</load_address>
         <run_address>0x18324</run_address>
         <size>0x30</size>
         <input_file_ref idref="fl-176"/>
      </object_component>
      <object_component id="oc-3f1">
         <name>.text</name>
         <load_address>0x18354</load_address>
         <run_address>0x18354</run_address>
         <size>0x2e</size>
         <input_file_ref idref="fl-16c"/>
      </object_component>
      <object_component id="oc-502">
         <name>.text</name>
         <load_address>0x18382</load_address>
         <run_address>0x18382</run_address>
         <size>0x2e</size>
         <input_file_ref idref="fl-17a"/>
      </object_component>
      <object_component id="oc-a5">
         <name>.text:GrFontBaselineGet</name>
         <load_address>0x183b0</load_address>
         <run_address>0x183b0</run_address>
         <size>0x2a</size>
         <input_file_ref idref="fl-1f"/>
      </object_component>
      <object_component id="oc-40d">
         <name>.text</name>
         <load_address>0x183da</load_address>
         <run_address>0x183da</run_address>
         <size>0x2a</size>
         <input_file_ref idref="fl-173"/>
      </object_component>
      <object_component id="oc-12d">
         <name>.text:GrStringNextCharGet</name>
         <load_address>0x18404</load_address>
         <run_address>0x18404</run_address>
         <size>0x28</size>
         <input_file_ref idref="fl-1f"/>
      </object_component>
      <object_component id="oc-390">
         <name>.text:TFT_HW_Write</name>
         <load_address>0x1842c</load_address>
         <run_address>0x1842c</run_address>
         <size>0x28</size>
         <input_file_ref idref="fl-7"/>
      </object_component>
      <object_component id="oc-135">
         <name>.text:GrFontInfoGet</name>
         <load_address>0x18454</load_address>
         <run_address>0x18454</run_address>
         <size>0x26</size>
         <input_file_ref idref="fl-1f"/>
      </object_component>
      <object_component id="oc-168">
         <name>.text</name>
         <load_address>0x1847a</load_address>
         <run_address>0x1847a</run_address>
         <size>0x24</size>
         <input_file_ref idref="fl-15e"/>
      </object_component>
      <object_component id="oc-131">
         <name>.text:GrFontGlyphDataGet</name>
         <load_address>0x1849e</load_address>
         <run_address>0x1849e</run_address>
         <size>0x22</size>
         <input_file_ref idref="fl-1f"/>
      </object_component>
      <object_component id="oc-3fb">
         <name>.text</name>
         <load_address>0x184c0</load_address>
         <run_address>0x184c0</run_address>
         <size>0x22</size>
         <input_file_ref idref="fl-16b"/>
      </object_component>
      <object_component id="oc-27c">
         <name>.text:GrFontCodepageGet</name>
         <load_address>0x184e2</load_address>
         <run_address>0x184e2</run_address>
         <size>0x1e</size>
         <input_file_ref idref="fl-1f"/>
      </object_component>
      <object_component id="oc-413">
         <name>.text</name>
         <load_address>0x18500</load_address>
         <run_address>0x18500</run_address>
         <size>0x1a</size>
         <input_file_ref idref="fl-16f"/>
      </object_component>
      <object_component id="oc-6a">
         <name>.text</name>
         <load_address>0x1851c</load_address>
         <run_address>0x1851c</run_address>
         <size>0x18</size>
         <input_file_ref idref="fl-161"/>
      </object_component>
      <object_component id="oc-35b">
         <name>.text</name>
         <load_address>0x18534</load_address>
         <run_address>0x18534</run_address>
         <size>0x18</size>
         <input_file_ref idref="fl-154"/>
      </object_component>
      <object_component id="oc-407">
         <name>.text</name>
         <load_address>0x1854c</load_address>
         <run_address>0x1854c</run_address>
         <size>0x16</size>
         <input_file_ref idref="fl-170"/>
      </object_component>
      <object_component id="oc-26b">
         <name>.text</name>
         <load_address>0x18564</load_address>
         <run_address>0x18564</run_address>
         <size>0x14</size>
         <input_file_ref idref="fl-15f"/>
      </object_component>
      <object_component id="oc-3cc">
         <name>.text</name>
         <load_address>0x18578</load_address>
         <run_address>0x18578</run_address>
         <size>0x14</size>
         <input_file_ref idref="fl-171"/>
      </object_component>
      <object_component id="oc-a9">
         <name>.text:GrStringDraw</name>
         <load_address>0x1858c</load_address>
         <run_address>0x1858c</run_address>
         <size>0x10</size>
         <input_file_ref idref="fl-1f"/>
      </object_component>
      <object_component id="oc-218">
         <name>.text:GrImageDraw</name>
         <load_address>0x1859c</load_address>
         <run_address>0x1859c</run_address>
         <size>0xe</size>
         <input_file_ref idref="fl-22"/>
      </object_component>
      <object_component id="oc-12">
         <name>.text:decompress:none</name>
         <load_address>0x185aa</load_address>
         <run_address>0x185aa</run_address>
         <size>0xe</size>
         <input_file_ref idref="fl-147"/>
      </object_component>
      <object_component id="oc-1e">
         <name>.text:decompress:ZI</name>
         <load_address>0x185b8</load_address>
         <run_address>0x185b8</run_address>
         <size>0xc</size>
         <input_file_ref idref="fl-149"/>
      </object_component>
      <object_component id="oc-2a">
         <name>.text</name>
         <load_address>0x185c4</load_address>
         <run_address>0x185c4</run_address>
         <size>0xc</size>
         <input_file_ref idref="fl-8"/>
      </object_component>
      <object_component id="oc-47f">
         <name>.text:GrMapISO8859_1_Unicode</name>
         <load_address>0x185d0</load_address>
         <run_address>0x185d0</run_address>
         <size>0x8</size>
         <input_file_ref idref="fl-24"/>
      </object_component>
      <object_component id="oc-9d">
         <name>.text:GrContextFontSet</name>
         <load_address>0x185d8</load_address>
         <run_address>0x185d8</run_address>
         <size>0x6</size>
         <input_file_ref idref="fl-1f"/>
      </object_component>
      <object_component id="oc-18">
         <name>.text:decompress:rle24</name>
         <load_address>0x185de</load_address>
         <run_address>0x185de</run_address>
         <size>0x6</size>
         <input_file_ref idref="fl-148"/>
      </object_component>
      <object_component id="oc-5e">
         <name>.text</name>
         <load_address>0x185e4</load_address>
         <run_address>0x185e4</run_address>
         <size>0x4</size>
         <input_file_ref idref="fl-159"/>
      </object_component>
      <object_component id="oc-5a9">
         <name>.tramp.SSIDataGetNonBlocking.1</name>
         <load_address>0x185e8</load_address>
         <run_address>0x185e8</run_address>
         <size>0x8</size>
         <input_file_ref idref="fl-15"/>
      </object_component>
      <object_component id="oc-5a8">
         <name>.tramp.SSIEnable.1</name>
         <load_address>0x185f0</load_address>
         <run_address>0x185f0</run_address>
         <size>0x8</size>
         <input_file_ref idref="fl-15"/>
      </object_component>
      <object_component id="oc-5a7">
         <name>.tramp.GPIOPinWrite.1</name>
         <load_address>0x185f8</load_address>
         <run_address>0x185f8</run_address>
         <size>0x8</size>
         <input_file_ref idref="fl-12"/>
      </object_component>
      <object_component id="oc-5a6">
         <name>.tramp.SSIConfigSetExpClk.1</name>
         <load_address>0x18600</load_address>
         <run_address>0x18600</run_address>
         <size>0x8</size>
         <input_file_ref idref="fl-15"/>
      </object_component>
      <object_component id="oc-5a5">
         <name>.tramp.GPIOPinTypeGPIOOutput.1</name>
         <load_address>0x18608</load_address>
         <run_address>0x18608</run_address>
         <size>0x8</size>
         <input_file_ref idref="fl-12"/>
      </object_component>
      <object_component id="oc-5a4">
         <name>.tramp.GPIOPinTypeSSI.1</name>
         <load_address>0x18610</load_address>
         <run_address>0x18610</run_address>
         <size>0x8</size>
         <input_file_ref idref="fl-12"/>
      </object_component>
      <object_component id="oc-5a3">
         <name>.tramp.SSIDataGet.1</name>
         <load_address>0x18618</load_address>
         <run_address>0x18618</run_address>
         <size>0x8</size>
         <input_file_ref idref="fl-15"/>
      </object_component>
      <object_component id="oc-5a2">
         <name>.tramp.SSIDataPut.1</name>
         <load_address>0x18620</load_address>
         <run_address>0x18620</run_address>
         <size>0x8</size>
         <input_file_ref idref="fl-15"/>
      </object_component>
      <object_component id="oc-5a1">
         <name>.tramp.GPIOPinTypeADC.1</name>
         <load_address>0x18628</load_address>
         <run_address>0x18628</run_address>
         <size>0x8</size>
         <input_file_ref idref="fl-12"/>
      </object_component>
      <object_component id="oc-5a0">
         <name>.tramp.SysCtlGPIOAHBEnable.1</name>
         <load_address>0x18630</load_address>
         <run_address>0x18630</run_address>
         <size>0x8</size>
         <input_file_ref idref="fl-16"/>
      </object_component>
      <object_component id="oc-59f">
         <name>.tramp.I2CMasterEnable.1</name>
         <load_address>0x18638</load_address>
         <run_address>0x18638</run_address>
         <size>0x8</size>
         <input_file_ref idref="fl-13"/>
      </object_component>
      <object_component id="oc-59e">
         <name>.tramp.I2CMasterInitExpClk.1</name>
         <load_address>0x18640</load_address>
         <run_address>0x18640</run_address>
         <size>0x8</size>
         <input_file_ref idref="fl-13"/>
      </object_component>
      <object_component id="oc-59d">
         <name>.tramp.SysCtlClockGet.1</name>
         <load_address>0x18648</load_address>
         <run_address>0x18648</run_address>
         <size>0x8</size>
         <input_file_ref idref="fl-16"/>
      </object_component>
      <object_component id="oc-59c">
         <name>.tramp.GPIOPinConfigure.1</name>
         <load_address>0x18650</load_address>
         <run_address>0x18650</run_address>
         <size>0x8</size>
         <input_file_ref idref="fl-12"/>
      </object_component>
      <object_component id="oc-59b">
         <name>.tramp.GPIOPinTypeI2C.1</name>
         <load_address>0x18658</load_address>
         <run_address>0x18658</run_address>
         <size>0x8</size>
         <input_file_ref idref="fl-12"/>
      </object_component>
      <object_component id="oc-59a">
         <name>.tramp.SysCtlPeripheralEnable.1</name>
         <load_address>0x18660</load_address>
         <run_address>0x18660</run_address>
         <size>0x8</size>
         <input_file_ref idref="fl-16"/>
      </object_component>
      <object_component id="oc-599">
         <name>.tramp.I2CMasterDataGet.1</name>
         <load_address>0x18668</load_address>
         <run_address>0x18668</run_address>
         <size>0x8</size>
         <input_file_ref idref="fl-13"/>
      </object_component>
      <object_component id="oc-598">
         <name>.tramp.I2CMasterErr.1</name>
         <load_address>0x18670</load_address>
         <run_address>0x18670</run_address>
         <size>0x8</size>
         <input_file_ref idref="fl-13"/>
      </object_component>
      <object_component id="oc-597">
         <name>.tramp.I2CMasterControl.1</name>
         <load_address>0x18678</load_address>
         <run_address>0x18678</run_address>
         <size>0x8</size>
         <input_file_ref idref="fl-13"/>
      </object_component>
      <object_component id="oc-596">
         <name>.tramp.I2CMasterDataPut.1</name>
         <load_address>0x18680</load_address>
         <run_address>0x18680</run_address>
         <size>0x8</size>
         <input_file_ref idref="fl-13"/>
      </object_component>
      <object_component id="oc-595">
         <name>.tramp.I2CMasterSlaveAddrSet.1</name>
         <load_address>0x18688</load_address>
         <run_address>0x18688</run_address>
         <size>0x8</size>
         <input_file_ref idref="fl-13"/>
      </object_component>
      <object_component id="oc-594">
         <name>.tramp.I2CMasterBusy.1</name>
         <load_address>0x18690</load_address>
         <run_address>0x18690</run_address>
         <size>0x8</size>
         <input_file_ref idref="fl-13"/>
      </object_component>
      <object_component id="oc-593">
         <name>.tramp.SysCtlDelay.1</name>
         <load_address>0x18698</load_address>
         <run_address>0x18698</run_address>
         <size>0x8</size>
         <input_file_ref idref="fl-16"/>
      </object_component>
      <object_component id="oc-21c">
         <name>.const:.string:g_pucBackground</name>
         <load_address>0x11c</load_address>
         <run_address>0x11c</run_address>
         <size>0x9636</size>
         <input_file_ref idref="fl-3"/>
      </object_component>
      <object_component id="oc-341">
         <name>.const:g_pucCmss28bData</name>
         <load_address>0x9754</load_address>
         <run_address>0x9754</run_address>
         <size>0xbdf</size>
         <input_file_ref idref="fl-18"/>
      </object_component>
      <object_component id="oc-34b">
         <name>.const:g_pucCmss26bData</name>
         <load_address>0xa334</load_address>
         <run_address>0xa334</run_address>
         <size>0xad5</size>
         <input_file_ref idref="fl-19"/>
      </object_component>
      <object_component id="oc-346">
         <name>.const:g_pucCmss18bData</name>
         <load_address>0xae0c</load_address>
         <run_address>0xae0c</run_address>
         <size>0x782</size>
         <input_file_ref idref="fl-1a"/>
      </object_component>
      <object_component id="oc-350">
         <name>.const:g_pucCmss16bData</name>
         <load_address>0xb590</load_address>
         <run_address>0xb590</run_address>
         <size>0x6ca</size>
         <input_file_ref idref="fl-1b"/>
      </object_component>
      <object_component id="oc-148">
         <name>.const:g_pucCm14bData</name>
         <load_address>0xbc5c</load_address>
         <run_address>0xbc5c</run_address>
         <size>0x61e</size>
         <input_file_ref idref="fl-1e"/>
      </object_component>
      <object_component id="oc-307">
         <name>.const:g_pucCmss12bData</name>
         <load_address>0xc27c</load_address>
         <run_address>0xc27c</run_address>
         <size>0x5c7</size>
         <input_file_ref idref="fl-1c"/>
      </object_component>
      <object_component id="oc-300">
         <name>.const:g_pucCmss12Data</name>
         <load_address>0xc844</load_address>
         <run_address>0xc844</run_address>
         <size>0x514</size>
         <input_file_ref idref="fl-1d"/>
      </object_component>
      <object_component id="oc-4b4">
         <name>.const:.string:_ctypes_</name>
         <load_address>0xcd58</load_address>
         <run_address>0xcd58</run_address>
         <size>0x101</size>
         <input_file_ref idref="fl-165"/>
      </object_component>
      <object_component id="oc-c1">
         <name>.const:g_sFontCm14b</name>
         <load_address>0xce5c</load_address>
         <run_address>0xce5c</run_address>
         <size>0xc8</size>
         <input_file_ref idref="fl-1e"/>
      </object_component>
      <object_component id="oc-1a5">
         <name>.const:g_sFontCmss12</name>
         <load_address>0xcf24</load_address>
         <run_address>0xcf24</run_address>
         <size>0xc8</size>
         <input_file_ref idref="fl-1d"/>
      </object_component>
      <object_component id="oc-1ab">
         <name>.const:g_sFontCmss12b</name>
         <load_address>0xcfec</load_address>
         <run_address>0xcfec</run_address>
         <size>0xc8</size>
         <input_file_ref idref="fl-1c"/>
      </object_component>
      <object_component id="oc-1ea">
         <name>.const:g_sFontCmss16b</name>
         <load_address>0xd0b4</load_address>
         <run_address>0xd0b4</run_address>
         <size>0xc8</size>
         <input_file_ref idref="fl-1b"/>
      </object_component>
      <object_component id="oc-1e6">
         <name>.const:g_sFontCmss18b</name>
         <load_address>0xd17c</load_address>
         <run_address>0xd17c</run_address>
         <size>0xc8</size>
         <input_file_ref idref="fl-1a"/>
      </object_component>
      <object_component id="oc-1e8">
         <name>.const:g_sFontCmss26b</name>
         <load_address>0xd244</load_address>
         <run_address>0xd244</run_address>
         <size>0xc8</size>
         <input_file_ref idref="fl-19"/>
      </object_component>
      <object_component id="oc-1e4">
         <name>.const:g_sFontCmss28b</name>
         <load_address>0xd30c</load_address>
         <run_address>0xd30c</run_address>
         <size>0xc8</size>
         <input_file_ref idref="fl-18"/>
      </object_component>
      <object_component id="oc-321">
         <name>.const</name>
         <load_address>0xd3d4</load_address>
         <run_address>0xd3d4</run_address>
         <size>0x60</size>
         <input_file_ref idref="fl-158"/>
      </object_component>
      <object_component id="oc-24c">
         <name>.const:g_sILI9341_240x320x262K</name>
         <load_address>0xd434</load_address>
         <run_address>0xd434</run_address>
         <size>0x28</size>
         <input_file_ref idref="fl-7"/>
      </object_component>
      <object_component id="oc-be">
         <name>.const</name>
         <load_address>0xd45c</load_address>
         <run_address>0xd45c</run_address>
         <size>0x20</size>
         <input_file_ref idref="fl-b"/>
      </object_component>
      <object_component id="oc-3a2">
         <name>.const</name>
         <load_address>0xd47c</load_address>
         <run_address>0xd47c</run_address>
         <size>0x10</size>
         <input_file_ref idref="fl-23"/>
      </object_component>
      <object_component id="oc-355">
         <name>.const</name>
         <load_address>0xd48c</load_address>
         <run_address>0xd48c</run_address>
         <size>0xc</size>
         <input_file_ref idref="fl-5"/>
      </object_component>
      <object_component id="oc-358">
         <name>.const:.string</name>
         <load_address>0xd498</load_address>
         <run_address>0xd498</run_address>
         <size>0x6</size>
         <input_file_ref idref="fl-5"/>
      </object_component>
      <object_component id="oc-590">
         <name>.cinit..data.load</name>
         <load_address>0x18de8</load_address>
         <run_address>0x18de8</run_address>
         <size>0xae</size>
      </object_component>
      <object_component id="oc-58e">
         <name>__TI_handler_table</name>
         <load_address>0x18e98</load_address>
         <run_address>0x18e98</run_address>
         <size>0xc</size>
      </object_component>
      <object_component id="oc-591">
         <name>.cinit..bss.load</name>
         <load_address>0x18ea8</load_address>
         <run_address>0x18ea8</run_address>
         <size>0x8</size>
      </object_component>
      <object_component id="oc-58f">
         <name>__TI_cinit_table</name>
         <load_address>0x18eb0</load_address>
         <run_address>0x18eb0</run_address>
         <size>0x10</size>
      </object_component>
      <object_component id="oc-29">
         <name>.stack</name>
         <uninitialized>true</uninitialized>
         <run_address>0x2000081c</run_address>
         <size>0x0</size>
         <input_file_ref idref="fl-146"/>
      </object_component>
      <object_component id="oc-592">
         <name>.stack</name>
         <uninitialized>true</uninitialized>
         <run_address>0x2000081c</run_address>
         <size>0x0</size>
      </object_component>
      <object_component id="oc-18d">
         <name>.bss:sContext</name>
         <uninitialized>true</uninitialized>
         <run_address>0x200006dc</run_address>
         <size>0x2c</size>
         <input_file_ref idref="fl-9"/>
      </object_component>
      <object_component id="oc-1d2">
         <name>.bss:pressure_history_data_time</name>
         <uninitialized>true</uninitialized>
         <run_address>0x200004e0</run_address>
         <size>0x5c</size>
         <input_file_ref idref="fl-9"/>
      </object_component>
      <object_component id="oc-1d5">
         <name>.bss:pressure_history_loaded_data</name>
         <uninitialized>true</uninitialized>
         <run_address>0x200005d8</run_address>
         <size>0x34</size>
         <input_file_ref idref="fl-9"/>
      </object_component>
      <object_component id="oc-1d8">
         <name>.bss:pressure_history_loaded_data_time</name>
         <uninitialized>true</uninitialized>
         <run_address>0x2000060c</run_address>
         <size>0x34</size>
         <input_file_ref idref="fl-9"/>
      </object_component>
      <object_component id="oc-17b">
         <name>.bss:daily_temp</name>
         <uninitialized>true</uninitialized>
         <run_address>0x20000300</run_address>
         <size>0x60</size>
         <input_file_ref idref="fl-9"/>
      </object_component>
      <object_component id="oc-1b0">
         <name>.bss:daily_temp_to_save</name>
         <uninitialized>true</uninitialized>
         <run_address>0x20000360</run_address>
         <size>0x60</size>
         <input_file_ref idref="fl-9"/>
      </object_component>
      <object_component id="oc-17e">
         <name>.bss:daily_temp_time</name>
         <uninitialized>true</uninitialized>
         <run_address>0x200000a8</run_address>
         <size>0xa8</size>
         <input_file_ref idref="fl-9"/>
      </object_component>
      <object_component id="oc-16d">
         <name>.bss:loaded_daily_temp</name>
         <uninitialized>true</uninitialized>
         <run_address>0x20000480</run_address>
         <size>0x60</size>
         <input_file_ref idref="fl-9"/>
      </object_component>
      <object_component id="oc-174">
         <name>.bss:f_loaded_daily_temp</name>
         <uninitialized>true</uninitialized>
         <run_address>0x200003c0</run_address>
         <size>0x60</size>
         <input_file_ref idref="fl-9"/>
      </object_component>
      <object_component id="oc-177">
         <name>.bss:loaded_daily_temp_time</name>
         <uninitialized>true</uninitialized>
         <run_address>0x200001f8</run_address>
         <size>0xa8</size>
         <input_file_ref idref="fl-9"/>
      </object_component>
      <object_component id="oc-1b4">
         <name>.bss:weekly_max_temp_time</name>
         <uninitialized>true</uninitialized>
         <run_address>0x20000674</run_address>
         <size>0x34</size>
         <input_file_ref idref="fl-9"/>
      </object_component>
      <object_component id="oc-1b9">
         <name>.bss:weekly_min_temp_time</name>
         <uninitialized>true</uninitialized>
         <run_address>0x200006a8</run_address>
         <size>0x34</size>
         <input_file_ref idref="fl-9"/>
      </object_component>
      <object_component id="oc-1c1">
         <name>.bss:loaded_weekly_max_temp_time</name>
         <uninitialized>true</uninitialized>
         <run_address>0x20000570</run_address>
         <size>0x34</size>
         <input_file_ref idref="fl-9"/>
      </object_component>
      <object_component id="oc-1c5">
         <name>.bss:loaded_weekly_min_temp_time</name>
         <uninitialized>true</uninitialized>
         <run_address>0x200005a4</run_address>
         <size>0x34</size>
         <input_file_ref idref="fl-9"/>
      </object_component>
      <object_component id="oc-184">
         <name>.bss:daily_humidity</name>
         <uninitialized>true</uninitialized>
         <run_address>0x200002a0</run_address>
         <size>0x60</size>
         <input_file_ref idref="fl-9"/>
      </object_component>
      <object_component id="oc-18a">
         <name>.bss:daily_humidity_time</name>
         <uninitialized>true</uninitialized>
         <run_address>0x20000000</run_address>
         <size>0xa8</size>
         <input_file_ref idref="fl-9"/>
      </object_component>
      <object_component id="oc-187">
         <name>.bss:loaded_daily_humidity</name>
         <uninitialized>true</uninitialized>
         <run_address>0x20000420</run_address>
         <size>0x60</size>
         <input_file_ref idref="fl-9"/>
      </object_component>
      <object_component id="oc-181">
         <name>.bss:loaded_daily_humidity_time</name>
         <uninitialized>true</uninitialized>
         <run_address>0x20000150</run_address>
         <size>0xa8</size>
         <input_file_ref idref="fl-9"/>
      </object_component>
      <object_component id="oc-1bd">
         <name>.bss:weekly_humidity_time</name>
         <uninitialized>true</uninitialized>
         <run_address>0x20000640</run_address>
         <size>0x34</size>
         <input_file_ref idref="fl-9"/>
      </object_component>
      <object_component id="oc-1c8">
         <name>.bss:loaded_weekly_humidity_time</name>
         <uninitialized>true</uninitialized>
         <run_address>0x2000053c</run_address>
         <size>0x34</size>
         <input_file_ref idref="fl-9"/>
      </object_component>
      <object_component id="oc-468">
         <name>.bss</name>
         <uninitialized>true</uninitialized>
         <run_address>0x20000708</run_address>
         <size>0x20</size>
         <input_file_ref idref="fl-22"/>
      </object_component>
      <object_component id="oc-3a4">
         <name>.bss</name>
         <uninitialized>true</uninitialized>
         <run_address>0x20000804</run_address>
         <size>0x4</size>
         <input_file_ref idref="fl-23"/>
      </object_component>
      <object_component id="oc-1b3">
         <name>.common:weekly_max_temp</name>
         <uninitialized>true</uninitialized>
         <run_address>0x20000798</run_address>
         <size>0x1c</size>
      </object_component>
      <object_component id="oc-1b8">
         <name>.common:weekly_min_temp</name>
         <uninitialized>true</uninitialized>
         <run_address>0x200007b4</run_address>
         <size>0x1c</size>
      </object_component>
      <object_component id="oc-1b7">
         <name>.common:weekly_temp_to_save</name>
         <uninitialized>true</uninitialized>
         <run_address>0x200007d0</run_address>
         <size>0x1c</size>
      </object_component>
      <object_component id="oc-1c0">
         <name>.common:loaded_weekly_max_temp</name>
         <uninitialized>true</uninitialized>
         <run_address>0x20000744</run_address>
         <size>0x1c</size>
      </object_component>
      <object_component id="oc-1c4">
         <name>.common:loaded_weekly_min_temp</name>
         <uninitialized>true</uninitialized>
         <run_address>0x20000760</run_address>
         <size>0x1c</size>
      </object_component>
      <object_component id="oc-1bc">
         <name>.common:weekly_humidity</name>
         <uninitialized>true</uninitialized>
         <run_address>0x2000077c</run_address>
         <size>0x1c</size>
      </object_component>
      <object_component id="oc-1cb">
         <name>.common:loaded_weekly_humidity</name>
         <uninitialized>true</uninitialized>
         <run_address>0x20000728</run_address>
         <size>0x1c</size>
      </object_component>
      <object_component id="oc-17a">
         <name>.common:displayed_data</name>
         <uninitialized>true</uninitialized>
         <run_address>0x200007ec</run_address>
         <size>0x18</size>
      </object_component>
      <object_component id="oc-15e">
         <name>.common:firstX</name>
         <uninitialized>true</uninitialized>
         <run_address>0x20000808</run_address>
         <size>0x4</size>
      </object_component>
      <object_component id="oc-161">
         <name>.common:firstY</name>
         <uninitialized>true</uninitialized>
         <run_address>0x2000080c</run_address>
         <size>0x4</size>
      </object_component>
      <object_component id="oc-97">
         <name>.common:g_pfnTSHandler</name>
         <uninitialized>true</uninitialized>
         <run_address>0x20000810</run_address>
         <size>0x4</size>
      </object_component>
      <object_component id="oc-9a">
         <name>.common:g_i16TouchX</name>
         <uninitialized>true</uninitialized>
         <run_address>0x20000818</run_address>
         <size>0x2</size>
      </object_component>
      <object_component id="oc-9b">
         <name>.common:g_i16TouchY</name>
         <uninitialized>true</uninitialized>
         <run_address>0x2000081a</run_address>
         <size>0x2</size>
      </object_component>
      <object_component id="oc-9c">
         <name>.common:g_u32TouchDebouncer</name>
         <uninitialized>true</uninitialized>
         <run_address>0x20000814</run_address>
         <size>0x4</size>
      </object_component>
      <object_component id="oc-15b">
         <name>.data</name>
         <load_address>0x200011f0</load_address>
         <run_address>0x200011f0</run_address>
         <size>0x22</size>
         <input_file_ref idref="fl-9"/>
      </object_component>
      <object_component id="oc-1e1">
         <name>.data:pressure_history_data</name>
         <load_address>0x20001198</load_address>
         <run_address>0x20001198</run_address>
         <size>0x34</size>
         <input_file_ref idref="fl-9"/>
      </object_component>
      <object_component id="oc-1ad">
         <name>.data:day_of_the_week</name>
         <load_address>0x20001150</load_address>
         <run_address>0x20001150</run_address>
         <size>0x46</size>
         <input_file_ref idref="fl-9"/>
      </object_component>
      <object_component id="oc-94">
         <name>.data</name>
         <load_address>0x20001214</load_address>
         <run_address>0x20001214</run_address>
         <size>0x19</size>
         <input_file_ref idref="fl-b"/>
      </object_component>
      <object_component id="oc-fc">
         <name>.data</name>
         <load_address>0x20001248</load_address>
         <run_address>0x20001248</run_address>
         <size>0x8</size>
         <input_file_ref idref="fl-14a"/>
      </object_component>
      <object_component id="oc-335">
         <name>.data:local_tm</name>
         <load_address>0x200011cc</load_address>
         <run_address>0x200011cc</run_address>
         <size>0x24</size>
         <input_file_ref idref="fl-155"/>
      </object_component>
      <object_component id="oc-76">
         <name>.data</name>
         <load_address>0x2000125c</load_address>
         <run_address>0x2000125c</run_address>
         <size>0x4</size>
         <input_file_ref idref="fl-15b"/>
      </object_component>
      <object_component id="oc-324">
         <name>.data</name>
         <load_address>0x20001230</load_address>
         <run_address>0x20001230</run_address>
         <size>0x10</size>
         <input_file_ref idref="fl-15c"/>
      </object_component>
      <object_component id="oc-f9">
         <name>.data</name>
         <load_address>0x20001240</load_address>
         <run_address>0x20001240</run_address>
         <size>0x8</size>
         <input_file_ref idref="fl-15f"/>
      </object_component>
      <object_component id="oc-4d5">
         <name>.data</name>
         <load_address>0x200010d0</load_address>
         <run_address>0x200010d0</run_address>
         <size>0x80</size>
         <input_file_ref idref="fl-177"/>
      </object_component>
      <object_component id="oc-4e0">
         <name>.data</name>
         <load_address>0x20001258</load_address>
         <run_address>0x20001258</run_address>
         <size>0x4</size>
         <input_file_ref idref="fl-178"/>
      </object_component>
      <object_component id="oc-508">
         <name>.data</name>
         <load_address>0x20001250</load_address>
         <run_address>0x20001250</run_address>
         <size>0x8</size>
         <input_file_ref idref="fl-179"/>
      </object_component>
      <object_component id="oc-523">
         <name>.data:sigtable</name>
         <load_address>0x20001020</load_address>
         <run_address>0x20001020</run_address>
         <size>0xb0</size>
         <input_file_ref idref="fl-17b"/>
      </object_component>
      <object_component id="oc-3a9">
         <name>.debug_info</name>
         <load_address>0x0</load_address>
         <run_address>0x0</run_address>
         <size>0x270</size>
         <input_file_ref idref="fl-2"/>
      </object_component>
      <object_component id="oc-247">
         <name>.debug_info</name>
         <load_address>0x270</load_address>
         <run_address>0x270</run_address>
         <size>0xeb0</size>
         <input_file_ref idref="fl-2"/>
      </object_component>
      <object_component id="oc-25f">
         <name>.debug_info</name>
         <load_address>0x1120</load_address>
         <run_address>0x1120</run_address>
         <size>0x27d</size>
         <input_file_ref idref="fl-2"/>
      </object_component>
      <object_component id="oc-d0">
         <name>.debug_info</name>
         <load_address>0x139d</load_address>
         <run_address>0x139d</run_address>
         <size>0x84</size>
         <input_file_ref idref="fl-2"/>
      </object_component>
      <object_component id="oc-c9">
         <name>.debug_info</name>
         <load_address>0x1421</load_address>
         <run_address>0x1421</run_address>
         <size>0x18b</size>
         <input_file_ref idref="fl-2"/>
      </object_component>
      <object_component id="oc-250">
         <name>.debug_info</name>
         <load_address>0x15ac</load_address>
         <run_address>0x15ac</run_address>
         <size>0x2c</size>
         <input_file_ref idref="fl-2"/>
      </object_component>
      <object_component id="oc-2fb">
         <name>.debug_info</name>
         <load_address>0x15d8</load_address>
         <run_address>0x15d8</run_address>
         <size>0x4e</size>
         <input_file_ref idref="fl-2"/>
      </object_component>
      <object_component id="oc-27b">
         <name>.debug_info</name>
         <load_address>0x1626</load_address>
         <run_address>0x1626</run_address>
         <size>0x2f4</size>
         <input_file_ref idref="fl-3"/>
      </object_component>
      <object_component id="oc-21d">
         <name>.debug_info</name>
         <load_address>0x191a</load_address>
         <run_address>0x191a</run_address>
         <size>0xea</size>
         <input_file_ref idref="fl-3"/>
      </object_component>
      <object_component id="oc-11d">
         <name>.debug_info</name>
         <load_address>0x1a04</load_address>
         <run_address>0x1a04</run_address>
         <size>0x6bb</size>
         <input_file_ref idref="fl-3"/>
      </object_component>
      <object_component id="oc-366">
         <name>.debug_info</name>
         <load_address>0x20bf</load_address>
         <run_address>0x20bf</run_address>
         <size>0x1e8</size>
         <input_file_ref idref="fl-5"/>
      </object_component>
      <object_component id="oc-356">
         <name>.debug_info</name>
         <load_address>0x22a7</load_address>
         <run_address>0x22a7</run_address>
         <size>0xd6</size>
         <input_file_ref idref="fl-5"/>
      </object_component>
      <object_component id="oc-359">
         <name>.debug_info</name>
         <load_address>0x237d</load_address>
         <run_address>0x237d</run_address>
         <size>0xd6</size>
         <input_file_ref idref="fl-5"/>
      </object_component>
      <object_component id="oc-1ed">
         <name>.debug_info</name>
         <load_address>0x2453</load_address>
         <run_address>0x2453</run_address>
         <size>0x2a5b</size>
         <input_file_ref idref="fl-5"/>
      </object_component>
      <object_component id="oc-25a">
         <name>.debug_info</name>
         <load_address>0x4eae</load_address>
         <run_address>0x4eae</run_address>
         <size>0x3e7</size>
         <input_file_ref idref="fl-5"/>
      </object_component>
      <object_component id="oc-39d">
         <name>.debug_info</name>
         <load_address>0x5295</load_address>
         <run_address>0x5295</run_address>
         <size>0x350</size>
         <input_file_ref idref="fl-7"/>
      </object_component>
      <object_component id="oc-24d">
         <name>.debug_info</name>
         <load_address>0x55e5</load_address>
         <run_address>0x55e5</run_address>
         <size>0x105</size>
         <input_file_ref idref="fl-7"/>
      </object_component>
      <object_component id="oc-391">
         <name>.debug_info</name>
         <load_address>0x56ea</load_address>
         <run_address>0x56ea</run_address>
         <size>0x15b</size>
         <input_file_ref idref="fl-7"/>
      </object_component>
      <object_component id="oc-38a">
         <name>.debug_info</name>
         <load_address>0x5845</load_address>
         <run_address>0x5845</run_address>
         <size>0x26a</size>
         <input_file_ref idref="fl-7"/>
      </object_component>
      <object_component id="oc-23d">
         <name>.debug_info</name>
         <load_address>0x5aaf</load_address>
         <run_address>0x5aaf</run_address>
         <size>0x16dc</size>
         <input_file_ref idref="fl-7"/>
      </object_component>
      <object_component id="oc-38">
         <name>.debug_info</name>
         <load_address>0x718b</load_address>
         <run_address>0x718b</run_address>
         <size>0x13b</size>
         <input_file_ref idref="fl-8"/>
      </object_component>
      <object_component id="oc-10">
         <name>.debug_info</name>
         <load_address>0x72c6</load_address>
         <run_address>0x72c6</run_address>
         <size>0xee</size>
         <input_file_ref idref="fl-8"/>
      </object_component>
      <object_component id="oc-2b">
         <name>.debug_info</name>
         <load_address>0x73b4</load_address>
         <run_address>0x73b4</run_address>
         <size>0x241</size>
         <input_file_ref idref="fl-8"/>
      </object_component>
      <object_component id="oc-15f">
         <name>.debug_info</name>
         <load_address>0x75f5</load_address>
         <run_address>0x75f5</run_address>
         <size>0x101d</size>
         <input_file_ref idref="fl-9"/>
      </object_component>
      <object_component id="oc-18e">
         <name>.debug_info</name>
         <load_address>0x8612</load_address>
         <run_address>0x8612</run_address>
         <size>0xd6</size>
         <input_file_ref idref="fl-9"/>
      </object_component>
      <object_component id="oc-15c">
         <name>.debug_info</name>
         <load_address>0x86e8</load_address>
         <run_address>0x86e8</run_address>
         <size>0x3d6</size>
         <input_file_ref idref="fl-9"/>
      </object_component>
      <object_component id="oc-1e2">
         <name>.debug_info</name>
         <load_address>0x8abe</load_address>
         <run_address>0x8abe</run_address>
         <size>0xf0</size>
         <input_file_ref idref="fl-9"/>
      </object_component>
      <object_component id="oc-1d3">
         <name>.debug_info</name>
         <load_address>0x8bae</load_address>
         <run_address>0x8bae</run_address>
         <size>0xfa</size>
         <input_file_ref idref="fl-9"/>
      </object_component>
      <object_component id="oc-1d6">
         <name>.debug_info</name>
         <load_address>0x8ca8</load_address>
         <run_address>0x8ca8</run_address>
         <size>0xfe</size>
         <input_file_ref idref="fl-9"/>
      </object_component>
      <object_component id="oc-1d9">
         <name>.debug_info</name>
         <load_address>0x8da6</load_address>
         <run_address>0x8da6</run_address>
         <size>0x108</size>
         <input_file_ref idref="fl-9"/>
      </object_component>
      <object_component id="oc-17c">
         <name>.debug_info</name>
         <load_address>0x8eae</load_address>
         <run_address>0x8eae</run_address>
         <size>0xda</size>
         <input_file_ref idref="fl-9"/>
      </object_component>
      <object_component id="oc-1b1">
         <name>.debug_info</name>
         <load_address>0x8f88</load_address>
         <run_address>0x8f88</run_address>
         <size>0xea</size>
         <input_file_ref idref="fl-9"/>
      </object_component>
      <object_component id="oc-17f">
         <name>.debug_info</name>
         <load_address>0x9072</load_address>
         <run_address>0x9072</run_address>
         <size>0xe4</size>
         <input_file_ref idref="fl-9"/>
      </object_component>
      <object_component id="oc-16e">
         <name>.debug_info</name>
         <load_address>0x9156</load_address>
         <run_address>0x9156</run_address>
         <size>0xe8</size>
         <input_file_ref idref="fl-9"/>
      </object_component>
      <object_component id="oc-175">
         <name>.debug_info</name>
         <load_address>0x923e</load_address>
         <run_address>0x923e</run_address>
         <size>0xec</size>
         <input_file_ref idref="fl-9"/>
      </object_component>
      <object_component id="oc-178">
         <name>.debug_info</name>
         <load_address>0x932a</load_address>
         <run_address>0x932a</run_address>
         <size>0xf2</size>
         <input_file_ref idref="fl-9"/>
      </object_component>
      <object_component id="oc-1b5">
         <name>.debug_info</name>
         <load_address>0x941c</load_address>
         <run_address>0x941c</run_address>
         <size>0xee</size>
         <input_file_ref idref="fl-9"/>
      </object_component>
      <object_component id="oc-1ba">
         <name>.debug_info</name>
         <load_address>0x950a</load_address>
         <run_address>0x950a</run_address>
         <size>0xee</size>
         <input_file_ref idref="fl-9"/>
      </object_component>
      <object_component id="oc-1c2">
         <name>.debug_info</name>
         <load_address>0x95f8</load_address>
         <run_address>0x95f8</run_address>
         <size>0xfc</size>
         <input_file_ref idref="fl-9"/>
      </object_component>
      <object_component id="oc-1c6">
         <name>.debug_info</name>
         <load_address>0x96f4</load_address>
         <run_address>0x96f4</run_address>
         <size>0xfc</size>
         <input_file_ref idref="fl-9"/>
      </object_component>
      <object_component id="oc-185">
         <name>.debug_info</name>
         <load_address>0x97f0</load_address>
         <run_address>0x97f0</run_address>
         <size>0xe2</size>
         <input_file_ref idref="fl-9"/>
      </object_component>
      <object_component id="oc-18b">
         <name>.debug_info</name>
         <load_address>0x98d2</load_address>
         <run_address>0x98d2</run_address>
         <size>0xec</size>
         <input_file_ref idref="fl-9"/>
      </object_component>
      <object_component id="oc-188">
         <name>.debug_info</name>
         <load_address>0x99be</load_address>
         <run_address>0x99be</run_address>
         <size>0xf0</size>
         <input_file_ref idref="fl-9"/>
      </object_component>
      <object_component id="oc-182">
         <name>.debug_info</name>
[...]
      <symbol id="sm-819">
         <name>SSIDataGet</name>
         <value>0x18d89</value>
         <object_component_ref idref="oc-2b5"/>
      </symbol>
      <symbol id="sm-81a">
         <name>SSIDataGetNonBlocking</name>
         <value>0x18d65</value>
         <object_component_ref idref="oc-2d3"/>
      </symbol>
      <symbol id="sm-81b">
         <name>SSIDataPut</name>
         <value>0x18da3</value>
         <object_component_ref idref="oc-2b0"/>
      </symbol>
      <symbol id="sm-81c">
         <name>SSIEnable</name>
         <value>0x18db9</value>
         <object_component_ref idref="oc-2ce"/>
      </symbol>
      <symbol id="sm-857">
         <name>SysCtlDelay</name>
         <value>0x18dcd</value>
         <object_component_ref idref="oc-1f2"/>
      </symbol>
      <symbol id="sm-858">
         <name>SysCtlClockGet</name>
         <value>0x188e5</value>
         <object_component_ref idref="oc-22e"/>
      </symbol>
      <symbol id="sm-859">
         <name>SysCtlGPIOAHBEnable</name>
         <value>0x18d79</value>
         <object_component_ref idref="oc-397"/>
      </symbol>
      <symbol id="sm-85a">
         <name>SysCtlPeripheralEnable</name>
         <value>0x18bd1</value>
         <object_component_ref idref="oc-21f"/>
      </symbol>
      <symbol id="sm-87c">
         <name>g_sFontCmss28b</name>
         <value>0xd30c</value>
         <object_component_ref idref="oc-1e4"/>
      </symbol>
      <symbol id="sm-88c">
         <name>g_sFontCmss26b</name>
         <value>0xd244</value>
         <object_component_ref idref="oc-1e8"/>
      </symbol>
      <symbol id="sm-89c">
         <name>g_sFontCmss18b</name>
         <value>0xd17c</value>
         <object_component_ref idref="oc-1e6"/>
      </symbol>
      <symbol id="sm-8ac">
         <name>g_sFontCmss16b</name>
         <value>0xd0b4</value>
         <object_component_ref idref="oc-1ea"/>
      </symbol>
      <symbol id="sm-8bc">
         <name>g_sFontCmss12b</name>
         <value>0xcfec</value>
         <object_component_ref idref="oc-1ab"/>
      </symbol>
      <symbol id="sm-8cc">
         <name>g_sFontCmss12</name>
         <value>0xcf24</value>
         <object_component_ref idref="oc-1a5"/>
      </symbol>
      <symbol id="sm-8dc">
         <name>g_sFontCm14b</name>
         <value>0xce5c</value>
         <object_component_ref idref="oc-c1"/>
      </symbol>
      <symbol id="sm-a22">
         <name>GrFontInfoGet</name>
         <value>0x18455</value>
         <object_component_ref idref="oc-135"/>
      </symbol>
      <symbol id="sm-a23">
         <name>GrDefaultStringRenderer</name>
         <value>0x173d1</value>
         <object_component_ref idref="oc-39e"/>
      </symbol>
      <symbol id="sm-a24">
         <name>GrFontGlyphRender</name>
         <value>0x16565</value>
         <object_component_ref idref="oc-47a"/>
      </symbol>
      <symbol id="sm-a25">
         <name>GrContextFontSet</name>
         <value>0x185d9</value>
         <object_component_ref idref="oc-9d"/>
      </symbol>
      <symbol id="sm-a26">
         <name>GrFontGlyphDataGet</name>
         <value>0x1849f</value>
         <object_component_ref idref="oc-131"/>
      </symbol>
      <symbol id="sm-a27">
         <name>GrStringDraw</name>
         <value>0x1858d</value>
         <object_component_ref idref="oc-a9"/>
      </symbol>
      <symbol id="sm-a28">
         <name>GrFontCodepageGet</name>
         <value>0x184e3</value>
         <object_component_ref idref="oc-27c"/>
      </symbol>
      <symbol id="sm-a29">
         <name>GrStringNextCharGet</name>
         <value>0x18405</value>
         <object_component_ref idref="oc-12d"/>
      </symbol>
      <symbol id="sm-a2a">
         <name>GrStringWidthGet</name>
         <value>0x17a83</value>
         <object_component_ref idref="oc-a1"/>
      </symbol>
      <symbol id="sm-a2b">
         <name>GrFontBaselineGet</name>
         <value>0x183b1</value>
         <object_component_ref idref="oc-a5"/>
      </symbol>
      <symbol id="sm-a46">
         <name>GrRectFill</name>
         <value>0x175ef</value>
         <object_component_ref idref="oc-1a7"/>
      </symbol>
      <symbol id="sm-a47">
         <name>GrRectDraw</name>
         <value>0x17b51</value>
         <object_component_ref idref="oc-214"/>
      </symbol>
      <symbol id="sm-ac4">
         <name>GrLineDrawH</name>
         <value>0x17fcb</value>
         <object_component_ref idref="oc-170"/>
      </symbol>
      <symbol id="sm-ac5">
         <name>GrLineDrawV</name>
         <value>0x18011</value>
         <object_component_ref idref="oc-296"/>
      </symbol>
      <symbol id="sm-ac6">
         <name>GrLineDraw</name>
         <value>0x16ecb</value>
         <object_component_ref idref="oc-141"/>
      </symbol>
      <symbol id="sm-bd4">
         <name>GrImageDraw</name>
         <value>0x1859d</value>
         <object_component_ref idref="oc-218"/>
      </symbol>
      <symbol id="sm-bef">
         <name>GrContextInit</name>
         <value>0x17c1d</value>
         <object_component_ref idref="oc-242"/>
      </symbol>
      <symbol id="sm-bf0">
         <name>g_psDefaultCodePointMapTable</name>
         <value>0xd47c</value>
         <object_component_ref idref="oc-3a2"/>
      </symbol>
      <symbol id="sm-bfb">
         <name>GrMapISO8859_1_Unicode</name>
         <value>0x185d1</value>
         <object_component_ref idref="oc-47f"/>
      </symbol>
      <symbol id="sm-c0b">
         <name>_c_int00</name>
         <value>0x18165</value>
         <object_component_ref idref="oc-24"/>
      </symbol>
      <symbol id="sm-c0c">
         <name>__stack</name>
         <value>0x2000081c</value>
         <object_component_ref idref="oc-29"/>
      </symbol>
      <symbol id="sm-c23">
         <name>__TI_decompress_none</name>
         <value>0x185ab</value>
         <object_component_ref idref="oc-12"/>
      </symbol>
      <symbol id="sm-c4b">
         <name>__TI_decompress_rle24</name>
         <value>0x185df</value>
         <object_component_ref idref="oc-18"/>
      </symbol>
      <symbol id="sm-c5d">
         <name>__TI_zero_init</name>
         <value>0x185b9</value>
         <object_component_ref idref="oc-1e"/>
      </symbol>
      <symbol id="sm-c7c">
         <name>C$$EXIT</name>
         <value>0x1809d</value>
         <object_component_ref idref="oc-70"/>
      </symbol>
      <symbol id="sm-c7d">
         <name>abort</name>
         <value>0x180a1</value>
         <object_component_ref idref="oc-70"/>
      </symbol>
      <symbol id="sm-c7e">
         <name>exit</name>
         <value>0x180a9</value>
         <object_component_ref idref="oc-70"/>
      </symbol>
      <symbol id="sm-c7f">
         <name>__TI_dtors_ptr</name>
         <value>0x2000124c</value>
         <object_component_ref idref="oc-fc"/>
      </symbol>
      <symbol id="sm-c80">
         <name>__TI_cleanup_ptr</name>
         <value>0x20001248</value>
         <object_component_ref idref="oc-fc"/>
      </symbol>
      <symbol id="sm-c98">
         <name>__aeabi_fadd</name>
         <value>0x17209</value>
         <object_component_ref idref="oc-85"/>
      </symbol>
      <symbol id="sm-c99">
         <name>__aeabi_fsub</name>
         <value>0x17205</value>
         <object_component_ref idref="oc-85"/>
      </symbol>
      <symbol id="sm-cb4">
         <name>__aeabi_cfrcmple</name>
         <value>0x17ce1</value>
         <object_component_ref idref="oc-195"/>
      </symbol>
      <symbol id="sm-cb5">
         <name>__aeabi_cfcmpeq</name>
         <value>0x17c81</value>
         <object_component_ref idref="oc-190"/>
      </symbol>
      <symbol id="sm-cb6">
         <name>__aeabi_cfcmple</name>
         <value>0x17c81</value>
         <object_component_ref idref="oc-190"/>
      </symbol>
      <symbol id="sm-ccb">
         <name>__aeabi_fdiv</name>
         <value>0x17689</value>
         <object_component_ref idref="oc-b9"/>
      </symbol>
      <symbol id="sm-cdd">
         <name>__aeabi_fmul</name>
         <value>0x178b9</value>
         <object_component_ref idref="oc-80"/>
      </symbol>
      <symbol id="sm-ceb">
         <name>__aeabi_f2d</name>
         <value>0x18213</value>
         <object_component_ref idref="oc-19a"/>
      </symbol>
      <symbol id="sm-cf7">
         <name>__aeabi_f2iz</name>
         <value>0x1824b</value>
         <object_component_ref idref="oc-8a"/>
      </symbol>
      <symbol id="sm-d03">
         <name>__aeabi_f2uiz</name>
         <value>0x182f1</value>
         <object_component_ref idref="oc-ad"/>
      </symbol>
      <symbol id="sm-d10">
         <name>__aeabi_i2f</name>
         <value>0x18283</value>
         <object_component_ref idref="oc-7b"/>
      </symbol>
      <symbol id="sm-d3f">
         <name>__aeabi_ldivmod</name>
         <value>0x167cb</value>
         <object_component_ref idref="oc-360"/>
      </symbol>
      <symbol id="sm-d4c">
         <name>__aeabi_lmul</name>
         <value>0x18535</value>
         <object_component_ref idref="oc-35b"/>
      </symbol>
      <symbol id="sm-d69">
         <name>localtime</name>
         <value>0x17eed</value>
         <object_component_ref idref="oc-1db"/>
      </symbol>
      <symbol id="sm-d84">
         <name>memcpy</name>
         <value>0x17553</value>
         <object_component_ref idref="oc-39"/>
      </symbol>
      <symbol id="sm-d85">
         <name>__aeabi_memcpy</name>
         <value>0x17553</value>
         <object_component_ref idref="oc-39"/>
      </symbol>
      <symbol id="sm-d86">
         <name>__aeabi_memcpy8</name>
         <value>0x17553</value>
         <object_component_ref idref="oc-39"/>
      </symbol>
      <symbol id="sm-d87">
         <name>__aeabi_memcpy4</name>
         <value>0x17553</value>
         <object_component_ref idref="oc-39"/>
      </symbol>
      <symbol id="sm-d96">
         <name>__aeabi_memset</name>
         <value>0x17935</value>
         <object_component_ref idref="oc-52"/>
      </symbol>
      <symbol id="sm-d97">
         <name>memset</name>
         <value>0x1793b</value>
         <object_component_ref idref="oc-52"/>
      </symbol>
      <symbol id="sm-d98">
         <name>__aeabi_memset8</name>
         <value>0x17935</value>
         <object_component_ref idref="oc-52"/>
      </symbol>
      <symbol id="sm-d99">
         <name>__aeabi_memset4</name>
         <value>0x17935</value>
         <object_component_ref idref="oc-52"/>
      </symbol>
      <symbol id="sm-d9a">
         <name>__aeabi_memclr8</name>
         <value>0x17933</value>
         <object_component_ref idref="oc-52"/>
      </symbol>
      <symbol id="sm-d9b">
         <name>__aeabi_memclr4</name>
         <value>0x17933</value>
         <object_component_ref idref="oc-52"/>
      </symbol>
      <symbol id="sm-d9c">
         <name>__aeabi_memclr</name>
         <value>0x17933</value>
         <object_component_ref idref="oc-52"/>
      </symbol>
      <symbol id="sm-dcf">
         <name>mktime</name>
         <value>0x162b1</value>
         <object_component_ref idref="oc-1cc"/>
      </symbol>
      <symbol id="sm-dd9">
         <name>_system_pre_init</name>
         <value>0x185e5</value>
         <object_component_ref idref="oc-5e"/>
      </symbol>
      <symbol id="sm-df2">
         <name>sprintf</name>
         <value>0x17d41</value>
         <object_component_ref idref="oc-19f"/>
      </symbol>
      <symbol id="sm-dfa">
         <name>main_func_sp</name>
         <value>0x2000125c</value>
         <object_component_ref idref="oc-76"/>
      </symbol>
      <symbol id="sm-e0a">
         <name>_tz</name>
         <value>0x20001230</value>
         <object_component_ref idref="oc-324"/>
      </symbol>
      <symbol id="sm-e1d">
         <name>__aeabi_uidivmod</name>
         <value>0x180e1</value>
         <object_component_ref idref="oc-31c"/>
      </symbol>
      <symbol id="sm-e1e">
         <name>__aeabi_uidiv</name>
         <value>0x180e1</value>
         <object_component_ref idref="oc-31c"/>
      </symbol>
      <symbol id="sm-e2a">
         <name>__aeabi_ui2f</name>
         <value>0x1847b</value>
         <object_component_ref idref="oc-168"/>
      </symbol>
      <symbol id="sm-e43">
         <name>_nop</name>
         <value>0x18573</value>
         <object_component_ref idref="oc-26b"/>
      </symbol>
      <symbol id="sm-e44">
         <name>_lock</name>
         <value>0x20001240</value>
         <object_component_ref idref="oc-f9"/>
      </symbol>
      <symbol id="sm-e45">
         <name>_unlock</name>
         <value>0x20001244</value>
         <object_component_ref idref="oc-f9"/>
      </symbol>
      <symbol id="sm-e46">
         <name>_register_lock</name>
         <value>0x1856b</value>
         <object_component_ref idref="oc-26b"/>
      </symbol>
      <symbol id="sm-e47">
         <name>_register_unlock</name>
         <value>0x18565</value>
         <object_component_ref idref="oc-26b"/>
      </symbol>
      <symbol id="sm-f4c">
         <name>__TI_printfi</name>
         <value>0x13015</value>
         <object_component_ref idref="oc-2f3"/>
      </symbol>
      <symbol id="sm-f61">
         <name>_args_main</name>
         <value>0x1851d</value>
         <object_component_ref idref="oc-6a"/>
      </symbol>
      <symbol id="sm-f77">
         <name>atoi</name>
         <value>0x17e55</value>
         <object_component_ref idref="oc-419"/>
      </symbol>
      <symbol id="sm-f9d">
         <name>__TI_auto_init</name>
         <value>0x179ad</value>
         <object_component_ref idref="oc-64"/>
      </symbol>
      <symbol id="sm-fb7">
         <name>copy_in</name>
         <value>0x17ea1</value>
         <object_component_ref idref="oc-e9"/>
      </symbol>
      <symbol id="sm-fc2">
         <name>_ctypes_</name>
         <value>0xcd58</value>
         <object_component_ref idref="oc-4b4"/>
      </symbol>
      <symbol id="sm-fe6">
         <name>__aeabi_dsub</name>
         <value>0x16bdf</value>
         <object_component_ref idref="oc-3f6"/>
      </symbol>
      <symbol id="sm-fe7">
         <name>__aeabi_dadd</name>
         <value>0x16be9</value>
         <object_component_ref idref="oc-3f6"/>
      </symbol>
      <symbol id="sm-100e">
         <name>__aeabi_cdcmpeq</name>
         <value>0x177ad</value>
         <object_component_ref idref="oc-3d2"/>
      </symbol>
      <symbol id="sm-100f">
         <name>__aeabi_cdcmple</name>
         <value>0x177ad</value>
         <object_component_ref idref="oc-3d2"/>
      </symbol>
      <symbol id="sm-1010">
         <name>__aeabi_cdrcmple</name>
         <value>0x17833</value>
         <object_component_ref idref="oc-3e1"/>
      </symbol>
      <symbol id="sm-1030">
         <name>__aeabi_ddiv</name>
         <value>0x16d95</value>
         <object_component_ref idref="oc-3dc"/>
      </symbol>
      <symbol id="sm-1047">
         <name>__aeabi_dmul</name>
         <value>0x17109</value>
         <object_component_ref idref="oc-3d7"/>
      </symbol>
      <symbol id="sm-1055">
         <name>__aeabi_d2iz</name>
         <value>0x17f83</value>
         <object_component_ref idref="oc-3e6"/>
      </symbol>
      <symbol id="sm-1062">
         <name>frexp</name>
         <value>0x184c1</value>
         <object_component_ref idref="oc-3fb"/>
      </symbol>
      <symbol id="sm-106e">
         <name>__aeabi_i2d</name>
         <value>0x18355</value>
         <object_component_ref idref="oc-3f1"/>
      </symbol>
      <symbol id="sm-107f">
         <name>ldexp</name>
         <value>0x18057</value>
         <object_component_ref idref="oc-401"/>
      </symbol>
      <symbol id="sm-108e">
         <name>ltoa</name>
         <value>0x17dfd</value>
         <object_component_ref idref="oc-3eb"/>
      </symbol>
      <symbol id="sm-109e">
         <name>memccpy</name>
         <value>0x18501</value>
         <object_component_ref idref="oc-413"/>
      </symbol>
      <symbol id="sm-10ae">
         <name>strchr</name>
         <value>0x1854d</value>
         <object_component_ref idref="oc-407"/>
      </symbol>
      <symbol id="sm-10bc">
         <name>strlen</name>
         <value>0x18579</value>
         <object_component_ref idref="oc-3cc"/>
      </symbol>
      <symbol id="sm-10e6">
         <name>__aeabi_uldivmod</name>
         <value>0x169eb</value>
         <object_component_ref idref="oc-3c7"/>
      </symbol>
      <symbol id="sm-10f4">
         <name>_Dclass</name>
         <value>0x183db</value>
         <object_component_ref idref="oc-40d"/>
      </symbol>
      <symbol id="sm-1115">
         <name>_Dscale</name>
         <value>0x16ff9</value>
         <object_component_ref idref="oc-4a0"/>
      </symbol>
      <symbol id="sm-1129">
         <name>_Dunscale</name>
         <value>0x17bb7</value>
         <object_component_ref idref="oc-498"/>
      </symbol>
      <symbol id="sm-1138">
         <name>_Feraise</name>
         <value>0x18325</value>
         <object_component_ref idref="oc-4a6"/>
      </symbol>
      <symbol id="sm-1148">
         <name>_Rteps</name>
         <value>0x20001130</value>
         <object_component_ref idref="oc-4d5"/>
      </symbol>
      <symbol id="sm-1149">
         <name>_Zero</name>
         <value>0x20001148</value>
         <object_component_ref idref="oc-4d5"/>
      </symbol>
      <symbol id="sm-114a">
         <name>_Hugeval</name>
         <value>0x200010f0</value>
         <object_component_ref idref="oc-4d5"/>
      </symbol>
      <symbol id="sm-114b">
         <name>_Snan</name>
         <value>0x20001120</value>
         <object_component_ref idref="oc-4d5"/>
      </symbol>
      <symbol id="sm-114c">
         <name>_Nan</name>
         <value>0x20001110</value>
         <object_component_ref idref="oc-4d5"/>
      </symbol>
      <symbol id="sm-114d">
         <name>_Inf</name>
         <value>0x20001100</value>
         <object_component_ref idref="oc-4d5"/>
      </symbol>
      <symbol id="sm-114e">
         <name>_Xbig</name>
         <value>0x20001140</value>
         <object_component_ref idref="oc-4d5"/>
      </symbol>
      <symbol id="sm-114f">
         <name>_Eps</name>
         <value>0x200010e0</value>
         <object_component_ref idref="oc-4d5"/>
      </symbol>
      <symbol id="sm-1150">
         <name>_Denorm</name>
         <value>0x200010d0</value>
         <object_component_ref idref="oc-4d5"/>
      </symbol>
      <symbol id="sm-1158">
         <name>_Errno</name>
         <value>0x20001258</value>
         <object_component_ref idref="oc-4e0"/>
      </symbol>
      <symbol id="sm-1176">
         <name>feraiseexcept</name>
         <value>0x182bd</value>
         <object_component_ref idref="oc-4da"/>
      </symbol>
      <symbol id="sm-1177">
         <name>_Tls_setup__Fenv</name>
         <value>0x20001254</value>
         <object_component_ref idref="oc-508"/>
      </symbol>
      <symbol id="sm-1178">
         <name>_Fenv</name>
         <value>0x20001250</value>
         <object_component_ref idref="oc-508"/>
      </symbol>
      <symbol id="sm-118c">
         <name>raise</name>
         <value>0x18383</value>
         <object_component_ref idref="oc-502"/>
      </symbol>
      <symbol id="sm-11a6">
         <name>signal</name>
         <value>0x18125</value>
         <object_component_ref idref="oc-512"/>
      </symbol>
      <symbol id="sm-11bb">
         <name>_Dnorm</name>
         <value>0x17495</value>
         <object_component_ref idref="oc-4cb"/>
      </symbol>
      <symbol id="sm-11bc">
         <name>__TI_static_base__</name>
         <value>0x0</value>
      </symbol>
      <symbol id="sm-11c1">
         <name>SHT$$INIT_ARRAY$$Limit</name>
         <value>0x0</value>
      </symbol>
      <symbol id="sm-11c2">
         <name>SHT$$INIT_ARRAY$$Base</name>
         <value>0x0</value>
      </symbol>
   </symbol_table>
   <title>Link successful</title>
</link_info>
